{"message":"started app server at http://localhost:3000","level":"warn"}
{"message":"formed new connection to db","level":"info"}
{"message":"pulled property _id from documents of type project in db","level":"info"}
{"message":"pulled documents from database of type: project","level":"info"}
{"message":"pulled one document from db of type user","level":"info"}
{"message":"user m123123 entered homepage","level":"info"}
{"message":"pulled documents from database of type: project","level":"info"}
{"message":"user m123123 entered add project page","level":"info"}
{"message":"pulled documents from database of type: project","level":"info"}
{"message":"pulled documents from database of type: project","level":"info"}
{"message":"pulled documents from database of type: project","level":"info"}
{"message":"pulled documents from database of type: project","level":"info"}
{"message":"pulled documents from database of type: project","level":"info"}
{"message":"pulled documents from database of type: project","level":"info"}
{"message":"started app server at http://localhost:3000","level":"warn"}
{"message":"formed new connection to db","level":"info"}
{"message":"pulled property _id from documents of type project in db","level":"info"}
{"message":"pulled documents from database of type: project","level":"info"}
{"message":"pulled one document from db of type user","level":"info"}
{"message":"user m123123 entered homepage","level":"info"}
{"message":"pulled documents from database of type: project","level":"info"}
{"message":"user m123123 entered add project page","level":"info"}
{"message":"pulled documents from database of type: project","level":"info"}
{"message":"pulled documents from database of type: project","level":"info"}
{"message":"pulled documents from database of type: project","level":"info"}
{"message":"pulled documents from database of type: project","level":"info"}
{"message":"started app server at http://localhost:3000","level":"warn"}
{"message":"formed new connection to db","level":"info"}
{"message":"pulled property _id from documents of type project in db","level":"info"}
{"message":"pulled documents from database of type: project","level":"info"}
{"message":"pulled documents from database of type: project","level":"info"}
{"message":"pulled documents from database of type: project","level":"info"}
{"message":"pulled documents from database of type: project","level":"info"}
{"message":"pulled documents from database of type: project","level":"info"}
{"message":"pulled documents from database of type: project","level":"info"}
{"message":"pulled documents from database of type: project","level":"info"}
{"message":"pulled property _id from documents of type project in db","level":"info"}
{"message":"pulled documents from database of type: project","level":"info"}
{"message":"pulled property _id from documents of type project in db","level":"info"}
{"message":"pulled documents from database of type: project","level":"info"}
{"message":"pulled property _id from documents of type project in db","level":"info"}
{"message":"pulled documents from database of type: project","level":"info"}
{"message":"pulled property _id from documents of type project in db","level":"info"}
{"message":"pulled documents from database of type: project","level":"info"}
{"message":"pulled property _id from documents of type project in db","level":"info"}
{"message":"pulled documents from database of type: project","level":"info"}
{"message":"pulled property _id from documents of type project in db","level":"info"}
{"message":"pulled documents from database of type: project","level":"info"}
{"message":"pulled property _id from documents of type project in db","level":"info"}
{"message":"pulled documents from database of type: project","level":"info"}
{"message":"pulled property _id from documents of type project in db","level":"info"}
{"message":"pulled documents from database of type: project","level":"info"}
{"message":"pulled property _id from documents of type project in db","level":"info"}
{"message":"pulled documents from database of type: project","level":"info"}
{"message":"pulled property _id from documents of type project in db","level":"info"}
{"message":"pulled documents from database of type: project","level":"info"}
{"message":"pulled property _id from documents of type project in db","level":"info"}
{"message":"pulled documents from database of type: project","level":"info"}
{"message":"pulled property _id from documents of type project in db","level":"info"}
{"message":"pulled documents from database of type: project","level":"info"}
{"message":"pulled property _id from documents of type project in db","level":"info"}
{"message":"pulled documents from database of type: project","level":"info"}
{"message":"pulled property _id from documents of type project in db","level":"info"}
{"message":"pulled documents from database of type: project","level":"info"}
{"message":"pulled documents from database of type: project","level":"info"}
{"message":"pulled property _id from documents of type project in db","level":"info"}
{"message":"pulled documents from database of type: project","level":"info"}
{"message":"pulled property _id from documents of type project in db","level":"info"}
{"message":"pulled documents from database of type: project","level":"info"}
{"message":"pulled property _id from documents of type project in db","level":"info"}
{"message":"pulled documents from database of type: project","level":"info"}
{"message":"pulled property _id from documents of type project in db","level":"info"}
{"message":"pulled documents from database of type: project","level":"info"}
{"message":"pulled property _id from documents of type project in db","level":"info"}
{"message":"pulled documents from database of type: project","level":"info"}
{"message":"pulled property _id from documents of type project in db","level":"info"}
{"message":"pulled one document from db of type user","level":"info"}
{"message":"user m123123 entered homepage","level":"info"}
{"message":"user m123123 entered add project page","level":"info"}
{"message":"pulled documents from database of type: project","level":"info"}
{"message":"pulled property _id from documents of type project in db","level":"info"}
{"message":"started app server at http://localhost:3000","level":"warn"}
{"message":"formed new connection to db","level":"info"}
{"message":"pulled property _id from documents of type project in db","level":"info"}
{"message":"pulled documents from database of type: project","level":"info"}
{"message":"pulled documents from database of type: project","level":"info"}
{"message":"pulled one document from db of type user","level":"info"}
{"message":"user m123123 entered homepage","level":"info"}
{"message":"user m123123 entered add project page","level":"info"}
{"message":"pulled documents from database of type: project","level":"info"}
{"message":"started app server at http://localhost:3000","level":"warn"}
{"message":"formed new connection to db","level":"info"}
{"message":"pulled property _id from documents of type project in db","level":"info"}
{"message":"pulled documents from database of type: project","level":"info"}
{"message":"started app server at http://localhost:3000","level":"warn"}
{"message":"formed new connection to db","level":"info"}
{"message":"pulled property _id from documents of type project in db","level":"info"}
{"message":"pulled documents from database of type: project","level":"info"}
{"message":"pulled documents from database of type: project","level":"info"}
{"message":"pulled documents from database of type: project","level":"info"}
{"message":"pulled documents from database of type: project","level":"info"}
{"message":"pulled documents from database of type: project","level":"info"}
{"message":"pulled documents from database of type: project","level":"info"}
{"message":"pulled documents from database of type: project","level":"info"}
{"message":"pulled property _id from documents of type project in db","level":"info"}
{"message":"pulled documents from database of type: project","level":"info"}
{"message":"pulled property _id from documents of type project in db","level":"info"}
{"message":"pulled documents from database of type: project","level":"info"}
{"message":"pulled property _id from documents of type project in db","level":"info"}
{"message":"pulled documents from database of type: project","level":"info"}
{"message":"pulled one document from db of type user","level":"info"}
{"message":"user m123123 entered homepage","level":"info"}
{"message":"pulled documents from database of type: project","level":"info"}
{"message":"user m123123 entered add project page","level":"info"}
{"message":"pulled property _id from documents of type project in db","level":"info"}
{"message":"pulled documents from database of type: project","level":"info"}
{"message":"pulled property _id from documents of type project in db","level":"info"}
{"message":"pulled documents from database of type: project","level":"info"}
{"message":"pulled property _id from documents of type project in db","level":"info"}
{"message":"pulled documents from database of type: project","level":"info"}
{"message":"pulled property _id from documents of type project in db","level":"info"}
{"message":"pulled documents from database of type: project","level":"info"}
{"message":"pulled property _id from documents of type project in db","level":"info"}
{"message":"pulled documents from database of type: project","level":"info"}
{"message":"pulled property _id from documents of type project in db","level":"info"}
{"message":"pulled documents from database of type: project","level":"info"}
{"message":"pulled property _id from documents of type project in db","level":"info"}
{"message":"pulled documents from database of type: project","level":"info"}
{"message":"pulled property _id from documents of type project in db","level":"info"}
{"message":"pulled documents from database of type: project","level":"info"}
{"message":"pulled property _id from documents of type project in db","level":"info"}
{"message":"pulled documents from database of type: project","level":"info"}
{"message":"pulled property _id from documents of type project in db","level":"info"}
{"message":"pulled documents from database of type: project","level":"info"}
{"message":"pulled property _id from documents of type project in db","level":"info"}
{"message":"pulled documents from database of type: project","level":"info"}
{"message":"pulled property _id from documents of type project in db","level":"info"}
{"message":"pulled documents from database of type: project","level":"info"}
{"message":"pulled property _id from documents of type project in db","level":"info"}
{"message":"pulled documents from database of type: project","level":"info"}
{"message":"pulled property _id from documents of type project in db","level":"info"}
{"message":"pulled documents from database of type: project","level":"info"}
{"message":"pulled property _id from documents of type project in db","level":"info"}
{"message":"pulled documents from database of type: project","level":"info"}
{"message":"pulled property _id from documents of type project in db","level":"info"}
{"message":"pulled documents from database of type: project","level":"info"}
{"message":"pulled property _id from documents of type project in db","level":"info"}
{"message":"pulled documents from database of type: project","level":"info"}
{"message":"pulled property _id from documents of type project in db","level":"info"}
{"message":"pulled documents from database of type: project","level":"info"}
{"message":"pulled property _id from documents of type project in db","level":"info"}
{"message":"pulled documents from database of type: project","level":"info"}
{"message":"pulled property _id from documents of type project in db","level":"info"}
{"message":"pulled documents from database of type: project","level":"info"}
{"message":"pulled property _id from documents of type project in db","level":"info"}
{"message":"pulled documents from database of type: project","level":"info"}
{"message":"pulled property _id from documents of type project in db","level":"info"}
{"message":"pulled documents from database of type: project","level":"info"}
{"message":"started app server at http://localhost:3000","level":"warn"}
{"message":"formed new connection to db","level":"info"}
{"message":"pulled property _id from documents of type project in db","level":"info"}
{"message":"pulled documents from database of type: project","level":"info"}
{"message":"pulled one document from db of type user","level":"info"}
{"message":"user m123123 entered homepage","level":"info"}
{"message":"pulled documents from database of type: project","level":"info"}
{"message":"user m123123 entered add project page","level":"info"}
{"message":"pulled documents from database of type: project","level":"info"}
{"message":"pulled documents from database of type: project","level":"info"}
{"message":"pulled documents from database of type: project","level":"info"}
{"message":"pulled documents from database of type: project","level":"info"}
{"message":"pulled documents from database of type: project","level":"info"}
{"message":"pulled property _id from documents of type project in db","level":"info"}
{"message":"pulled documents from database of type: project","level":"info"}
{"message":"pulled documents from database of type: project","level":"info"}
{"message":"pulled property _id from documents of type project in db","level":"info"}
{"message":"pulled documents from database of type: project","level":"info"}
{"message":"pulled property _id from documents of type project in db","level":"info"}
{"message":"pulled property _id from documents of type project in db","level":"info"}
{"message":"pulled documents from database of type: project","level":"info"}
{"message":"pulled property _id from documents of type project in db","level":"info"}
{"message":"pulled documents from database of type: project","level":"info"}
{"message":"pulled documents from database of type: project","level":"info"}
{"message":"pulled property _id from documents of type project in db","level":"info"}
{"message":"pulled documents from database of type: project","level":"info"}
{"message":"pulled property _id from documents of type project in db","level":"info"}
{"message":"pulled documents from database of type: project","level":"info"}
{"message":"pulled property _id from documents of type project in db","level":"info"}
{"message":"pulled documents from database of type: project","level":"info"}
{"message":"pulled property _id from documents of type project in db","level":"info"}
{"message":"pulled documents from database of type: project","level":"info"}
{"message":"pulled property _id from documents of type project in db","level":"info"}
{"message":"pulled property _id from documents of type project in db","level":"info"}
{"message":"pulled documents from database of type: project","level":"info"}
{"message":"pulled property _id from documents of type project in db","level":"info"}
{"message":"pulled documents from database of type: project","level":"info"}
{"message":"pulled documents from database of type: project","level":"info"}
{"message":"pulled property _id from documents of type project in db","level":"info"}
{"message":"pulled documents from database of type: project","level":"info"}
{"message":"pulled property _id from documents of type project in db","level":"info"}
{"message":"pulled property _id from documents of type project in db","level":"info"}
{"message":"pulled documents from database of type: project","level":"info"}
{"message":"pulled property _id from documents of type project in db","level":"info"}
{"message":"pulled documents from database of type: project","level":"info"}
{"message":"pulled documents from database of type: project","level":"info"}
{"message":"pulled property _id from documents of type project in db","level":"info"}
{"message":"pulled documents from database of type: project","level":"info"}
{"message":"pulled property _id from documents of type project in db","level":"info"}
{"message":"pulled documents from database of type: project","level":"info"}
{"message":"pulled property _id from documents of type project in db","level":"info"}
{"message":"pulled documents from database of type: project","level":"info"}
{"message":"pulled property _id from documents of type project in db","level":"info"}
{"message":"pulled property _id from documents of type project in db","level":"info"}
{"message":"pulled documents from database of type: project","level":"info"}
{"message":"pulled documents from database of type: project","level":"info"}
{"message":"pulled property _id from documents of type project in db","level":"info"}
{"message":"pulled documents from database of type: project","level":"info"}
{"message":"pulled property _id from documents of type project in db","level":"info"}
{"message":"pulled property _id from documents of type project in db","level":"info"}
{"message":"pulled documents from database of type: project","level":"info"}
{"message":"pulled property _id from documents of type project in db","level":"info"}
{"message":"pulled documents from database of type: project","level":"info"}
{"message":"pulled documents from database of type: project","level":"info"}
{"message":"pulled property _id from documents of type project in db","level":"info"}
{"message":"pulled property _id from documents of type project in db","level":"info"}
{"message":"pulled documents from database of type: project","level":"info"}
{"message":"pulled documents from database of type: project","level":"info"}
{"message":"pulled property _id from documents of type project in db","level":"info"}
{"message":"pulled property _id from documents of type project in db","level":"info"}
{"message":"pulled documents from database of type: project","level":"info"}
{"message":"pulled property _id from documents of type project in db","level":"info"}
{"message":"pulled documents from database of type: project","level":"info"}
{"message":"pulled property _id from documents of type project in db","level":"info"}
{"message":"pulled documents from database of type: project","level":"info"}
{"message":"pulled property _id from documents of type project in db","level":"info"}
{"message":"pulled documents from database of type: project","level":"info"}
{"message":"pulled property _id from documents of type project in db","level":"info"}
{"message":"pulled documents from database of type: project","level":"info"}
{"message":"pulled property _id from documents of type project in db","level":"info"}
{"message":"pulled documents from database of type: project","level":"info"}
{"message":"pulled property _id from documents of type project in db","level":"info"}
{"message":"pulled documents from database of type: project","level":"info"}
{"message":"pulled documents from database of type: project","level":"info"}
{"message":"pulled property _id from documents of type project in db","level":"info"}
{"message":"pulled documents from database of type: project","level":"info"}
{"message":"pulled property _id from documents of type project in db","level":"info"}
{"message":"pulled property _id from documents of type project in db","level":"info"}
{"message":"pulled documents from database of type: project","level":"info"}
{"message":"pulled property _id from documents of type project in db","level":"info"}
{"message":"pulled documents from database of type: project","level":"info"}
{"message":"pulled documents from database of type: project","level":"info"}
{"message":"pulled property _id from documents of type project in db","level":"info"}
{"message":"pulled property _id from documents of type project in db","level":"info"}
{"message":"pulled documents from database of type: project","level":"info"}
{"message":"pulled property _id from documents of type project in db","level":"info"}
{"message":"pulled documents from database of type: project","level":"info"}
{"message":"pulled property _id from documents of type project in db","level":"info"}
{"message":"pulled documents from database of type: project","level":"info"}
{"message":"pulled property _id from documents of type project in db","level":"info"}
{"message":"pulled documents from database of type: project","level":"info"}
{"message":"pulled property _id from documents of type project in db","level":"info"}
{"message":"pulled documents from database of type: project","level":"info"}
{"message":"pulled property _id from documents of type project in db","level":"info"}
{"message":"pulled documents from database of type: project","level":"info"}
{"message":"pulled property _id from documents of type project in db","level":"info"}
{"message":"pulled documents from database of type: project","level":"info"}
{"message":"pulled documents from database of type: project","level":"info"}
{"message":"pulled property _id from documents of type project in db","level":"info"}
{"message":"pulled documents from database of type: project","level":"info"}
{"message":"pulled property _id from documents of type project in db","level":"info"}
{"message":"pulled documents from database of type: project","level":"info"}
{"message":"pulled property _id from documents of type project in db","level":"info"}
{"message":"pulled documents from database of type: project","level":"info"}
{"message":"pulled property _id from documents of type project in db","level":"info"}
{"message":"pulled documents from database of type: project","level":"info"}
{"message":"pulled property _id from documents of type project in db","level":"info"}
{"message":"pulled documents from database of type: project","level":"info"}
{"message":"pulled property _id from documents of type project in db","level":"info"}
{"message":"pulled documents from database of type: project","level":"info"}
{"message":"pulled property _id from documents of type project in db","level":"info"}
{"message":"pulled documents from database of type: project","level":"info"}
{"message":"pulled property _id from documents of type project in db","level":"info"}
{"message":"pulled documents from database of type: project","level":"info"}
{"message":"pulled property _id from documents of type project in db","level":"info"}
{"message":"pulled documents from database of type: project","level":"info"}
{"message":"pulled property _id from documents of type project in db","level":"info"}
{"message":"pulled documents from database of type: project","level":"info"}
{"message":"pulled property _id from documents of type project in db","level":"info"}
{"message":"pulled property _id from documents of type project in db","level":"info"}
{"message":"pulled documents from database of type: project","level":"info"}
{"message":"pulled property _id from documents of type project in db","level":"info"}
{"message":"pulled documents from database of type: project","level":"info"}
{"message":"pulled documents from database of type: project","level":"info"}
{"message":"pulled property _id from documents of type project in db","level":"info"}
{"message":"pulled property _id from documents of type project in db","level":"info"}
{"message":"pulled documents from database of type: project","level":"info"}
{"message":"pulled property _id from documents of type project in db","level":"info"}
{"message":"pulled documents from database of type: project","level":"info"}
{"message":"pulled property _id from documents of type project in db","level":"info"}
{"message":"pulled documents from database of type: project","level":"info"}
{"message":"pulled property _id from documents of type project in db","level":"info"}
{"message":"pulled documents from database of type: project","level":"info"}
{"message":"pulled property _id from documents of type project in db","level":"info"}
{"message":"pulled documents from database of type: project","level":"info"}
{"message":"pulled property _id from documents of type project in db","level":"info"}
{"message":"pulled documents from database of type: project","level":"info"}
{"message":"pulled property _id from documents of type project in db","level":"info"}
{"message":"pulled documents from database of type: project","level":"info"}
{"message":"pulled property _id from documents of type project in db","level":"info"}
{"message":"pulled documents from database of type: project","level":"info"}
{"message":"pulled property _id from documents of type project in db","level":"info"}
{"message":"pulled documents from database of type: project","level":"info"}
{"message":"pulled property _id from documents of type project in db","level":"info"}
{"message":"pulled documents from database of type: project","level":"info"}
{"message":"pulled documents from database of type: project","level":"info"}
{"message":"pulled property _id from documents of type project in db","level":"info"}
{"message":"pulled documents from database of type: project","level":"info"}
{"message":"pulled property _id from documents of type project in db","level":"info"}
{"message":"pulled documents from database of type: project","level":"info"}
{"message":"pulled property _id from documents of type project in db","level":"info"}
{"message":"pulled documents from database of type: project","level":"info"}
{"message":"pulled property _id from documents of type project in db","level":"info"}
{"message":"pulled documents from database of type: project","level":"info"}
{"message":"pulled property _id from documents of type project in db","level":"info"}
{"message":"pulled property _id from documents of type project in db","level":"info"}
{"message":"pulled documents from database of type: project","level":"info"}
{"message":"pulled property _id from documents of type project in db","level":"info"}
{"message":"pulled documents from database of type: project","level":"info"}
{"message":"pulled documents from database of type: project","level":"info"}
{"message":"pulled property _id from documents of type project in db","level":"info"}
{"message":"pulled property _id from documents of type project in db","level":"info"}
{"message":"pulled documents from database of type: project","level":"info"}
{"message":"pulled documents from database of type: project","level":"info"}
{"message":"pulled property _id from documents of type project in db","level":"info"}
{"message":"pulled documents from database of type: project","level":"info"}
{"message":"pulled property _id from documents of type project in db","level":"info"}
{"message":"pulled property _id from documents of type project in db","level":"info"}
{"message":"pulled documents from database of type: project","level":"info"}
{"message":"pulled property _id from documents of type project in db","level":"info"}
{"message":"pulled documents from database of type: project","level":"info"}
{"message":"pulled documents from database of type: project","level":"info"}
{"message":"pulled property _id from documents of type project in db","level":"info"}
{"message":"pulled documents from database of type: project","level":"info"}
{"message":"pulled property _id from documents of type project in db","level":"info"}
{"message":"pulled property _id from documents of type project in db","level":"info"}
{"message":"pulled documents from database of type: project","level":"info"}
{"message":"pulled property _id from documents of type project in db","level":"info"}
{"message":"pulled documents from database of type: project","level":"info"}
{"message":"pulled documents from database of type: project","level":"info"}
{"message":"pulled property _id from documents of type project in db","level":"info"}
{"message":"pulled documents from database of type: project","level":"info"}
{"message":"pulled property _id from documents of type project in db","level":"info"}
{"message":"pulled documents from database of type: project","level":"info"}
{"message":"pulled property _id from documents of type project in db","level":"info"}
{"message":"pulled documents from database of type: project","level":"info"}
{"message":"pulled property _id from documents of type project in db","level":"info"}
{"message":"pulled property _id from documents of type project in db","level":"info"}
{"message":"pulled documents from database of type: project","level":"info"}
{"message":"pulled documents from database of type: project","level":"info"}
{"message":"pulled property _id from documents of type project in db","level":"info"}
{"message":"pulled documents from database of type: project","level":"info"}
{"message":"pulled property _id from documents of type project in db","level":"info"}
{"message":"pulled documents from database of type: project","level":"info"}
{"message":"pulled property _id from documents of type project in db","level":"info"}
{"message":"pulled documents from database of type: project","level":"info"}
{"message":"pulled property _id from documents of type project in db","level":"info"}
{"message":"pulled property _id from documents of type project in db","level":"info"}
{"message":"pulled documents from database of type: project","level":"info"}
{"message":"pulled documents from database of type: project","level":"info"}
{"message":"pulled property _id from documents of type project in db","level":"info"}
{"message":"pulled documents from database of type: project","level":"info"}
{"message":"pulled property _id from documents of type project in db","level":"info"}
{"message":"pulled property _id from documents of type project in db","level":"info"}
{"message":"pulled documents from database of type: project","level":"info"}
{"message":"pulled property _id from documents of type project in db","level":"info"}
{"message":"pulled documents from database of type: project","level":"info"}
{"message":"pulled documents from database of type: project","level":"info"}
{"message":"pulled property _id from documents of type project in db","level":"info"}
{"message":"pulled documents from database of type: project","level":"info"}
{"message":"pulled property _id from documents of type project in db","level":"info"}
{"message":"pulled documents from database of type: project","level":"info"}
{"message":"pulled property _id from documents of type project in db","level":"info"}
{"message":"pulled documents from database of type: project","level":"info"}
{"message":"pulled property _id from documents of type project in db","level":"info"}
{"message":"pulled documents from database of type: project","level":"info"}
{"message":"pulled property _id from documents of type project in db","level":"info"}
{"message":"pulled documents from database of type: project","level":"info"}
{"message":"pulled property _id from documents of type project in db","level":"info"}
{"message":"pulled documents from database of type: project","level":"info"}
{"message":"pulled property _id from documents of type project in db","level":"info"}
{"message":"pulled property _id from documents of type project in db","level":"info"}
{"message":"pulled documents from database of type: project","level":"info"}
{"message":"pulled property _id from documents of type project in db","level":"info"}
{"message":"pulled documents from database of type: project","level":"info"}
{"message":"pulled property _id from documents of type project in db","level":"info"}
{"message":"pulled documents from database of type: project","level":"info"}
{"message":"pulled property _id from documents of type project in db","level":"info"}
{"message":"pulled documents from database of type: project","level":"info"}
{"message":"pulled documents from database of type: project","level":"info"}
{"message":"pulled property _id from documents of type project in db","level":"info"}
{"message":"pulled documents from database of type: project","level":"info"}
{"message":"pulled property _id from documents of type project in db","level":"info"}
{"message":"pulled documents from database of type: project","level":"info"}
{"message":"pulled property _id from documents of type project in db","level":"info"}
{"message":"pulled documents from database of type: project","level":"info"}
{"message":"pulled property _id from documents of type project in db","level":"info"}
{"message":"pulled documents from database of type: project","level":"info"}
{"message":"pulled property _id from documents of type project in db","level":"info"}
{"message":"pulled property _id from documents of type project in db","level":"info"}
{"message":"pulled documents from database of type: project","level":"info"}
{"message":"pulled property _id from documents of type project in db","level":"info"}
{"message":"pulled documents from database of type: project","level":"info"}
{"message":"pulled property _id from documents of type project in db","level":"info"}
{"message":"pulled documents from database of type: project","level":"info"}
{"message":"pulled property _id from documents of type project in db","level":"info"}
{"message":"pulled documents from database of type: project","level":"info"}
{"message":"pulled property _id from documents of type project in db","level":"info"}
{"message":"pulled documents from database of type: project","level":"info"}
{"message":"pulled property _id from documents of type project in db","level":"info"}
{"message":"pulled documents from database of type: project","level":"info"}
{"message":"pulled property _id from documents of type project in db","level":"info"}
{"message":"pulled documents from database of type: project","level":"info"}
{"message":"pulled property _id from documents of type project in db","level":"info"}
{"message":"pulled documents from database of type: project","level":"info"}
{"message":"pulled documents from database of type: project","level":"info"}
{"message":"pulled property _id from documents of type project in db","level":"info"}
{"message":"pulled documents from database of type: project","level":"info"}
{"message":"pulled property _id from documents of type project in db","level":"info"}
{"message":"pulled documents from database of type: project","level":"info"}
{"message":"pulled property _id from documents of type project in db","level":"info"}
{"message":"pulled documents from database of type: project","level":"info"}
{"message":"pulled property _id from documents of type project in db","level":"info"}
{"message":"pulled documents from database of type: project","level":"info"}
{"message":"pulled property _id from documents of type project in db","level":"info"}
{"message":"pulled documents from database of type: project","level":"info"}
{"message":"pulled property _id from documents of type project in db","level":"info"}
{"message":"pulled documents from database of type: project","level":"info"}
{"message":"pulled property _id from documents of type project in db","level":"info"}
{"message":"pulled documents from database of type: project","level":"info"}
{"message":"pulled property _id from documents of type project in db","level":"info"}
{"message":"pulled property _id from documents of type project in db","level":"info"}
{"message":"pulled documents from database of type: project","level":"info"}
{"message":"pulled property _id from documents of type project in db","level":"info"}
{"message":"pulled documents from database of type: project","level":"info"}
{"message":"pulled documents from database of type: project","level":"info"}
{"message":"pulled property _id from documents of type project in db","level":"info"}
{"message":"pulled documents from database of type: project","level":"info"}
{"message":"pulled property _id from documents of type project in db","level":"info"}
{"message":"pulled property _id from documents of type project in db","level":"info"}
{"message":"pulled documents from database of type: project","level":"info"}
{"message":"pulled property _id from documents of type project in db","level":"info"}
{"message":"pulled documents from database of type: project","level":"info"}
{"message":"pulled documents from database of type: project","level":"info"}
{"message":"pulled property _id from documents of type project in db","level":"info"}
{"message":"pulled documents from database of type: project","level":"info"}
{"message":"pulled property _id from documents of type project in db","level":"info"}
{"message":"pulled property _id from documents of type project in db","level":"info"}
{"message":"pulled documents from database of type: project","level":"info"}
{"message":"pulled property _id from documents of type project in db","level":"info"}
{"message":"pulled documents from database of type: project","level":"info"}
{"message":"pulled documents from database of type: project","level":"info"}
{"message":"pulled property _id from documents of type project in db","level":"info"}
{"message":"pulled property _id from documents of type project in db","level":"info"}
{"message":"pulled documents from database of type: project","level":"info"}
{"message":"pulled property _id from documents of type project in db","level":"info"}
{"message":"pulled documents from database of type: project","level":"info"}
{"message":"pulled property _id from documents of type project in db","level":"info"}
{"message":"pulled documents from database of type: project","level":"info"}
{"message":"pulled property _id from documents of type project in db","level":"info"}
{"message":"pulled documents from database of type: project","level":"info"}
{"message":"pulled documents from database of type: project","level":"info"}
{"message":"pulled property _id from documents of type project in db","level":"info"}
{"message":"pulled documents from database of type: project","level":"info"}
{"message":"pulled property _id from documents of type project in db","level":"info"}
{"message":"pulled property _id from documents of type project in db","level":"info"}
{"message":"pulled documents from database of type: project","level":"info"}
{"message":"pulled property _id from documents of type project in db","level":"info"}
{"message":"pulled documents from database of type: project","level":"info"}
{"message":"pulled documents from database of type: project","level":"info"}
{"message":"pulled property _id from documents of type project in db","level":"info"}
{"message":"pulled property _id from documents of type project in db","level":"info"}
{"message":"pulled documents from database of type: project","level":"info"}
{"message":"pulled documents from database of type: project","level":"info"}
{"message":"pulled property _id from documents of type project in db","level":"info"}
{"message":"pulled documents from database of type: project","level":"info"}
{"message":"pulled property _id from documents of type project in db","level":"info"}
{"message":"pulled documents from database of type: project","level":"info"}
{"message":"pulled property _id from documents of type project in db","level":"info"}
{"message":"pulled documents from database of type: project","level":"info"}
{"message":"pulled property _id from documents of type project in db","level":"info"}
{"message":"pulled property _id from documents of type project in db","level":"info"}
{"message":"pulled documents from database of type: project","level":"info"}
{"message":"pulled property _id from documents of type project in db","level":"info"}
{"message":"pulled documents from database of type: project","level":"info"}
{"message":"pulled property _id from documents of type project in db","level":"info"}
{"message":"pulled documents from database of type: project","level":"info"}
{"message":"pulled property _id from documents of type project in db","level":"info"}
{"message":"pulled documents from database of type: project","level":"info"}
{"message":"pulled property _id from documents of type project in db","level":"info"}
{"message":"pulled documents from database of type: project","level":"info"}
{"message":"pulled property _id from documents of type project in db","level":"info"}
{"message":"pulled documents from database of type: project","level":"info"}
{"message":"pulled property _id from documents of type project in db","level":"info"}
{"message":"pulled documents from database of type: project","level":"info"}
{"message":"pulled documents from database of type: project","level":"info"}
{"message":"pulled property _id from documents of type project in db","level":"info"}
{"message":"pulled documents from database of type: project","level":"info"}
{"message":"pulled property _id from documents of type project in db","level":"info"}
{"message":"pulled property _id from documents of type project in db","level":"info"}
{"message":"pulled documents from database of type: project","level":"info"}
{"message":"pulled property _id from documents of type project in db","level":"info"}
{"message":"pulled documents from database of type: project","level":"info"}
{"message":"pulled property _id from documents of type project in db","level":"info"}
{"message":"pulled documents from database of type: project","level":"info"}
{"message":"pulled property _id from documents of type project in db","level":"info"}
{"message":"pulled documents from database of type: project","level":"info"}
{"message":"pulled property _id from documents of type project in db","level":"info"}
{"message":"pulled documents from database of type: project","level":"info"}
{"message":"pulled property _id from documents of type project in db","level":"info"}
{"message":"pulled documents from database of type: project","level":"info"}
{"message":"pulled property _id from documents of type project in db","level":"info"}
{"message":"pulled documents from database of type: project","level":"info"}
{"message":"pulled property _id from documents of type project in db","level":"info"}
{"message":"pulled documents from database of type: project","level":"info"}
{"message":"pulled property _id from documents of type project in db","level":"info"}
{"message":"pulled documents from database of type: project","level":"info"}
{"message":"pulled property _id from documents of type project in db","level":"info"}
{"message":"pulled documents from database of type: project","level":"info"}
{"message":"pulled property _id from documents of type project in db","level":"info"}
{"message":"pulled documents from database of type: project","level":"info"}
{"message":"pulled property _id from documents of type project in db","level":"info"}
{"message":"pulled documents from database of type: project","level":"info"}
{"message":"pulled property _id from documents of type project in db","level":"info"}
{"message":"pulled documents from database of type: project","level":"info"}
{"message":"pulled property _id from documents of type project in db","level":"info"}
{"message":"pulled documents from database of type: project","level":"info"}
{"message":"pulled documents from database of type: project","level":"info"}
{"message":"pulled property _id from documents of type project in db","level":"info"}
{"message":"pulled documents from database of type: project","level":"info"}
{"message":"pulled property _id from documents of type project in db","level":"info"}
{"message":"pulled property _id from documents of type project in db","level":"info"}
{"message":"pulled documents from database of type: project","level":"info"}
{"message":"pulled property _id from documents of type project in db","level":"info"}
{"message":"pulled documents from database of type: project","level":"info"}
{"message":"pulled property _id from documents of type project in db","level":"info"}
{"message":"pulled documents from database of type: project","level":"info"}
{"message":"pulled property _id from documents of type project in db","level":"info"}
{"message":"pulled documents from database of type: project","level":"info"}
{"message":"pulled property _id from documents of type project in db","level":"info"}
{"message":"pulled documents from database of type: project","level":"info"}
{"message":"pulled property _id from documents of type project in db","level":"info"}
{"message":"pulled documents from database of type: project","level":"info"}
{"message":"pulled property _id from documents of type project in db","level":"info"}
{"message":"pulled documents from database of type: project","level":"info"}
{"message":"pulled property _id from documents of type project in db","level":"info"}
{"message":"pulled documents from database of type: project","level":"info"}
{"message":"pulled property _id from documents of type project in db","level":"info"}
{"message":"pulled documents from database of type: project","level":"info"}
{"message":"pulled property _id from documents of type project in db","level":"info"}
{"message":"pulled documents from database of type: project","level":"info"}
{"message":"pulled property _id from documents of type project in db","level":"info"}
{"message":"pulled documents from database of type: project","level":"info"}
{"message":"pulled documents from database of type: project","level":"info"}
{"message":"pulled property _id from documents of type project in db","level":"info"}
{"message":"pulled documents from database of type: project","level":"info"}
{"message":"pulled property _id from documents of type project in db","level":"info"}
{"message":"pulled documents from database of type: project","level":"info"}
{"message":"pulled property _id from documents of type project in db","level":"info"}
{"message":"pulled documents from database of type: project","level":"info"}
{"message":"pulled property _id from documents of type project in db","level":"info"}
{"message":"pulled documents from database of type: project","level":"info"}
{"message":"pulled property _id from documents of type project in db","level":"info"}
{"message":"pulled property _id from documents of type project in db","level":"info"}
{"message":"pulled documents from database of type: project","level":"info"}
{"message":"pulled property _id from documents of type project in db","level":"info"}
{"message":"pulled documents from database of type: project","level":"info"}
{"message":"pulled documents from database of type: project","level":"info"}
{"message":"pulled property _id from documents of type project in db","level":"info"}
{"message":"pulled property _id from documents of type project in db","level":"info"}
{"message":"pulled documents from database of type: project","level":"info"}
{"message":"pulled property _id from documents of type project in db","level":"info"}
{"message":"pulled documents from database of type: project","level":"info"}
{"message":"pulled property _id from documents of type project in db","level":"info"}
{"message":"pulled documents from database of type: project","level":"info"}
{"message":"pulled property _id from documents of type project in db","level":"info"}
{"message":"pulled documents from database of type: project","level":"info"}
{"message":"pulled documents from database of type: project","level":"info"}
{"message":"pulled property _id from documents of type project in db","level":"info"}
{"message":"pulled documents from database of type: project","level":"info"}
{"message":"pulled property _id from documents of type project in db","level":"info"}
{"message":"pulled property _id from documents of type project in db","level":"info"}
{"message":"pulled documents from database of type: project","level":"info"}
{"message":"pulled property _id from documents of type project in db","level":"info"}
{"message":"pulled documents from database of type: project","level":"info"}
{"message":"pulled property _id from documents of type project in db","level":"info"}
{"message":"pulled documents from database of type: project","level":"info"}
{"message":"pulled property _id from documents of type project in db","level":"info"}
{"message":"pulled documents from database of type: project","level":"info"}
{"message":"pulled property _id from documents of type project in db","level":"info"}
{"message":"pulled documents from database of type: project","level":"info"}
{"message":"pulled property _id from documents of type project in db","level":"info"}
{"message":"pulled documents from database of type: project","level":"info"}
{"message":"pulled property _id from documents of type project in db","level":"info"}
{"message":"pulled documents from database of type: project","level":"info"}
{"message":"pulled property _id from documents of type project in db","level":"info"}
{"message":"pulled documents from database of type: project","level":"info"}
{"message":"pulled documents from database of type: project","level":"info"}
{"message":"pulled property _id from documents of type project in db","level":"info"}
{"message":"pulled documents from database of type: project","level":"info"}
{"message":"pulled property _id from documents of type project in db","level":"info"}
{"message":"pulled documents from database of type: project","level":"info"}
{"message":"pulled property _id from documents of type project in db","level":"info"}
{"message":"pulled documents from database of type: project","level":"info"}
{"message":"pulled property _id from documents of type project in db","level":"info"}
{"message":"pulled documents from database of type: project","level":"info"}
{"message":"pulled property _id from documents of type project in db","level":"info"}
{"message":"pulled documents from database of type: project","level":"info"}
{"message":"pulled property _id from documents of type project in db","level":"info"}
{"message":"pulled documents from database of type: project","level":"info"}
{"message":"pulled property _id from documents of type project in db","level":"info"}
{"message":"pulled documents from database of type: project","level":"info"}
{"message":"pulled property _id from documents of type project in db","level":"info"}
{"message":"pulled property _id from documents of type project in db","level":"info"}
{"message":"pulled documents from database of type: project","level":"info"}
{"message":"pulled property _id from documents of type project in db","level":"info"}
{"message":"pulled documents from database of type: project","level":"info"}
{"message":"pulled documents from database of type: project","level":"info"}
{"message":"pulled property _id from documents of type project in db","level":"info"}
{"message":"pulled documents from database of type: project","level":"info"}
{"message":"pulled property _id from documents of type project in db","level":"info"}
{"message":"pulled property _id from documents of type project in db","level":"info"}
{"message":"pulled documents from database of type: project","level":"info"}
{"message":"pulled property _id from documents of type project in db","level":"info"}
{"message":"pulled documents from database of type: project","level":"info"}
{"message":"pulled property _id from documents of type project in db","level":"info"}
{"message":"pulled documents from database of type: project","level":"info"}
{"message":"pulled property _id from documents of type project in db","level":"info"}
{"message":"pulled documents from database of type: project","level":"info"}
{"message":"pulled property _id from documents of type project in db","level":"info"}
{"message":"pulled documents from database of type: project","level":"info"}
{"message":"pulled documents from database of type: project","level":"info"}
{"message":"pulled property _id from documents of type project in db","level":"info"}
{"message":"pulled documents from database of type: project","level":"info"}
{"message":"pulled property _id from documents of type project in db","level":"info"}
{"message":"pulled property _id from documents of type project in db","level":"info"}
{"message":"pulled documents from database of type: project","level":"info"}
{"message":"pulled property _id from documents of type project in db","level":"info"}
{"message":"pulled documents from database of type: project","level":"info"}
{"message":"pulled property _id from documents of type project in db","level":"info"}
{"message":"pulled documents from database of type: project","level":"info"}
{"message":"pulled property _id from documents of type project in db","level":"info"}
{"message":"pulled documents from database of type: project","level":"info"}
{"message":"pulled documents from database of type: project","level":"info"}
{"message":"pulled property _id from documents of type project in db","level":"info"}
{"message":"pulled property _id from documents of type project in db","level":"info"}
{"message":"pulled documents from database of type: project","level":"info"}
{"message":"pulled property _id from documents of type project in db","level":"info"}
{"message":"pulled documents from database of type: project","level":"info"}
{"message":"pulled property _id from documents of type project in db","level":"info"}
{"message":"pulled documents from database of type: project","level":"info"}
{"message":"pulled property _id from documents of type project in db","level":"info"}
{"message":"pulled documents from database of type: project","level":"info"}
{"message":"pulled property _id from documents of type project in db","level":"info"}
{"message":"pulled documents from database of type: project","level":"info"}
{"message":"pulled documents from database of type: project","level":"info"}
{"message":"pulled property _id from documents of type project in db","level":"info"}
{"message":"pulled documents from database of type: project","level":"info"}
{"message":"pulled property _id from documents of type project in db","level":"info"}
{"message":"pulled documents from database of type: project","level":"info"}
{"message":"pulled property _id from documents of type project in db","level":"info"}
{"message":"pulled documents from database of type: project","level":"info"}
{"message":"pulled property _id from documents of type project in db","level":"info"}
{"message":"pulled documents from database of type: project","level":"info"}
{"message":"pulled property _id from documents of type project in db","level":"info"}
{"message":"pulled property _id from documents of type project in db","level":"info"}
{"message":"pulled documents from database of type: project","level":"info"}
{"message":"pulled property _id from documents of type project in db","level":"info"}
{"message":"pulled documents from database of type: project","level":"info"}
{"message":"pulled documents from database of type: project","level":"info"}
{"message":"pulled property _id from documents of type project in db","level":"info"}
{"message":"pulled documents from database of type: project","level":"info"}
{"message":"pulled property _id from documents of type project in db","level":"info"}
{"message":"pulled property _id from documents of type project in db","level":"info"}
{"message":"pulled documents from database of type: project","level":"info"}
{"message":"pulled property _id from documents of type project in db","level":"info"}
{"message":"pulled documents from database of type: project","level":"info"}
{"message":"pulled documents from database of type: project","level":"info"}
{"message":"pulled property _id from documents of type project in db","level":"info"}
{"message":"pulled documents from database of type: project","level":"info"}
{"message":"pulled property _id from documents of type project in db","level":"info"}
{"message":"pulled documents from database of type: project","level":"info"}
{"message":"pulled property _id from documents of type project in db","level":"info"}
{"message":"pulled documents from database of type: project","level":"info"}
{"message":"pulled property _id from documents of type project in db","level":"info"}
{"message":"pulled documents from database of type: project","level":"info"}
{"message":"pulled property _id from documents of type project in db","level":"info"}
{"message":"pulled documents from database of type: project","level":"info"}
{"message":"pulled property _id from documents of type project in db","level":"info"}
{"message":"pulled documents from database of type: project","level":"info"}
{"message":"pulled property _id from documents of type project in db","level":"info"}
{"message":"pulled documents from database of type: project","level":"info"}
{"message":"pulled property _id from documents of type project in db","level":"info"}
{"message":"pulled documents from database of type: project","level":"info"}
{"message":"pulled property _id from documents of type project in db","level":"info"}
{"message":"pulled documents from database of type: project","level":"info"}
{"message":"pulled property _id from documents of type project in db","level":"info"}
{"message":"pulled documents from database of type: project","level":"info"}
{"message":"pulled property _id from documents of type project in db","level":"info"}
{"message":"pulled documents from database of type: project","level":"info"}
{"message":"pulled property _id from documents of type project in db","level":"info"}
{"message":"pulled documents from database of type: project","level":"info"}
{"message":"pulled property _id from documents of type project in db","level":"info"}
{"message":"pulled documents from database of type: project","level":"info"}
{"message":"pulled property _id from documents of type project in db","level":"info"}
{"message":"pulled documents from database of type: project","level":"info"}
{"message":"pulled property _id from documents of type project in db","level":"info"}
{"message":"started app server at http://localhost:3000","level":"warn"}
{"message":"formed new connection to db","level":"info"}
{"message":"pulled property _id from documents of type project in db","level":"info"}
{"message":"pulled documents from database of type: project","level":"info"}
{"message":"pulled documents from database of type: project","level":"info"}
{"message":"pulled documents from database of type: project","level":"info"}
{"message":"pulled documents from database of type: project","level":"info"}
{"message":"started app server at http://localhost:3000","level":"warn"}
{"message":"formed new connection to db","level":"info"}
{"message":"pulled property _id from documents of type project in db","level":"info"}
{"message":"pulled documents from database of type: project","level":"info"}
{"message":"pulled one document from db of type user","level":"info"}
{"message":"pulled documents from database of type: project","level":"info"}
{"message":"pulled one document from db of type user","level":"info"}
{"message":"user m123123 entered homepage","level":"info"}
{"message":"user m123123 entered add project page","level":"info"}
{"message":"pulled documents from database of type: project","level":"info"}
{"message":"pulled documents from database of type: project","level":"info"}
{"message":"pulled documents from database of type: project","level":"info"}
{"message":"pulled documents from database of type: project","level":"info"}
{"message":"started app server at http://localhost:3000","level":"warn"}
{"message":"formed new connection to db","level":"info"}
{"message":"pulled property _id from documents of type project in db","level":"info"}
{"message":"pulled documents from database of type: project","level":"info"}
{"message":"pulled documents from database of type: project","level":"info"}
{"message":"pulled one document from db of type user","level":"info"}
{"message":"user m123123 entered homepage","level":"info"}
{"message":"user m123123 entered add project page","level":"info"}
{"message":"pulled documents from database of type: project","level":"info"}
{"message":"pulled documents from database of type: project","level":"info"}
{"message":"pulled documents from database of type: project","level":"info"}
{"message":"pulled documents from database of type: project","level":"info"}
{"message":"pulled documents from database of type: project","level":"info"}
{"message":"pulled property _id from documents of type project in db","level":"info"}
{"message":"pulled documents from database of type: project","level":"info"}
{"message":"pulled property _id from documents of type project in db","level":"info"}
{"message":"pulled documents from database of type: project","level":"info"}
{"message":"pulled property _id from documents of type project in db","level":"info"}
{"message":"pulled documents from database of type: project","level":"info"}
{"message":"pulled property _id from documents of type project in db","level":"info"}
{"message":"pulled documents from database of type: project","level":"info"}
{"message":"pulled property _id from documents of type project in db","level":"info"}
{"message":"pulled documents from database of type: project","level":"info"}
{"message":"pulled documents from database of type: project","level":"info"}
{"message":"pulled property _id from documents of type project in db","level":"info"}
{"message":"pulled documents from database of type: project","level":"info"}
{"message":"pulled property _id from documents of type project in db","level":"info"}
{"message":"pulled documents from database of type: project","level":"info"}
{"message":"pulled property _id from documents of type project in db","level":"info"}
{"message":"pulled documents from database of type: project","level":"info"}
{"message":"pulled property _id from documents of type project in db","level":"info"}
{"message":"pulled documents from database of type: project","level":"info"}
{"message":"pulled property _id from documents of type project in db","level":"info"}
{"message":"pulled property _id from documents of type project in db","level":"info"}
{"message":"pulled documents from database of type: project","level":"info"}
{"message":"pulled property _id from documents of type project in db","level":"info"}
{"message":"pulled documents from database of type: project","level":"info"}
{"message":"pulled documents from database of type: project","level":"info"}
{"message":"pulled property _id from documents of type project in db","level":"info"}
{"message":"pulled documents from database of type: project","level":"info"}
{"message":"pulled property _id from documents of type project in db","level":"info"}
{"message":"pulled property _id from documents of type project in db","level":"info"}
{"message":"pulled documents from database of type: project","level":"info"}
{"message":"pulled property _id from documents of type project in db","level":"info"}
{"message":"pulled documents from database of type: project","level":"info"}
{"message":"pulled documents from database of type: project","level":"info"}
{"message":"pulled property _id from documents of type project in db","level":"info"}
{"message":"pulled documents from database of type: project","level":"info"}
{"message":"pulled property _id from documents of type project in db","level":"info"}
{"message":"pulled documents from database of type: project","level":"info"}
{"message":"pulled property _id from documents of type project in db","level":"info"}
{"message":"pulled documents from database of type: project","level":"info"}
{"message":"pulled property _id from documents of type project in db","level":"info"}
{"message":"pulled documents from database of type: project","level":"info"}
{"message":"pulled property _id from documents of type project in db","level":"info"}
{"message":"pulled property _id from documents of type project in db","level":"info"}
{"message":"pulled documents from database of type: project","level":"info"}
{"message":"pulled property _id from documents of type project in db","level":"info"}
{"message":"pulled documents from database of type: project","level":"info"}
{"message":"pulled documents from database of type: project","level":"info"}
{"message":"pulled property _id from documents of type project in db","level":"info"}
{"message":"pulled documents from database of type: project","level":"info"}
{"message":"pulled property _id from documents of type project in db","level":"info"}
{"message":"pulled property _id from documents of type project in db","level":"info"}
{"message":"pulled documents from database of type: project","level":"info"}
{"message":"pulled documents from database of type: project","level":"info"}
{"message":"pulled property _id from documents of type project in db","level":"info"}
{"message":"pulled property _id from documents of type project in db","level":"info"}
{"message":"pulled documents from database of type: project","level":"info"}
{"message":"pulled property _id from documents of type project in db","level":"info"}
{"message":"pulled documents from database of type: project","level":"info"}
{"message":"pulled documents from database of type: project","level":"info"}
{"message":"pulled property _id from documents of type project in db","level":"info"}
{"message":"pulled documents from database of type: project","level":"info"}
{"message":"pulled property _id from documents of type project in db","level":"info"}
{"message":"pulled property _id from documents of type project in db","level":"info"}
{"message":"pulled documents from database of type: project","level":"info"}
{"message":"pulled property _id from documents of type project in db","level":"info"}
{"message":"pulled documents from database of type: project","level":"info"}
{"message":"pulled property _id from documents of type project in db","level":"info"}
{"message":"pulled documents from database of type: project","level":"info"}
{"message":"pulled property _id from documents of type project in db","level":"info"}
{"message":"pulled documents from database of type: project","level":"info"}
{"message":"pulled property _id from documents of type project in db","level":"info"}
{"message":"pulled documents from database of type: project","level":"info"}
{"message":"pulled property _id from documents of type project in db","level":"info"}
{"message":"pulled documents from database of type: project","level":"info"}
{"message":"pulled property _id from documents of type project in db","level":"info"}
{"message":"pulled documents from database of type: project","level":"info"}
{"message":"pulled documents from database of type: project","level":"info"}
{"message":"pulled property _id from documents of type project in db","level":"info"}
{"message":"pulled property _id from documents of type project in db","level":"info"}
{"message":"pulled documents from database of type: project","level":"info"}
{"message":"started app server at http://localhost:3000","level":"warn"}
{"message":"formed new connection to db","level":"info"}
{"message":"pulled property _id from documents of type project in db","level":"info"}
{"message":"pulled documents from database of type: project","level":"info"}
{"message":"pulled documents from database of type: project","level":"info"}
{"message":"pulled documents from database of type: project","level":"info"}
{"message":"pulled documents from database of type: project","level":"info"}
{"message":"pulled documents from database of type: project","level":"info"}
{"message":"pulled one document from db of type user","level":"info"}
{"message":"user m123123 entered homepage","level":"info"}
{"message":"pulled documents from database of type: project","level":"info"}
{"message":"user m123123 entered add project page","level":"info"}
{"message":"pulled documents from database of type: project","level":"info"}
{"message":"pulled documents from database of type: project","level":"info"}
{"message":"pulled property _id from documents of type project in db","level":"info"}
{"message":"pulled documents from database of type: project","level":"info"}
{"message":"pulled property _id from documents of type project in db","level":"info"}
{"message":"pulled documents from database of type: project","level":"info"}
{"message":"pulled property _id from documents of type project in db","level":"info"}
{"message":"pulled documents from database of type: project","level":"info"}
{"message":"pulled property _id from documents of type project in db","level":"info"}
{"message":"pulled documents from database of type: project","level":"info"}
{"message":"pulled property _id from documents of type project in db","level":"info"}
{"message":"pulled documents from database of type: project","level":"info"}
{"message":"pulled property _id from documents of type project in db","level":"info"}
{"message":"pulled documents from database of type: project","level":"info"}
{"message":"started app server at http://localhost:3000","level":"warn"}
{"message":"formed new connection to db","level":"info"}
{"message":"pulled property _id from documents of type project in db","level":"info"}
{"message":"pulled documents from database of type: project","level":"info"}
{"message":"pulled documents from database of type: project","level":"info"}
{"message":"pulled one document from db of type user","level":"info"}
{"message":"user m123123 entered homepage","level":"info"}
{"message":"user m123123 entered add project page","level":"info"}
{"message":"pulled documents from database of type: project","level":"info"}
{"message":"pulled documents from database of type: project","level":"info"}
{"message":"user m123123 entered add project page","level":"info"}
{"message":"pulled documents from database of type: project","level":"info"}
{"message":"pulled documents from database of type: project","level":"info"}
{"message":"pulled documents from database of type: project","level":"info"}
{"message":"pulled property _id from documents of type project in db","level":"info"}
{"message":"pulled documents from database of type: project","level":"info"}
{"message":"pulled documents from database of type: project","level":"info"}
{"message":"pulled property _id from documents of type project in db","level":"info"}
{"message":"pulled property _id from documents of type project in db","level":"info"}
{"message":"pulled documents from database of type: project","level":"info"}
{"message":"user m123123 entered add project page","level":"info"}
{"message":"started app server at http://localhost:3000","level":"warn"}
{"message":"formed new connection to db","level":"info"}
{"message":"pulled property _id from documents of type project in db","level":"info"}
{"message":"pulled documents from database of type: project","level":"info"}
{"message":"pulled documents from database of type: project","level":"info"}
{"message":"pulled documents from database of type: project","level":"info"}
{"message":"pulled documents from database of type: project","level":"info"}
{"message":"pulled documents from database of type: project","level":"info"}
{"message":"pulled documents from database of type: project","level":"info"}
{"message":"pulled documents from database of type: project","level":"info"}
{"message":"pulled property _id from documents of type project in db","level":"info"}
{"message":"pulled documents from database of type: project","level":"info"}
{"message":"pulled property _id from documents of type project in db","level":"info"}
{"message":"pulled documents from database of type: project","level":"info"}
{"message":"pulled property _id from documents of type project in db","level":"info"}
{"message":"pulled documents from database of type: project","level":"info"}
{"message":"pulled property _id from documents of type project in db","level":"info"}
{"message":"pulled documents from database of type: project","level":"info"}
{"message":"pulled property _id from documents of type project in db","level":"info"}
{"message":"pulled documents from database of type: project","level":"info"}
{"message":"pulled property _id from documents of type project in db","level":"info"}
{"message":"pulled documents from database of type: project","level":"info"}
{"message":"pulled property _id from documents of type project in db","level":"info"}
{"message":"pulled documents from database of type: project","level":"info"}
{"message":"pulled property _id from documents of type project in db","level":"info"}
{"message":"pulled documents from database of type: project","level":"info"}
{"message":"pulled property _id from documents of type project in db","level":"info"}
{"message":"pulled documents from database of type: project","level":"info"}
{"message":"pulled property _id from documents of type project in db","level":"info"}
{"message":"pulled documents from database of type: project","level":"info"}
{"message":"pulled documents from database of type: project","level":"info"}
{"message":"pulled property _id from documents of type project in db","level":"info"}
{"message":"pulled property _id from documents of type project in db","level":"info"}
{"message":"pulled documents from database of type: project","level":"info"}
{"message":"pulled documents from database of type: project","level":"info"}
{"message":"pulled property _id from documents of type project in db","level":"info"}
{"message":"pulled property _id from documents of type project in db","level":"info"}
{"message":"pulled documents from database of type: project","level":"info"}
{"message":"pulled documents from database of type: project","level":"info"}
{"message":"pulled property _id from documents of type project in db","level":"info"}
{"message":"pulled property _id from documents of type project in db","level":"info"}
{"message":"pulled documents from database of type: project","level":"info"}
{"message":"pulled property _id from documents of type project in db","level":"info"}
{"message":"pulled documents from database of type: project","level":"info"}
{"message":"pulled property _id from documents of type project in db","level":"info"}
{"message":"pulled documents from database of type: project","level":"info"}
{"message":"pulled property _id from documents of type project in db","level":"info"}
{"message":"pulled documents from database of type: project","level":"info"}
{"message":"pulled documents from database of type: project","level":"info"}
{"message":"pulled property _id from documents of type project in db","level":"info"}
{"message":"pulled property _id from documents of type project in db","level":"info"}
{"message":"pulled documents from database of type: project","level":"info"}
{"message":"pulled documents from database of type: project","level":"info"}
{"message":"pulled property _id from documents of type project in db","level":"info"}
{"message":"pulled property _id from documents of type project in db","level":"info"}
{"message":"pulled documents from database of type: project","level":"info"}
{"message":"pulled documents from database of type: project","level":"info"}
{"message":"pulled property _id from documents of type project in db","level":"info"}
{"message":"pulled property _id from documents of type project in db","level":"info"}
{"message":"pulled documents from database of type: project","level":"info"}
{"message":"pulled property _id from documents of type project in db","level":"info"}
{"message":"pulled documents from database of type: project","level":"info"}
{"message":"started app server at http://localhost:3000","level":"warn"}
{"message":"formed new connection to db","level":"info"}
{"message":"pulled property _id from documents of type project in db","level":"info"}
{"message":"pulled documents from database of type: project","level":"info"}
{"message":"pulled documents from database of type: project","level":"info"}
{"message":"pulled one document from db of type user","level":"info"}
{"message":"user m123123 entered homepage","level":"info"}
{"message":"user m123123 entered add project page","level":"info"}
{"message":"pulled documents from database of type: project","level":"info"}
{"message":"pulled documents from database of type: project","level":"info"}
{"message":"pulled documents from database of type: project","level":"info"}
{"message":"pulled documents from database of type: project","level":"info"}
{"message":"started app server at http://localhost:3000","level":"warn"}
{"message":"formed new connection to db","level":"info"}
{"message":"pulled property _id from documents of type project in db","level":"info"}
{"message":"pulled documents from database of type: project","level":"info"}
{"message":"pulled documents from database of type: project","level":"info"}
{"message":"pulled one document from db of type user","level":"info"}
{"message":"user m123123 entered homepage","level":"info"}
{"message":"pulled documents from database of type: project","level":"info"}
{"message":"user m123123 entered add project page","level":"info"}
{"message":"pulled documents from database of type: project","level":"info"}
{"message":"pulled documents from database of type: project","level":"info"}
{"message":"pulled documents from database of type: project","level":"info"}
{"message":"pulled documents from database of type: project","level":"info"}
{"message":"pulled documents from database of type: project","level":"info"}
{"message":"pulled property _id from documents of type project in db","level":"info"}
{"message":"pulled documents from database of type: project","level":"info"}
{"message":"started app server at http://localhost:3000","level":"warn"}
{"message":"formed new connection to db","level":"info"}
{"message":"pulled property _id from documents of type project in db","level":"info"}
{"message":"pulled documents from database of type: project","level":"info"}
{"message":"pulled documents from database of type: project","level":"info"}
{"message":"pulled one document from db of type user","level":"info"}
{"message":"user m123123 entered homepage","level":"info"}
{"message":"user m123123 entered add project page","level":"info"}
{"message":"pulled documents from database of type: project","level":"info"}
{"message":"pulled documents from database of type: project","level":"info"}
{"message":"pulled documents from database of type: project","level":"info"}
{"message":"pulled documents from database of type: project","level":"info"}
{"message":"pulled documents from database of type: project","level":"info"}
{"message":"pulled documents from database of type: project","level":"info"}
{"message":"pulled property _id from documents of type project in db","level":"info"}
{"message":"pulled documents from database of type: project","level":"info"}
{"message":"pulled property _id from documents of type project in db","level":"info"}
{"message":"pulled documents from database of type: project","level":"info"}
{"message":"pulled property _id from documents of type project in db","level":"info"}
{"message":"started app server at http://localhost:3000","level":"warn"}
{"message":"formed new connection to db","level":"info"}
{"message":"pulled property _id from documents of type project in db","level":"info"}
{"message":"pulled documents from database of type: project","level":"info"}
{"message":"started app server at http://localhost:3000","level":"warn"}
{"message":"formed new connection to db","level":"info"}
{"message":"pulled property _id from documents of type project in db","level":"info"}
{"message":"pulled documents from database of type: project","level":"info"}
{"message":"pulled documents from database of type: project","level":"info"}
{"message":"pulled documents from database of type: project","level":"info"}
{"message":"pulled documents from database of type: project","level":"info"}
{"message":"pulled documents from database of type: project","level":"info"}
{"message":"pulled documents from database of type: project","level":"info"}
{"message":"pulled documents from database of type: project","level":"info"}
{"message":"pulled property _id from documents of type project in db","level":"info"}
{"message":"pulled documents from database of type: project","level":"info"}
{"message":"pulled documents from database of type: project","level":"info"}
{"message":"pulled property _id from documents of type project in db","level":"info"}
{"message":"started app server at http://localhost:3000","level":"warn"}
{"message":"formed new connection to db","level":"info"}
{"message":"pulled property _id from documents of type project in db","level":"info"}
{"message":"pulled documents from database of type: project","level":"info"}
{"message":"pulled one document from db of type user","level":"info"}
{"message":"pulled documents from database of type: project","level":"info"}
{"message":"pulled one document from db of type user","level":"info"}
{"message":"user m123123 entered homepage","level":"info"}
{"message":"user m123123 entered add project page","level":"info"}
{"message":"pulled documents from database of type: project","level":"info"}
{"message":"pulled documents from database of type: project","level":"info"}
{"message":"pulled documents from database of type: project","level":"info"}
{"message":"pulled documents from database of type: project","level":"info"}
{"message":"user m123123 entered add project page","level":"info"}
{"message":"pulled documents from database of type: project","level":"info"}
{"message":"pulled documents from database of type: project","level":"info"}
{"message":"pulled property _id from documents of type project in db","level":"info"}
{"message":"pulled documents from database of type: project","level":"info"}
{"message":"pulled property _id from documents of type project in db","level":"info"}
{"message":"user m123123 entered add project page","level":"info"}
{"message":"user m123123 entered add project page","level":"info"}
{"message":"pulled documents from database of type: project","level":"info"}
{"message":"pulled property _id from documents of type project in db","level":"info"}
{"message":"user m123123 entered add project page","level":"info"}
{"message":"pulled documents from database of type: project","level":"info"}
{"message":"pulled property _id from documents of type project in db","level":"info"}
{"message":"user m123123 entered add project page","level":"info"}
{"message":"pulled documents from database of type: project","level":"info"}
{"message":"pulled property _id from documents of type project in db","level":"info"}
{"message":"user m123123 entered add project page","level":"info"}
{"message":"pulled documents from database of type: project","level":"info"}
{"message":"pulled property _id from documents of type project in db","level":"info"}
{"message":"pulled documents from database of type: project","level":"info"}
{"message":"pulled property _id from documents of type project in db","level":"info"}
{"message":"pulled documents from database of type: project","level":"info"}
{"message":"pulled property _id from documents of type project in db","level":"info"}
{"message":"pulled documents from database of type: project","level":"info"}
{"message":"pulled property _id from documents of type project in db","level":"info"}
{"message":"pulled documents from database of type: project","level":"info"}
{"message":"pulled property _id from documents of type project in db","level":"info"}
{"message":"pulled documents from database of type: project","level":"info"}
{"message":"pulled property _id from documents of type project in db","level":"info"}
{"message":"pulled documents from database of type: project","level":"info"}
{"message":"pulled property _id from documents of type project in db","level":"info"}
{"message":"pulled documents from database of type: project","level":"info"}
{"message":"pulled property _id from documents of type project in db","level":"info"}
{"message":"pulled property _id from documents of type project in db","level":"info"}
{"message":"pulled documents from database of type: project","level":"info"}
{"message":"pulled documents from database of type: project","level":"info"}
{"message":"pulled property _id from documents of type project in db","level":"info"}
{"message":"pulled documents from database of type: project","level":"info"}
{"message":"pulled property _id from documents of type project in db","level":"info"}
{"message":"started app server at http://localhost:3000","level":"warn"}
{"message":"formed new connection to db","level":"info"}
{"message":"pulled property _id from documents of type project in db","level":"info"}
{"message":"pulled documents from database of type: project","level":"info"}
{"message":"pulled one document from db of type user","level":"info"}
{"message":"user m123123 entered homepage","level":"info"}
{"message":"pulled documents from database of type: project","level":"info"}
{"message":"pulled documents from database of type: project","level":"info"}
{"message":"user m123123 entered add project page","level":"info"}
{"message":"pulled documents from database of type: project","level":"info"}
{"message":"pulled documents from database of type: project","level":"info"}
{"message":"pulled documents from database of type: project","level":"info"}
{"message":"started app server at http://localhost:3000","level":"warn"}
{"message":"formed new connection to db","level":"info"}
{"message":"pulled property _id from documents of type project in db","level":"info"}
{"message":"pulled documents from database of type: project","level":"info"}
{"message":"started app server at http://localhost:3000","level":"warn"}
{"message":"formed new connection to db","level":"info"}
{"message":"pulled property _id from documents of type project in db","level":"info"}
{"message":"pulled documents from database of type: project","level":"info"}
{"message":"pulled documents from database of type: project","level":"info"}
{"message":"pulled documents from database of type: project","level":"info"}
{"message":"pulled documents from database of type: project","level":"info"}
{"message":"pulled documents from database of type: project","level":"info"}
{"message":"started app server at http://localhost:3000","level":"warn"}
{"message":"formed new connection to db","level":"info"}
{"message":"pulled property _id from documents of type project in db","level":"info"}
{"message":"pulled documents from database of type: project","level":"info"}
{"message":"pulled one document from db of type user","level":"info"}
{"message":"user m123123 entered homepage","level":"info"}
{"message":"pulled documents from database of type: project","level":"info"}
{"message":"user m123123 entered add project page","level":"info"}
{"message":"pulled documents from database of type: project","level":"info"}
{"message":"pulled documents from database of type: project","level":"info"}
{"message":"started app server at http://localhost:3000","level":"warn"}
{"message":"formed new connection to db","level":"info"}
{"message":"pulled property _id from documents of type project in db","level":"info"}
{"message":"pulled documents from database of type: project","level":"info"}
{"message":"pulled documents from database of type: project","level":"info"}
{"message":"started app server at http://localhost:3000","level":"warn"}
{"message":"formed new connection to db","level":"info"}
{"message":"pulled property _id from documents of type project in db","level":"info"}
{"message":"pulled documents from database of type: project","level":"info"}
{"message":"pulled documents from database of type: project","level":"info"}
{"message":"pulled documents from database of type: project","level":"info"}
{"message":"pulled documents from database of type: project","level":"info"}
{"message":"pulled documents from database of type: project","level":"info"}
{"message":"pulled documents from database of type: project","level":"info"}
{"message":"pulled documents from database of type: project","level":"info"}
{"message":"pulled documents from database of type: project","level":"info"}
{"message":"pulled property _id from documents of type project in db","level":"info"}
{"message":"pulled property _id from documents of type project in db","level":"info"}
{"message":"pulled documents from database of type: project","level":"info"}
{"message":"pulled documents from database of type: project","level":"info"}
{"message":"pulled property _id from documents of type project in db","level":"info"}
{"message":"pulled property _id from documents of type project in db","level":"info"}
{"message":"pulled documents from database of type: project","level":"info"}
{"message":"started app server at http://localhost:3000","level":"warn"}
{"message":"formed new connection to db","level":"info"}
{"message":"pulled property _id from documents of type project in db","level":"info"}
{"message":"pulled documents from database of type: project","level":"info"}
{"message":"pulled one document from db of type user","level":"info"}
{"message":"pulled one document from db of type user","level":"info"}
{"message":"user m123123 entered homepage","level":"info"}
{"message":"pulled documents from database of type: project","level":"info"}
{"message":"user m123123 entered add project page","level":"info"}
{"message":"pulled documents from database of type: project","level":"info"}
{"message":"saved new document to db of type project","level":"info"}
{"message":"pulled documents from database of type: project","level":"info"}
{"message":"user m123123 entered homepage","level":"info"}
{"message":"pulled documents from database of type: project","level":"info"}
{"message":"pulled documents from database of type: project","level":"info"}
{"message":"pulled documents from database of type: project","level":"info"}
{"message":"pulled documents from database of type: project","level":"info"}
{"message":"pulled property _id from documents of type project in db","level":"info"}
{"message":"pulled documents from database of type: project","level":"info"}
{"message":"pulled property _id from documents of type project in db","level":"info"}
{"message":"pulled documents from database of type: project","level":"info"}
{"message":"pulled property _id from documents of type project in db","level":"info"}
{"message":"pulled documents from database of type: project","level":"info"}
{"message":"pulled property _id from documents of type project in db","level":"info"}
{"message":"pulled documents from database of type: project","level":"info"}
{"message":"pulled property _id from documents of type project in db","level":"info"}
{"message":"pulled documents from database of type: project","level":"info"}
{"message":"pulled property _id from documents of type project in db","level":"info"}
{"message":"pulled documents from database of type: project","level":"info"}
{"message":"pulled property _id from documents of type project in db","level":"info"}
{"message":"started app server at http://localhost:3000","level":"warn"}
{"message":"formed new connection to db","level":"info"}
{"message":"pulled property _id from documents of type project in db","level":"info"}
{"message":"pulled documents from database of type: project","level":"info"}
{"message":"pulled documents from database of type: project","level":"info"}
{"message":"pulled documents from database of type: project","level":"info"}
{"message":"pulled documents from database of type: project","level":"info"}
{"message":"pulled documents from database of type: project","level":"info"}
{"message":"pulled documents from database of type: project","level":"info"}
{"message":"pulled documents from database of type: project","level":"info"}
{"message":"pulled property _id from documents of type project in db","level":"info"}
{"message":"pulled documents from database of type: project","level":"info"}
{"message":"pulled documents from database of type: project","level":"info"}
{"message":"pulled property _id from documents of type project in db","level":"info"}
{"message":"pulled documents from database of type: project","level":"info"}
{"message":"pulled property _id from documents of type project in db","level":"info"}
{"message":"pulled property _id from documents of type project in db","level":"info"}
{"message":"pulled documents from database of type: project","level":"info"}
{"message":"pulled property _id from documents of type project in db","level":"info"}
{"message":"pulled documents from database of type: project","level":"info"}
{"message":"pulled documents from database of type: project","level":"info"}
{"message":"pulled property _id from documents of type project in db","level":"info"}
{"message":"pulled documents from database of type: project","level":"info"}
{"message":"pulled property _id from documents of type project in db","level":"info"}
{"message":"pulled property _id from documents of type project in db","level":"info"}
{"message":"pulled documents from database of type: project","level":"info"}
{"message":"pulled property _id from documents of type project in db","level":"info"}
{"message":"pulled documents from database of type: project","level":"info"}
{"message":"pulled documents from database of type: project","level":"info"}
{"message":"pulled property _id from documents of type project in db","level":"info"}
{"message":"pulled documents from database of type: project","level":"info"}
{"message":"pulled property _id from documents of type project in db","level":"info"}
{"message":"pulled property _id from documents of type project in db","level":"info"}
{"message":"pulled documents from database of type: project","level":"info"}
{"message":"pulled documents from database of type: project","level":"info"}
{"message":"pulled property _id from documents of type project in db","level":"info"}
{"message":"pulled property _id from documents of type project in db","level":"info"}
{"message":"pulled documents from database of type: project","level":"info"}
{"message":"pulled property _id from documents of type project in db","level":"info"}
{"message":"pulled documents from database of type: project","level":"info"}
{"message":"pulled documents from database of type: project","level":"info"}
{"message":"pulled property _id from documents of type project in db","level":"info"}
{"message":"pulled documents from database of type: project","level":"info"}
{"message":"pulled property _id from documents of type project in db","level":"info"}
{"message":"pulled property _id from documents of type project in db","level":"info"}
{"message":"pulled documents from database of type: project","level":"info"}
{"message":"pulled property _id from documents of type project in db","level":"info"}
{"message":"pulled documents from database of type: project","level":"info"}
{"message":"pulled documents from database of type: project","level":"info"}
{"message":"pulled property _id from documents of type project in db","level":"info"}
{"message":"pulled documents from database of type: project","level":"info"}
{"message":"pulled property _id from documents of type project in db","level":"info"}
{"message":"pulled property _id from documents of type project in db","level":"info"}
{"message":"pulled documents from database of type: project","level":"info"}
{"message":"pulled property _id from documents of type project in db","level":"info"}
{"message":"pulled documents from database of type: project","level":"info"}
{"message":"pulled documents from database of type: project","level":"info"}
{"message":"pulled property _id from documents of type project in db","level":"info"}
{"message":"pulled documents from database of type: project","level":"info"}
{"message":"pulled property _id from documents of type project in db","level":"info"}
{"message":"pulled property _id from documents of type project in db","level":"info"}
{"message":"pulled documents from database of type: project","level":"info"}
{"message":"pulled documents from database of type: project","level":"info"}
{"message":"pulled property _id from documents of type project in db","level":"info"}
{"message":"pulled property _id from documents of type project in db","level":"info"}
{"message":"pulled documents from database of type: project","level":"info"}
{"message":"pulled property _id from documents of type project in db","level":"info"}
{"message":"pulled documents from database of type: project","level":"info"}
{"message":"pulled documents from database of type: project","level":"info"}
{"message":"pulled property _id from documents of type project in db","level":"info"}
{"message":"pulled documents from database of type: project","level":"info"}
{"message":"pulled property _id from documents of type project in db","level":"info"}
{"message":"started app server at http://localhost:3000","level":"warn"}
{"message":"formed new connection to db","level":"info"}
{"message":"pulled property _id from documents of type project in db","level":"info"}
{"message":"pulled documents from database of type: project","level":"info"}
{"message":"pulled documents from database of type: project","level":"info"}
{"message":"pulled one document from db of type user","level":"info"}
{"message":"user m123123 entered homepage","level":"info"}
{"message":"user m123123 entered add project page","level":"info"}
{"message":"pulled documents from database of type: project","level":"info"}
{"message":"pulled documents from database of type: project","level":"info"}
{"message":"saved new document to db of type project","level":"info"}
{"message":"user m123123 entered homepage","level":"info"}
{"message":"pulled documents from database of type: project","level":"info"}
{"message":"user m123123 entered homepage","level":"info"}
{"message":"pulled documents from database of type: project","level":"info"}
{"message":"pulled documents from database of type: project","level":"info"}
{"message":"pulled documents from database of type: project","level":"info"}
{"message":"pulled property _id from documents of type project in db","level":"info"}
{"message":"pulled documents from database of type: project","level":"info"}
{"message":"pulled property _id from documents of type project in db","level":"info"}
{"message":"pulled documents from database of type: project","level":"info"}
{"message":"pulled property _id from documents of type project in db","level":"info"}
{"message":"pulled documents from database of type: project","level":"info"}
{"message":"pulled property _id from documents of type project in db","level":"info"}
{"message":"pulled documents from database of type: project","level":"info"}
{"message":"pulled property _id from documents of type project in db","level":"info"}
{"message":"started app server at http://localhost:3000","level":"warn"}
{"message":"formed new connection to db","level":"info"}
{"message":"pulled property _id from documents of type project in db","level":"info"}
{"message":"pulled documents from database of type: project","level":"info"}
{"message":"pulled documents from database of type: project","level":"info"}
{"message":"pulled documents from database of type: project","level":"info"}
{"message":"pulled documents from database of type: project","level":"info"}
{"message":"pulled documents from database of type: project","level":"info"}
{"message":"pulled documents from database of type: project","level":"info"}
{"message":"pulled documents from database of type: project","level":"info"}
{"message":"pulled property _id from documents of type project in db","level":"info"}
{"message":"pulled documents from database of type: project","level":"info"}
{"message":"pulled property _id from documents of type project in db","level":"info"}
{"message":"pulled documents from database of type: project","level":"info"}
{"message":"pulled property _id from documents of type project in db","level":"info"}
{"message":"pulled documents from database of type: project","level":"info"}
{"message":"pulled property _id from documents of type project in db","level":"info"}
{"message":"pulled documents from database of type: project","level":"info"}
{"message":"pulled property _id from documents of type project in db","level":"info"}
{"message":"pulled documents from database of type: project","level":"info"}
{"message":"pulled property _id from documents of type project in db","level":"info"}
{"message":"pulled documents from database of type: project","level":"info"}
{"message":"pulled property _id from documents of type project in db","level":"info"}
{"message":"pulled documents from database of type: project","level":"info"}
{"message":"pulled property _id from documents of type project in db","level":"info"}
{"message":"pulled documents from database of type: project","level":"info"}
{"message":"pulled property _id from documents of type project in db","level":"info"}
{"message":"pulled documents from database of type: project","level":"info"}
{"message":"pulled property _id from documents of type project in db","level":"info"}
{"message":"pulled documents from database of type: project","level":"info"}
{"message":"pulled property _id from documents of type project in db","level":"info"}
{"message":"pulled documents from database of type: project","level":"info"}
{"message":"pulled property _id from documents of type project in db","level":"info"}
{"message":"pulled documents from database of type: project","level":"info"}
{"message":"pulled property _id from documents of type project in db","level":"info"}
{"message":"pulled documents from database of type: project","level":"info"}
{"message":"pulled property _id from documents of type project in db","level":"info"}
{"message":"pulled documents from database of type: project","level":"info"}
{"message":"pulled property _id from documents of type project in db","level":"info"}
{"message":"pulled documents from database of type: project","level":"info"}
{"message":"pulled property _id from documents of type project in db","level":"info"}
{"message":"pulled documents from database of type: project","level":"info"}
{"message":"pulled property _id from documents of type project in db","level":"info"}
{"message":"pulled documents from database of type: project","level":"info"}
{"message":"pulled property _id from documents of type project in db","level":"info"}
{"message":"pulled documents from database of type: project","level":"info"}
{"message":"pulled property _id from documents of type project in db","level":"info"}
{"message":"pulled documents from database of type: project","level":"info"}
{"message":"pulled property _id from documents of type project in db","level":"info"}
{"message":"pulled documents from database of type: project","level":"info"}
{"message":"pulled property _id from documents of type project in db","level":"info"}
{"message":"pulled documents from database of type: project","level":"info"}
{"message":"pulled property _id from documents of type project in db","level":"info"}
{"message":"pulled documents from database of type: project","level":"info"}
{"message":"pulled property _id from documents of type project in db","level":"info"}
{"message":"pulled documents from database of type: project","level":"info"}
{"message":"pulled property _id from documents of type project in db","level":"info"}
{"message":"pulled documents from database of type: project","level":"info"}
{"message":"pulled property _id from documents of type project in db","level":"info"}
{"message":"pulled documents from database of type: project","level":"info"}
{"message":"pulled property _id from documents of type project in db","level":"info"}
{"message":"pulled documents from database of type: project","level":"info"}
{"message":"pulled property _id from documents of type project in db","level":"info"}
{"message":"pulled documents from database of type: project","level":"info"}
{"message":"pulled property _id from documents of type project in db","level":"info"}
{"message":"pulled documents from database of type: project","level":"info"}
{"message":"pulled property _id from documents of type project in db","level":"info"}
{"message":"pulled documents from database of type: project","level":"info"}
{"message":"pulled property _id from documents of type project in db","level":"info"}
{"message":"pulled documents from database of type: project","level":"info"}
{"message":"pulled property _id from documents of type project in db","level":"info"}
{"message":"pulled documents from database of type: project","level":"info"}
{"message":"pulled property _id from documents of type project in db","level":"info"}
{"message":"pulled documents from database of type: project","level":"info"}
{"message":"pulled property _id from documents of type project in db","level":"info"}
{"message":"pulled documents from database of type: project","level":"info"}
{"message":"pulled property _id from documents of type project in db","level":"info"}
{"message":"pulled documents from database of type: project","level":"info"}
{"message":"pulled property _id from documents of type project in db","level":"info"}
{"message":"pulled documents from database of type: project","level":"info"}
{"message":"pulled property _id from documents of type project in db","level":"info"}
{"message":"pulled documents from database of type: project","level":"info"}
{"message":"pulled property _id from documents of type project in db","level":"info"}
{"message":"pulled documents from database of type: project","level":"info"}
{"message":"pulled property _id from documents of type project in db","level":"info"}
{"message":"pulled documents from database of type: project","level":"info"}
{"message":"pulled property _id from documents of type project in db","level":"info"}
{"message":"pulled documents from database of type: project","level":"info"}
{"message":"pulled property _id from documents of type project in db","level":"info"}
{"message":"pulled documents from database of type: project","level":"info"}
{"message":"pulled property _id from documents of type project in db","level":"info"}
{"message":"pulled documents from database of type: project","level":"info"}
{"message":"pulled property _id from documents of type project in db","level":"info"}
{"message":"pulled documents from database of type: project","level":"info"}
{"message":"pulled property _id from documents of type project in db","level":"info"}
{"message":"pulled documents from database of type: project","level":"info"}
{"message":"pulled property _id from documents of type project in db","level":"info"}
{"message":"pulled documents from database of type: project","level":"info"}
{"message":"pulled property _id from documents of type project in db","level":"info"}
{"message":"pulled documents from database of type: project","level":"info"}
{"message":"pulled property _id from documents of type project in db","level":"info"}
{"message":"pulled documents from database of type: project","level":"info"}
{"message":"pulled property _id from documents of type project in db","level":"info"}
{"message":"pulled documents from database of type: project","level":"info"}
{"message":"pulled property _id from documents of type project in db","level":"info"}
{"message":"pulled documents from database of type: project","level":"info"}
{"message":"pulled property _id from documents of type project in db","level":"info"}
{"message":"pulled documents from database of type: project","level":"info"}
{"message":"pulled property _id from documents of type project in db","level":"info"}
{"message":"pulled documents from database of type: project","level":"info"}
{"message":"pulled property _id from documents of type project in db","level":"info"}
{"message":"pulled documents from database of type: project","level":"info"}
{"message":"pulled property _id from documents of type project in db","level":"info"}
{"message":"pulled documents from database of type: project","level":"info"}
{"message":"pulled property _id from documents of type project in db","level":"info"}
{"message":"pulled documents from database of type: project","level":"info"}
{"message":"pulled property _id from documents of type project in db","level":"info"}
{"message":"pulled documents from database of type: project","level":"info"}
{"message":"pulled property _id from documents of type project in db","level":"info"}
{"message":"pulled documents from database of type: project","level":"info"}
{"message":"pulled property _id from documents of type project in db","level":"info"}
{"message":"pulled documents from database of type: project","level":"info"}
{"message":"pulled property _id from documents of type project in db","level":"info"}
{"message":"pulled documents from database of type: project","level":"info"}
{"message":"pulled property _id from documents of type project in db","level":"info"}
{"message":"pulled documents from database of type: project","level":"info"}
{"message":"pulled property _id from documents of type project in db","level":"info"}
{"message":"pulled documents from database of type: project","level":"info"}
{"message":"pulled property _id from documents of type project in db","level":"info"}
{"message":"pulled documents from database of type: project","level":"info"}
{"message":"pulled property _id from documents of type project in db","level":"info"}
{"message":"pulled documents from database of type: project","level":"info"}
{"message":"pulled property _id from documents of type project in db","level":"info"}
{"message":"pulled documents from database of type: project","level":"info"}
{"message":"pulled property _id from documents of type project in db","level":"info"}
{"message":"pulled documents from database of type: project","level":"info"}
{"message":"pulled property _id from documents of type project in db","level":"info"}
{"message":"pulled documents from database of type: project","level":"info"}
{"message":"pulled property _id from documents of type project in db","level":"info"}
{"message":"pulled documents from database of type: project","level":"info"}
{"message":"pulled property _id from documents of type project in db","level":"info"}
{"message":"pulled documents from database of type: project","level":"info"}
{"message":"pulled property _id from documents of type project in db","level":"info"}
{"message":"pulled documents from database of type: project","level":"info"}
{"message":"pulled property _id from documents of type project in db","level":"info"}
{"message":"pulled documents from database of type: project","level":"info"}
{"message":"pulled property _id from documents of type project in db","level":"info"}
{"message":"pulled documents from database of type: project","level":"info"}
{"message":"pulled property _id from documents of type project in db","level":"info"}
{"message":"pulled documents from database of type: project","level":"info"}
{"message":"pulled property _id from documents of type project in db","level":"info"}
{"message":"pulled documents from database of type: project","level":"info"}
{"message":"pulled property _id from documents of type project in db","level":"info"}
{"message":"pulled documents from database of type: project","level":"info"}
{"message":"pulled property _id from documents of type project in db","level":"info"}
{"message":"pulled documents from database of type: project","level":"info"}
{"message":"pulled property _id from documents of type project in db","level":"info"}
{"message":"pulled documents from database of type: project","level":"info"}
{"message":"pulled property _id from documents of type project in db","level":"info"}
{"message":"pulled documents from database of type: project","level":"info"}
{"message":"pulled one document from db of type user","level":"info"}
{"message":"user m123123 entered homepage","level":"info"}
{"message":"user m123123 entered homepage","level":"info"}
{"message":"pulled property _id from documents of type project in db","level":"info"}
{"message":"pulled documents from database of type: project","level":"info"}
{"message":"user m123123 entered homepage","level":"info"}
{"message":"pulled property _id from documents of type project in db","level":"info"}
{"message":"pulled documents from database of type: project","level":"info"}
{"message":"pulled property _id from documents of type project in db","level":"info"}
{"message":"pulled documents from database of type: project","level":"info"}
{"message":"pulled property _id from documents of type project in db","level":"info"}
{"message":"pulled documents from database of type: project","level":"info"}
{"message":"pulled property _id from documents of type project in db","level":"info"}
{"message":"pulled documents from database of type: project","level":"info"}
{"message":"saved new document to db of type user","level":"info"}
{"message":"user testus was created","level":"info"}
{"message":"pulled one document from db of type user","level":"info"}
{"message":"user testus entered homepage","level":"info"}
{"message":"pulled documents from database of type: project","level":"info"}
{"message":"user testus entered homepage","level":"info"}
{"message":"pulled property _id from documents of type project in db","level":"info"}
{"message":"pulled documents from database of type: project","level":"info"}
{"message":"user testus entered add project page","level":"info"}
{"message":"pulled property _id from documents of type project in db","level":"info"}
{"message":"pulled documents from database of type: project","level":"info"}
{"message":"pulled property _id from documents of type project in db","level":"info"}
{"message":"pulled documents from database of type: project","level":"info"}
{"message":"pulled property _id from documents of type project in db","level":"info"}
{"message":"pulled documents from database of type: project","level":"info"}
{"message":"saved new document to db of type project","level":"info"}
{"message":"user testus entered homepage","level":"info"}
{"message":"pulled property _id from documents of type project in db","level":"info"}
{"message":"user testus entered homepage","level":"info"}
{"message":"user testus entered homepage","level":"info"}
{"message":"pulled documents from database of type: project","level":"info"}
{"message":"pulled property _id from documents of type project in db","level":"info"}
{"message":"pulled documents from database of type: project","level":"info"}
{"message":"pulled property _id from documents of type project in db","level":"info"}
{"message":"pulled documents from database of type: project","level":"info"}
{"message":"pulled property _id from documents of type project in db","level":"info"}
{"message":"pulled documents from database of type: project","level":"info"}
{"message":"pulled property _id from documents of type project in db","level":"info"}
{"message":"pulled documents from database of type: project","level":"info"}
{"message":"pulled property _id from documents of type project in db","level":"info"}
{"message":"pulled documents from database of type: project","level":"info"}
{"message":"pulled property _id from documents of type project in db","level":"info"}
{"message":"pulled documents from database of type: project","level":"info"}
{"message":"user testus entered homepage","level":"info"}
{"message":"user testus entered add project page","level":"info"}
{"message":"user testus entered homepage","level":"info"}
{"message":"pulled documents from database of type: project","level":"info"}
{"message":"user testus entered homepage","level":"info"}
{"message":"pulled property _id from documents of type project in db","level":"info"}
{"message":"pulled documents from database of type: project","level":"info"}
{"message":"user testus entered add project page","level":"info"}
{"message":"pulled property _id from documents of type project in db","level":"info"}
{"message":"user testus entered homepage","level":"info"}
{"message":"pulled documents from database of type: project","level":"info"}
{"message":"pulled property _id from documents of type project in db","level":"info"}
{"message":"pulled documents from database of type: project","level":"info"}
{"message":"pulled property _id from documents of type project in db","level":"info"}
{"message":"pulled documents from database of type: project","level":"info"}
{"message":"pulled property _id from documents of type project in db","level":"info"}
{"message":"pulled documents from database of type: project","level":"info"}
{"message":"pulled property _id from documents of type project in db","level":"info"}
{"message":"pulled documents from database of type: project","level":"info"}
{"message":"pulled property _id from documents of type project in db","level":"info"}
{"message":"pulled documents from database of type: project","level":"info"}
{"message":"pulled property _id from documents of type project in db","level":"info"}
{"message":"pulled documents from database of type: project","level":"info"}
{"message":"pulled property _id from documents of type project in db","level":"info"}
{"message":"pulled documents from database of type: project","level":"info"}
{"message":"user testus entered homepage","level":"info"}
{"message":"pulled property _id from documents of type project in db","level":"info"}
{"message":"pulled documents from database of type: project","level":"info"}
{"message":"user testus entered add project page","level":"info"}
{"message":"user testus entered homepage","level":"info"}
{"message":"pulled documents from database of type: project","level":"info"}
{"message":"pulled property _id from documents of type project in db","level":"info"}
{"message":"pulled documents from database of type: project","level":"info"}
{"message":"pulled property _id from documents of type project in db","level":"info"}
{"message":"started app server at http://localhost:3000","level":"warn"}
{"message":"formed new connection to db","level":"info"}
{"message":"pulled property _id from documents of type project in db","level":"info"}
{"message":"pulled documents from database of type: project","level":"info"}
{"message":"pulled documents from database of type: project","level":"info"}
{"message":"pulled documents from database of type: project","level":"info"}
{"message":"pulled one document from db of type user","level":"info"}
{"message":"pulled documents from database of type: project","level":"info"}
{"message":"pulled one document from db of type user","level":"info"}
{"message":"pulled one document from db of type user","level":"info"}
{"message":"pulled documents from database of type: project","level":"info"}
{"message":"saved new document to db of type user","level":"info"}
{"message":"user idan123 was created","level":"info"}
{"message":"pulled one document from db of type user","level":"info"}
{"message":"user idan123 entered homepage","level":"info"}
{"message":"pulled documents from database of type: project","level":"info"}
{"message":"pulled documents from database of type: project","level":"info"}
{"message":"pulled documents from database of type: project","level":"info"}
{"message":"pulled property _id from documents of type project in db","level":"info"}
{"message":"pulled documents from database of type: project","level":"info"}
{"message":"pulled property _id from documents of type project in db","level":"info"}
{"message":"pulled documents from database of type: project","level":"info"}
{"message":"pulled property _id from documents of type project in db","level":"info"}
{"message":"pulled documents from database of type: project","level":"info"}
{"message":"pulled property _id from documents of type project in db","level":"info"}
{"message":"started app server at http://localhost:3000","level":"warn"}
{"message":"formed new connection to db","level":"info"}
{"message":"pulled property _id from documents of type project in db","level":"info"}
{"message":"pulled documents from database of type: project","level":"info"}
{"message":"pulled documents from database of type: project","level":"info"}
{"message":"pulled documents from database of type: project","level":"info"}
{"message":"pulled one document from db of type user","level":"info"}
{"message":"user idan123 entered homepage","level":"info"}
{"message":"user idan123 entered add project page","level":"info"}
{"message":"user idan123 entered homepage","level":"info"}
{"message":"pulled documents from database of type: project","level":"info"}
{"message":"pulled documents from database of type: project","level":"info"}
{"message":"pulled documents from database of type: project","level":"info"}
{"message":"pulled documents from database of type: project","level":"info"}
{"message":"pulled documents from database of type: project","level":"info"}
{"message":"pulled property _id from documents of type project in db","level":"info"}
{"message":"pulled documents from database of type: project","level":"info"}
{"message":"pulled property _id from documents of type project in db","level":"info"}
{"message":"pulled documents from database of type: project","level":"info"}
{"message":"pulled property _id from documents of type project in db","level":"info"}
{"message":"pulled documents from database of type: project","level":"info"}
{"message":"pulled property _id from documents of type project in db","level":"info"}
{"message":"pulled documents from database of type: project","level":"info"}
{"message":"pulled property _id from documents of type project in db","level":"info"}
{"message":"pulled documents from database of type: project","level":"info"}
{"message":"pulled property _id from documents of type project in db","level":"info"}
{"message":"pulled documents from database of type: project","level":"info"}
{"message":"pulled property _id from documents of type project in db","level":"info"}
{"message":"pulled documents from database of type: project","level":"info"}
{"message":"pulled property _id from documents of type project in db","level":"info"}
{"message":"pulled documents from database of type: project","level":"info"}
{"message":"pulled property _id from documents of type project in db","level":"info"}
{"message":"pulled documents from database of type: project","level":"info"}
{"message":"pulled property _id from documents of type project in db","level":"info"}
{"message":"pulled documents from database of type: project","level":"info"}
{"message":"pulled property _id from documents of type project in db","level":"info"}
{"message":"pulled documents from database of type: project","level":"info"}
{"message":"pulled property _id from documents of type project in db","level":"info"}
{"message":"pulled documents from database of type: project","level":"info"}
{"message":"pulled property _id from documents of type project in db","level":"info"}
{"message":"pulled documents from database of type: project","level":"info"}
{"message":"pulled property _id from documents of type project in db","level":"info"}
{"message":"pulled documents from database of type: project","level":"info"}
{"message":"pulled property _id from documents of type project in db","level":"info"}
{"message":"started app server at http://localhost:3000","level":"warn"}
{"message":"formed new connection to db","level":"info"}
{"message":"pulled property _id from documents of type project in db","level":"info"}
{"message":"pulled documents from database of type: project","level":"info"}
{"message":"pulled documents from database of type: project","level":"info"}
{"message":"pulled documents from database of type: project","level":"info"}
{"message":"pulled documents from database of type: project","level":"info"}
{"message":"pulled documents from database of type: project","level":"info"}
{"message":"pulled documents from database of type: project","level":"info"}
{"message":"pulled documents from database of type: project","level":"info"}
{"message":"pulled property _id from documents of type project in db","level":"info"}
{"message":"pulled documents from database of type: project","level":"info"}
{"message":"pulled property _id from documents of type project in db","level":"info"}
{"message":"pulled documents from database of type: project","level":"info"}
{"message":"started app server at http://localhost:3000","level":"warn"}
{"message":"formed new connection to db","level":"info"}
{"message":"pulled property _id from documents of type project in db","level":"info"}
{"message":"pulled documents from database of type: project","level":"info"}
{"message":"pulled one document from db of type user","level":"info"}
{"message":"user idan123 entered homepage","level":"info"}
{"message":"user idan123 entered add project page","level":"info"}
{"message":"user idan123 entered homepage","level":"info"}
{"message":"user idan123 entered add project page","level":"info"}
{"message":"user idan123 entered homepage","level":"info"}
{"message":"started app server at http://localhost:3000","level":"warn"}
{"message":"formed new connection to db","level":"info"}
{"message":"pulled property _id from documents of type project in db","level":"info"}
{"message":"pulled documents from database of type: project","level":"info"}
{"message":"pulled property _id from documents of type project in db","level":"info"}
{"message":"pulled documents from database of type: project","level":"info"}
{"message":"pulled property _id from documents of type project in db","level":"info"}
{"message":"pulled documents from database of type: project","level":"info"}
{"message":"pulled property _id from documents of type project in db","level":"info"}
{"message":"pulled documents from database of type: project","level":"info"}
{"message":"pulled property _id from documents of type project in db","level":"info"}
{"message":"pulled documents from database of type: project","level":"info"}
{"message":"pulled property _id from documents of type project in db","level":"info"}
{"message":"pulled documents from database of type: project","level":"info"}
{"message":"pulled property _id from documents of type project in db","level":"info"}
{"message":"pulled documents from database of type: project","level":"info"}
{"message":"pulled property _id from documents of type project in db","level":"info"}
{"message":"pulled documents from database of type: project","level":"info"}
{"message":"pulled property _id from documents of type project in db","level":"info"}
{"message":"pulled documents from database of type: project","level":"info"}
{"message":"pulled property _id from documents of type project in db","level":"info"}
{"message":"pulled documents from database of type: project","level":"info"}
{"message":"pulled property _id from documents of type project in db","level":"info"}
{"message":"pulled documents from database of type: project","level":"info"}
{"message":"pulled property _id from documents of type project in db","level":"info"}
{"message":"pulled documents from database of type: project","level":"info"}
{"message":"pulled property _id from documents of type project in db","level":"info"}
{"message":"pulled documents from database of type: project","level":"info"}
{"message":"pulled property _id from documents of type project in db","level":"info"}
{"message":"pulled documents from database of type: project","level":"info"}
{"message":"pulled property _id from documents of type project in db","level":"info"}
{"message":"pulled documents from database of type: project","level":"info"}
{"message":"pulled property _id from documents of type project in db","level":"info"}
{"message":"pulled documents from database of type: project","level":"info"}
{"message":"pulled property _id from documents of type project in db","level":"info"}
{"message":"pulled documents from database of type: project","level":"info"}
{"message":"pulled property _id from documents of type project in db","level":"info"}
{"message":"pulled documents from database of type: project","level":"info"}
{"message":"pulled property _id from documents of type project in db","level":"info"}
{"message":"pulled documents from database of type: project","level":"info"}
{"message":"pulled property _id from documents of type project in db","level":"info"}
{"message":"pulled documents from database of type: project","level":"info"}
{"message":"pulled property _id from documents of type project in db","level":"info"}
{"message":"pulled documents from database of type: project","level":"info"}
{"message":"pulled property _id from documents of type project in db","level":"info"}
{"message":"pulled documents from database of type: project","level":"info"}
{"message":"pulled property _id from documents of type project in db","level":"info"}
{"message":"pulled documents from database of type: project","level":"info"}
{"message":"pulled property _id from documents of type project in db","level":"info"}
{"message":"pulled documents from database of type: project","level":"info"}
{"message":"pulled property _id from documents of type project in db","level":"info"}
{"message":"pulled documents from database of type: project","level":"info"}
{"message":"pulled property _id from documents of type project in db","level":"info"}
{"message":"pulled documents from database of type: project","level":"info"}
{"message":"pulled property _id from documents of type project in db","level":"info"}
{"message":"pulled documents from database of type: project","level":"info"}
{"message":"pulled property _id from documents of type project in db","level":"info"}
{"message":"pulled documents from database of type: project","level":"info"}
{"message":"pulled property _id from documents of type project in db","level":"info"}
{"message":"pulled documents from database of type: project","level":"info"}
{"message":"pulled property _id from documents of type project in db","level":"info"}
{"message":"pulled documents from database of type: project","level":"info"}
{"message":"pulled property _id from documents of type project in db","level":"info"}
{"message":"pulled documents from database of type: project","level":"info"}
{"message":"pulled property _id from documents of type project in db","level":"info"}
{"message":"pulled documents from database of type: project","level":"info"}
{"message":"pulled property _id from documents of type project in db","level":"info"}
{"message":"pulled documents from database of type: project","level":"info"}
{"message":"pulled property _id from documents of type project in db","level":"info"}
{"message":"pulled documents from database of type: project","level":"info"}
{"message":"pulled property _id from documents of type project in db","level":"info"}
{"message":"pulled documents from database of type: project","level":"info"}
{"message":"pulled property _id from documents of type project in db","level":"info"}
{"message":"pulled documents from database of type: project","level":"info"}
{"message":"pulled property _id from documents of type project in db","level":"info"}
{"message":"pulled documents from database of type: project","level":"info"}
{"message":"pulled property _id from documents of type project in db","level":"info"}
{"message":"pulled documents from database of type: project","level":"info"}
{"message":"pulled property _id from documents of type project in db","level":"info"}
{"message":"pulled documents from database of type: project","level":"info"}
{"message":"pulled property _id from documents of type project in db","level":"info"}
{"message":"pulled documents from database of type: project","level":"info"}
{"message":"pulled property _id from documents of type project in db","level":"info"}
{"message":"pulled documents from database of type: project","level":"info"}
{"message":"pulled property _id from documents of type project in db","level":"info"}
{"message":"pulled documents from database of type: project","level":"info"}
{"message":"pulled property _id from documents of type project in db","level":"info"}
{"message":"pulled documents from database of type: project","level":"info"}
{"message":"pulled property _id from documents of type project in db","level":"info"}
{"message":"pulled documents from database of type: project","level":"info"}
{"message":"pulled property _id from documents of type project in db","level":"info"}
{"message":"pulled documents from database of type: project","level":"info"}
{"message":"pulled property _id from documents of type project in db","level":"info"}
{"message":"pulled documents from database of type: project","level":"info"}
{"message":"pulled property _id from documents of type project in db","level":"info"}
{"message":"pulled documents from database of type: project","level":"info"}
{"message":"pulled property _id from documents of type project in db","level":"info"}
{"message":"pulled documents from database of type: project","level":"info"}
{"message":"pulled property _id from documents of type project in db","level":"info"}
{"message":"pulled documents from database of type: project","level":"info"}
{"message":"pulled property _id from documents of type project in db","level":"info"}
{"message":"pulled documents from database of type: project","level":"info"}
{"message":"pulled property _id from documents of type project in db","level":"info"}
{"message":"pulled documents from database of type: project","level":"info"}
{"message":"pulled property _id from documents of type project in db","level":"info"}
{"message":"pulled documents from database of type: project","level":"info"}
{"message":"pulled property _id from documents of type project in db","level":"info"}
{"message":"pulled documents from database of type: project","level":"info"}
{"message":"pulled property _id from documents of type project in db","level":"info"}
{"message":"pulled documents from database of type: project","level":"info"}
{"message":"pulled property _id from documents of type project in db","level":"info"}
{"message":"pulled documents from database of type: project","level":"info"}
{"message":"pulled property _id from documents of type project in db","level":"info"}
{"message":"pulled documents from database of type: project","level":"info"}
{"message":"pulled property _id from documents of type project in db","level":"info"}
{"message":"pulled documents from database of type: project","level":"info"}
{"message":"pulled property _id from documents of type project in db","level":"info"}
{"message":"pulled documents from database of type: project","level":"info"}
{"message":"pulled property _id from documents of type project in db","level":"info"}
{"message":"pulled documents from database of type: project","level":"info"}
{"message":"pulled property _id from documents of type project in db","level":"info"}
{"message":"pulled documents from database of type: project","level":"info"}
{"message":"pulled property _id from documents of type project in db","level":"info"}
{"message":"pulled documents from database of type: project","level":"info"}
{"message":"pulled property _id from documents of type project in db","level":"info"}
{"message":"pulled documents from database of type: project","level":"info"}
{"message":"pulled property _id from documents of type project in db","level":"info"}
{"message":"pulled documents from database of type: project","level":"info"}
{"message":"pulled property _id from documents of type project in db","level":"info"}
{"message":"pulled documents from database of type: project","level":"info"}
{"message":"pulled property _id from documents of type project in db","level":"info"}
{"message":"pulled documents from database of type: project","level":"info"}
{"message":"pulled property _id from documents of type project in db","level":"info"}
{"message":"pulled documents from database of type: project","level":"info"}
{"message":"pulled property _id from documents of type project in db","level":"info"}
{"message":"pulled documents from database of type: project","level":"info"}
{"message":"pulled property _id from documents of type project in db","level":"info"}
{"message":"pulled documents from database of type: project","level":"info"}
{"message":"pulled property _id from documents of type project in db","level":"info"}
{"message":"pulled documents from database of type: project","level":"info"}
{"message":"pulled property _id from documents of type project in db","level":"info"}
{"message":"pulled documents from database of type: project","level":"info"}
{"message":"pulled property _id from documents of type project in db","level":"info"}
{"message":"pulled documents from database of type: project","level":"info"}
{"message":"pulled property _id from documents of type project in db","level":"info"}
{"message":"pulled documents from database of type: project","level":"info"}
{"message":"pulled property _id from documents of type project in db","level":"info"}
{"message":"pulled documents from database of type: project","level":"info"}
{"message":"pulled property _id from documents of type project in db","level":"info"}
{"message":"pulled documents from database of type: project","level":"info"}
{"message":"pulled property _id from documents of type project in db","level":"info"}
{"message":"pulled documents from database of type: project","level":"info"}
{"message":"pulled property _id from documents of type project in db","level":"info"}
{"message":"pulled documents from database of type: project","level":"info"}
{"message":"pulled property _id from documents of type project in db","level":"info"}
{"message":"pulled documents from database of type: project","level":"info"}
{"message":"pulled property _id from documents of type project in db","level":"info"}
{"message":"pulled documents from database of type: project","level":"info"}
{"message":"pulled property _id from documents of type project in db","level":"info"}
{"message":"pulled documents from database of type: project","level":"info"}
{"message":"pulled property _id from documents of type project in db","level":"info"}
{"message":"pulled documents from database of type: project","level":"info"}
{"message":"pulled property _id from documents of type project in db","level":"info"}
{"message":"pulled documents from database of type: project","level":"info"}
{"message":"pulled property _id from documents of type project in db","level":"info"}
{"message":"pulled documents from database of type: project","level":"info"}
{"message":"pulled property _id from documents of type project in db","level":"info"}
{"message":"pulled documents from database of type: project","level":"info"}
{"message":"pulled property _id from documents of type project in db","level":"info"}
{"message":"pulled documents from database of type: project","level":"info"}
{"message":"pulled property _id from documents of type project in db","level":"info"}
{"message":"pulled documents from database of type: project","level":"info"}
{"message":"pulled property _id from documents of type project in db","level":"info"}
{"message":"pulled documents from database of type: project","level":"info"}
{"message":"pulled property _id from documents of type project in db","level":"info"}
{"message":"pulled documents from database of type: project","level":"info"}
{"message":"pulled property _id from documents of type project in db","level":"info"}
{"message":"pulled documents from database of type: project","level":"info"}
{"message":"pulled property _id from documents of type project in db","level":"info"}
{"message":"pulled documents from database of type: project","level":"info"}
{"message":"pulled property _id from documents of type project in db","level":"info"}
{"message":"pulled documents from database of type: project","level":"info"}
{"message":"pulled property _id from documents of type project in db","level":"info"}
{"message":"pulled documents from database of type: project","level":"info"}
{"message":"pulled property _id from documents of type project in db","level":"info"}
{"message":"pulled documents from database of type: project","level":"info"}
{"message":"pulled property _id from documents of type project in db","level":"info"}
{"message":"pulled documents from database of type: project","level":"info"}
{"message":"pulled property _id from documents of type project in db","level":"info"}
{"message":"pulled documents from database of type: project","level":"info"}
{"message":"pulled property _id from documents of type project in db","level":"info"}
{"message":"pulled documents from database of type: project","level":"info"}
{"message":"pulled property _id from documents of type project in db","level":"info"}
{"message":"pulled documents from database of type: project","level":"info"}
{"message":"pulled property _id from documents of type project in db","level":"info"}
{"message":"pulled documents from database of type: project","level":"info"}
{"message":"pulled property _id from documents of type project in db","level":"info"}
{"message":"pulled documents from database of type: project","level":"info"}
{"message":"pulled property _id from documents of type project in db","level":"info"}
{"message":"pulled documents from database of type: project","level":"info"}
{"message":"pulled property _id from documents of type project in db","level":"info"}
{"message":"pulled documents from database of type: project","level":"info"}
{"message":"pulled property _id from documents of type project in db","level":"info"}
{"message":"pulled documents from database of type: project","level":"info"}
{"message":"pulled property _id from documents of type project in db","level":"info"}
{"message":"pulled documents from database of type: project","level":"info"}
{"message":"pulled property _id from documents of type project in db","level":"info"}
{"message":"pulled documents from database of type: project","level":"info"}
{"message":"pulled property _id from documents of type project in db","level":"info"}
{"message":"pulled documents from database of type: project","level":"info"}
{"message":"pulled property _id from documents of type project in db","level":"info"}
{"message":"pulled documents from database of type: project","level":"info"}
{"message":"pulled property _id from documents of type project in db","level":"info"}
{"message":"pulled documents from database of type: project","level":"info"}
{"message":"pulled property _id from documents of type project in db","level":"info"}
{"message":"pulled documents from database of type: project","level":"info"}
{"message":"pulled property _id from documents of type project in db","level":"info"}
{"message":"pulled documents from database of type: project","level":"info"}
{"message":"pulled property _id from documents of type project in db","level":"info"}
{"message":"pulled documents from database of type: project","level":"info"}
{"message":"pulled property _id from documents of type project in db","level":"info"}
{"message":"pulled documents from database of type: project","level":"info"}
{"message":"pulled property _id from documents of type project in db","level":"info"}
{"message":"pulled documents from database of type: project","level":"info"}
{"message":"pulled property _id from documents of type project in db","level":"info"}
{"message":"pulled documents from database of type: project","level":"info"}
{"message":"pulled property _id from documents of type project in db","level":"info"}
{"message":"pulled documents from database of type: project","level":"info"}
{"message":"pulled property _id from documents of type project in db","level":"info"}
{"message":"pulled documents from database of type: project","level":"info"}
{"message":"pulled property _id from documents of type project in db","level":"info"}
{"message":"pulled documents from database of type: project","level":"info"}
{"message":"pulled property _id from documents of type project in db","level":"info"}
{"message":"pulled documents from database of type: project","level":"info"}
{"message":"pulled property _id from documents of type project in db","level":"info"}
{"message":"pulled documents from database of type: project","level":"info"}
{"message":"pulled property _id from documents of type project in db","level":"info"}
{"message":"pulled documents from database of type: project","level":"info"}
{"message":"pulled property _id from documents of type project in db","level":"info"}
{"message":"pulled documents from database of type: project","level":"info"}
{"message":"pulled property _id from documents of type project in db","level":"info"}
{"message":"pulled documents from database of type: project","level":"info"}
{"message":"pulled property _id from documents of type project in db","level":"info"}
{"message":"pulled documents from database of type: project","level":"info"}
{"message":"pulled property _id from documents of type project in db","level":"info"}
{"message":"pulled documents from database of type: project","level":"info"}
{"message":"pulled property _id from documents of type project in db","level":"info"}
{"message":"pulled documents from database of type: project","level":"info"}
{"message":"pulled property _id from documents of type project in db","level":"info"}
{"message":"pulled documents from database of type: project","level":"info"}
{"message":"pulled property _id from documents of type project in db","level":"info"}
{"message":"pulled documents from database of type: project","level":"info"}
{"message":"pulled property _id from documents of type project in db","level":"info"}
{"message":"pulled documents from database of type: project","level":"info"}
{"message":"pulled property _id from documents of type project in db","level":"info"}
{"message":"pulled documents from database of type: project","level":"info"}
{"message":"pulled property _id from documents of type project in db","level":"info"}
{"message":"pulled documents from database of type: project","level":"info"}
{"message":"pulled property _id from documents of type project in db","level":"info"}
{"message":"pulled documents from database of type: project","level":"info"}
{"message":"pulled property _id from documents of type project in db","level":"info"}
{"message":"pulled documents from database of type: project","level":"info"}
{"message":"pulled property _id from documents of type project in db","level":"info"}
{"message":"pulled documents from database of type: project","level":"info"}
{"message":"pulled property _id from documents of type project in db","level":"info"}
{"message":"pulled documents from database of type: project","level":"info"}
{"message":"pulled property _id from documents of type project in db","level":"info"}
{"message":"pulled documents from database of type: project","level":"info"}
{"message":"pulled property _id from documents of type project in db","level":"info"}
{"message":"pulled documents from database of type: project","level":"info"}
{"message":"pulled property _id from documents of type project in db","level":"info"}
{"message":"pulled documents from database of type: project","level":"info"}
{"message":"pulled property _id from documents of type project in db","level":"info"}
{"message":"pulled documents from database of type: project","level":"info"}
{"message":"pulled property _id from documents of type project in db","level":"info"}
{"message":"pulled documents from database of type: project","level":"info"}
{"message":"pulled property _id from documents of type project in db","level":"info"}
{"message":"pulled documents from database of type: project","level":"info"}
{"message":"pulled property _id from documents of type project in db","level":"info"}
{"message":"pulled documents from database of type: project","level":"info"}
{"message":"pulled property _id from documents of type project in db","level":"info"}
{"message":"pulled documents from database of type: project","level":"info"}
{"message":"pulled property _id from documents of type project in db","level":"info"}
{"message":"pulled documents from database of type: project","level":"info"}
{"message":"pulled property _id from documents of type project in db","level":"info"}
{"message":"pulled documents from database of type: project","level":"info"}
{"message":"pulled property _id from documents of type project in db","level":"info"}
{"message":"pulled documents from database of type: project","level":"info"}
{"message":"pulled property _id from documents of type project in db","level":"info"}
{"message":"pulled documents from database of type: project","level":"info"}
{"message":"pulled property _id from documents of type project in db","level":"info"}
{"message":"pulled documents from database of type: project","level":"info"}
{"message":"pulled property _id from documents of type project in db","level":"info"}
{"message":"pulled documents from database of type: project","level":"info"}
{"message":"pulled property _id from documents of type project in db","level":"info"}
{"message":"pulled documents from database of type: project","level":"info"}
{"message":"pulled property _id from documents of type project in db","level":"info"}
{"message":"pulled documents from database of type: project","level":"info"}
{"message":"pulled property _id from documents of type project in db","level":"info"}
{"message":"pulled documents from database of type: project","level":"info"}
{"message":"pulled property _id from documents of type project in db","level":"info"}
{"message":"pulled documents from database of type: project","level":"info"}
{"message":"pulled property _id from documents of type project in db","level":"info"}
{"message":"pulled documents from database of type: project","level":"info"}
{"message":"pulled property _id from documents of type project in db","level":"info"}
{"message":"pulled documents from database of type: project","level":"info"}
{"message":"pulled property _id from documents of type project in db","level":"info"}
{"message":"pulled documents from database of type: project","level":"info"}
{"message":"pulled property _id from documents of type project in db","level":"info"}
{"message":"pulled documents from database of type: project","level":"info"}
{"message":"pulled property _id from documents of type project in db","level":"info"}
{"message":"pulled documents from database of type: project","level":"info"}
{"message":"pulled property _id from documents of type project in db","level":"info"}
{"message":"pulled documents from database of type: project","level":"info"}
{"message":"pulled property _id from documents of type project in db","level":"info"}
{"message":"pulled documents from database of type: project","level":"info"}
{"message":"pulled property _id from documents of type project in db","level":"info"}
{"message":"pulled documents from database of type: project","level":"info"}
{"message":"pulled property _id from documents of type project in db","level":"info"}
{"message":"pulled documents from database of type: project","level":"info"}
{"message":"pulled property _id from documents of type project in db","level":"info"}
{"message":"pulled documents from database of type: project","level":"info"}
{"message":"pulled property _id from documents of type project in db","level":"info"}
{"message":"pulled documents from database of type: project","level":"info"}
{"message":"pulled property _id from documents of type project in db","level":"info"}
{"message":"pulled documents from database of type: project","level":"info"}
{"message":"pulled property _id from documents of type project in db","level":"info"}
{"message":"pulled documents from database of type: project","level":"info"}
{"message":"pulled property _id from documents of type project in db","level":"info"}
{"message":"pulled documents from database of type: project","level":"info"}
{"message":"pulled property _id from documents of type project in db","level":"info"}
{"message":"pulled documents from database of type: project","level":"info"}
{"message":"pulled property _id from documents of type project in db","level":"info"}
{"message":"pulled documents from database of type: project","level":"info"}
{"message":"pulled property _id from documents of type project in db","level":"info"}
{"message":"pulled documents from database of type: project","level":"info"}
{"message":"pulled property _id from documents of type project in db","level":"info"}
{"message":"pulled documents from database of type: project","level":"info"}
{"message":"pulled property _id from documents of type project in db","level":"info"}
{"message":"pulled documents from database of type: project","level":"info"}
{"message":"pulled property _id from documents of type project in db","level":"info"}
{"message":"pulled documents from database of type: project","level":"info"}
{"message":"pulled property _id from documents of type project in db","level":"info"}
{"message":"pulled documents from database of type: project","level":"info"}
{"message":"pulled property _id from documents of type project in db","level":"info"}
{"message":"pulled documents from database of type: project","level":"info"}
{"message":"pulled property _id from documents of type project in db","level":"info"}
{"message":"pulled documents from database of type: project","level":"info"}
{"message":"pulled property _id from documents of type project in db","level":"info"}
{"message":"pulled documents from database of type: project","level":"info"}
{"message":"pulled property _id from documents of type project in db","level":"info"}
{"message":"pulled documents from database of type: project","level":"info"}
{"message":"pulled property _id from documents of type project in db","level":"info"}
{"message":"pulled documents from database of type: project","level":"info"}
{"message":"pulled property _id from documents of type project in db","level":"info"}
{"message":"pulled documents from database of type: project","level":"info"}
{"message":"pulled property _id from documents of type project in db","level":"info"}
{"message":"pulled documents from database of type: project","level":"info"}
{"message":"pulled property _id from documents of type project in db","level":"info"}
{"message":"pulled documents from database of type: project","level":"info"}
{"message":"pulled property _id from documents of type project in db","level":"info"}
{"message":"pulled documents from database of type: project","level":"info"}
{"message":"pulled property _id from documents of type project in db","level":"info"}
{"message":"pulled documents from database of type: project","level":"info"}
{"message":"pulled property _id from documents of type project in db","level":"info"}
{"message":"pulled documents from database of type: project","level":"info"}
{"message":"pulled property _id from documents of type project in db","level":"info"}
{"message":"pulled documents from database of type: project","level":"info"}
{"message":"pulled property _id from documents of type project in db","level":"info"}
{"message":"pulled documents from database of type: project","level":"info"}
{"message":"pulled property _id from documents of type project in db","level":"info"}
{"message":"pulled documents from database of type: project","level":"info"}
{"message":"pulled property _id from documents of type project in db","level":"info"}
{"message":"pulled documents from database of type: project","level":"info"}
{"message":"pulled property _id from documents of type project in db","level":"info"}
{"message":"pulled documents from database of type: project","level":"info"}
{"message":"pulled property _id from documents of type project in db","level":"info"}
{"message":"pulled documents from database of type: project","level":"info"}
{"message":"pulled property _id from documents of type project in db","level":"info"}
{"message":"pulled documents from database of type: project","level":"info"}
{"message":"pulled property _id from documents of type project in db","level":"info"}
{"message":"pulled documents from database of type: project","level":"info"}
{"message":"pulled property _id from documents of type project in db","level":"info"}
{"message":"pulled documents from database of type: project","level":"info"}
{"message":"pulled property _id from documents of type project in db","level":"info"}
{"message":"pulled documents from database of type: project","level":"info"}
{"message":"pulled property _id from documents of type project in db","level":"info"}
{"message":"pulled documents from database of type: project","level":"info"}
{"message":"pulled property _id from documents of type project in db","level":"info"}
{"message":"pulled documents from database of type: project","level":"info"}
{"message":"pulled property _id from documents of type project in db","level":"info"}
{"message":"pulled documents from database of type: project","level":"info"}
{"message":"pulled property _id from documents of type project in db","level":"info"}
{"message":"pulled documents from database of type: project","level":"info"}
{"message":"pulled property _id from documents of type project in db","level":"info"}
{"message":"pulled documents from database of type: project","level":"info"}
{"message":"pulled property _id from documents of type project in db","level":"info"}
{"message":"pulled documents from database of type: project","level":"info"}
{"message":"pulled property _id from documents of type project in db","level":"info"}
{"message":"pulled documents from database of type: project","level":"info"}
{"message":"pulled property _id from documents of type project in db","level":"info"}
{"message":"pulled documents from database of type: project","level":"info"}
{"message":"pulled property _id from documents of type project in db","level":"info"}
{"message":"pulled documents from database of type: project","level":"info"}
{"message":"pulled property _id from documents of type project in db","level":"info"}
{"message":"pulled documents from database of type: project","level":"info"}
{"message":"pulled property _id from documents of type project in db","level":"info"}
{"message":"pulled documents from database of type: project","level":"info"}
{"message":"pulled property _id from documents of type project in db","level":"info"}
{"message":"pulled documents from database of type: project","level":"info"}
{"message":"pulled property _id from documents of type project in db","level":"info"}
{"message":"pulled documents from database of type: project","level":"info"}
{"message":"pulled property _id from documents of type project in db","level":"info"}
{"message":"pulled documents from database of type: project","level":"info"}
{"message":"pulled property _id from documents of type project in db","level":"info"}
{"message":"pulled documents from database of type: project","level":"info"}
{"message":"pulled property _id from documents of type project in db","level":"info"}
{"message":"pulled documents from database of type: project","level":"info"}
{"message":"pulled property _id from documents of type project in db","level":"info"}
{"message":"pulled documents from database of type: project","level":"info"}
{"message":"pulled property _id from documents of type project in db","level":"info"}
{"message":"pulled documents from database of type: project","level":"info"}
{"message":"pulled property _id from documents of type project in db","level":"info"}
{"message":"pulled documents from database of type: project","level":"info"}
{"message":"pulled property _id from documents of type project in db","level":"info"}
{"message":"pulled documents from database of type: project","level":"info"}
{"message":"pulled property _id from documents of type project in db","level":"info"}
{"message":"pulled documents from database of type: project","level":"info"}
{"message":"pulled property _id from documents of type project in db","level":"info"}
{"message":"pulled documents from database of type: project","level":"info"}
{"message":"pulled property _id from documents of type project in db","level":"info"}
{"message":"pulled documents from database of type: project","level":"info"}
{"message":"pulled property _id from documents of type project in db","level":"info"}
{"message":"pulled documents from database of type: project","level":"info"}
{"message":"pulled property _id from documents of type project in db","level":"info"}
{"message":"pulled documents from database of type: project","level":"info"}
{"message":"pulled property _id from documents of type project in db","level":"info"}
{"message":"pulled documents from database of type: project","level":"info"}
{"message":"pulled property _id from documents of type project in db","level":"info"}
{"message":"pulled documents from database of type: project","level":"info"}
{"message":"pulled property _id from documents of type project in db","level":"info"}
{"message":"pulled documents from database of type: project","level":"info"}
{"message":"pulled property _id from documents of type project in db","level":"info"}
{"message":"pulled documents from database of type: project","level":"info"}
{"message":"pulled property _id from documents of type project in db","level":"info"}
{"message":"pulled documents from database of type: project","level":"info"}
{"message":"pulled property _id from documents of type project in db","level":"info"}
{"message":"pulled documents from database of type: project","level":"info"}
{"message":"pulled property _id from documents of type project in db","level":"info"}
{"message":"pulled documents from database of type: project","level":"info"}
{"message":"pulled property _id from documents of type project in db","level":"info"}
{"message":"pulled documents from database of type: project","level":"info"}
{"message":"pulled property _id from documents of type project in db","level":"info"}
{"message":"pulled documents from database of type: project","level":"info"}
{"message":"pulled property _id from documents of type project in db","level":"info"}
{"message":"pulled documents from database of type: project","level":"info"}
{"message":"pulled property _id from documents of type project in db","level":"info"}
{"message":"pulled documents from database of type: project","level":"info"}
{"message":"pulled property _id from documents of type project in db","level":"info"}
{"message":"pulled documents from database of type: project","level":"info"}
{"message":"pulled property _id from documents of type project in db","level":"info"}
{"message":"pulled documents from database of type: project","level":"info"}
{"message":"pulled property _id from documents of type project in db","level":"info"}
{"message":"pulled documents from database of type: project","level":"info"}
{"message":"pulled property _id from documents of type project in db","level":"info"}
{"message":"pulled documents from database of type: project","level":"info"}
{"message":"pulled property _id from documents of type project in db","level":"info"}
{"message":"pulled documents from database of type: project","level":"info"}
{"message":"pulled property _id from documents of type project in db","level":"info"}
{"message":"pulled documents from database of type: project","level":"info"}
{"message":"pulled property _id from documents of type project in db","level":"info"}
{"message":"pulled documents from database of type: project","level":"info"}
{"message":"pulled property _id from documents of type project in db","level":"info"}
{"message":"pulled documents from database of type: project","level":"info"}
{"message":"pulled property _id from documents of type project in db","level":"info"}
{"message":"pulled documents from database of type: project","level":"info"}
{"message":"pulled property _id from documents of type project in db","level":"info"}
{"message":"pulled documents from database of type: project","level":"info"}
{"message":"pulled property _id from documents of type project in db","level":"info"}
{"message":"pulled documents from database of type: project","level":"info"}
{"message":"pulled property _id from documents of type project in db","level":"info"}
{"message":"pulled documents from database of type: project","level":"info"}
{"message":"pulled property _id from documents of type project in db","level":"info"}
{"message":"pulled documents from database of type: project","level":"info"}
{"message":"pulled property _id from documents of type project in db","level":"info"}
{"message":"pulled documents from database of type: project","level":"info"}
{"message":"pulled property _id from documents of type project in db","level":"info"}
{"message":"pulled documents from database of type: project","level":"info"}
{"message":"pulled property _id from documents of type project in db","level":"info"}
{"message":"pulled documents from database of type: project","level":"info"}
{"message":"pulled property _id from documents of type project in db","level":"info"}
{"message":"pulled documents from database of type: project","level":"info"}
{"message":"pulled property _id from documents of type project in db","level":"info"}
{"message":"pulled documents from database of type: project","level":"info"}
{"message":"pulled property _id from documents of type project in db","level":"info"}
{"message":"pulled documents from database of type: project","level":"info"}
{"message":"pulled property _id from documents of type project in db","level":"info"}
{"message":"pulled documents from database of type: project","level":"info"}
{"message":"pulled property _id from documents of type project in db","level":"info"}
{"message":"pulled documents from database of type: project","level":"info"}
{"message":"pulled property _id from documents of type project in db","level":"info"}
{"message":"pulled documents from database of type: project","level":"info"}
{"message":"pulled property _id from documents of type project in db","level":"info"}
{"message":"pulled documents from database of type: project","level":"info"}
{"message":"pulled property _id from documents of type project in db","level":"info"}
{"message":"pulled documents from database of type: project","level":"info"}
{"message":"pulled property _id from documents of type project in db","level":"info"}
{"message":"pulled documents from database of type: project","level":"info"}
{"message":"pulled property _id from documents of type project in db","level":"info"}
{"message":"pulled documents from database of type: project","level":"info"}
{"message":"pulled property _id from documents of type project in db","level":"info"}
{"message":"pulled documents from database of type: project","level":"info"}
{"message":"pulled property _id from documents of type project in db","level":"info"}
{"message":"pulled documents from database of type: project","level":"info"}
{"message":"pulled property _id from documents of type project in db","level":"info"}
{"message":"pulled documents from database of type: project","level":"info"}
{"message":"pulled property _id from documents of type project in db","level":"info"}
{"message":"pulled documents from database of type: project","level":"info"}
{"message":"pulled property _id from documents of type project in db","level":"info"}
{"message":"pulled documents from database of type: project","level":"info"}
{"message":"pulled property _id from documents of type project in db","level":"info"}
{"message":"pulled documents from database of type: project","level":"info"}
{"message":"pulled property _id from documents of type project in db","level":"info"}
{"message":"pulled documents from database of type: project","level":"info"}
{"message":"pulled property _id from documents of type project in db","level":"info"}
{"message":"pulled documents from database of type: project","level":"info"}
{"message":"pulled property _id from documents of type project in db","level":"info"}
{"message":"pulled documents from database of type: project","level":"info"}
{"message":"pulled property _id from documents of type project in db","level":"info"}
{"message":"pulled documents from database of type: project","level":"info"}
{"message":"pulled property _id from documents of type project in db","level":"info"}
{"message":"pulled documents from database of type: project","level":"info"}
{"message":"pulled property _id from documents of type project in db","level":"info"}
{"message":"pulled documents from database of type: project","level":"info"}
{"message":"pulled property _id from documents of type project in db","level":"info"}
{"message":"pulled documents from database of type: project","level":"info"}
{"message":"pulled property _id from documents of type project in db","level":"info"}
{"message":"pulled documents from database of type: project","level":"info"}
{"message":"pulled property _id from documents of type project in db","level":"info"}
{"message":"pulled documents from database of type: project","level":"info"}
{"message":"pulled property _id from documents of type project in db","level":"info"}
{"message":"pulled documents from database of type: project","level":"info"}
{"message":"pulled property _id from documents of type project in db","level":"info"}
{"message":"pulled documents from database of type: project","level":"info"}
{"message":"pulled property _id from documents of type project in db","level":"info"}
{"message":"pulled documents from database of type: project","level":"info"}
{"message":"pulled property _id from documents of type project in db","level":"info"}
{"message":"pulled documents from database of type: project","level":"info"}
{"message":"pulled property _id from documents of type project in db","level":"info"}
{"message":"pulled documents from database of type: project","level":"info"}
{"message":"pulled property _id from documents of type project in db","level":"info"}
{"message":"pulled documents from database of type: project","level":"info"}
{"message":"pulled property _id from documents of type project in db","level":"info"}
{"message":"pulled documents from database of type: project","level":"info"}
{"message":"pulled property _id from documents of type project in db","level":"info"}
{"message":"pulled documents from database of type: project","level":"info"}
{"message":"pulled property _id from documents of type project in db","level":"info"}
{"message":"pulled documents from database of type: project","level":"info"}
{"message":"pulled property _id from documents of type project in db","level":"info"}
{"message":"pulled documents from database of type: project","level":"info"}
{"message":"pulled property _id from documents of type project in db","level":"info"}
{"message":"pulled documents from database of type: project","level":"info"}
{"message":"pulled property _id from documents of type project in db","level":"info"}
{"message":"pulled documents from database of type: project","level":"info"}
{"message":"pulled property _id from documents of type project in db","level":"info"}
{"message":"pulled documents from database of type: project","level":"info"}
{"message":"pulled property _id from documents of type project in db","level":"info"}
{"message":"pulled documents from database of type: project","level":"info"}
{"message":"pulled property _id from documents of type project in db","level":"info"}
{"message":"pulled documents from database of type: project","level":"info"}
{"message":"pulled property _id from documents of type project in db","level":"info"}
{"message":"pulled documents from database of type: project","level":"info"}
{"message":"pulled property _id from documents of type project in db","level":"info"}
{"message":"pulled documents from database of type: project","level":"info"}
{"message":"pulled property _id from documents of type project in db","level":"info"}
{"message":"pulled documents from database of type: project","level":"info"}
{"message":"pulled property _id from documents of type project in db","level":"info"}
{"message":"pulled documents from database of type: project","level":"info"}
{"message":"pulled property _id from documents of type project in db","level":"info"}
{"message":"pulled documents from database of type: project","level":"info"}
{"message":"pulled property _id from documents of type project in db","level":"info"}
{"message":"pulled documents from database of type: project","level":"info"}
{"message":"pulled property _id from documents of type project in db","level":"info"}
{"message":"pulled documents from database of type: project","level":"info"}
{"message":"pulled property _id from documents of type project in db","level":"info"}
{"message":"pulled documents from database of type: project","level":"info"}
{"message":"pulled property _id from documents of type project in db","level":"info"}
{"message":"pulled documents from database of type: project","level":"info"}
{"message":"pulled property _id from documents of type project in db","level":"info"}
{"message":"pulled documents from database of type: project","level":"info"}
{"message":"pulled property _id from documents of type project in db","level":"info"}
{"message":"pulled documents from database of type: project","level":"info"}
{"message":"pulled property _id from documents of type project in db","level":"info"}
{"message":"pulled documents from database of type: project","level":"info"}
{"message":"pulled property _id from documents of type project in db","level":"info"}
{"message":"pulled documents from database of type: project","level":"info"}
{"message":"pulled property _id from documents of type project in db","level":"info"}
{"message":"pulled documents from database of type: project","level":"info"}
{"message":"pulled property _id from documents of type project in db","level":"info"}
{"message":"pulled documents from database of type: project","level":"info"}
{"message":"pulled property _id from documents of type project in db","level":"info"}
{"message":"pulled documents from database of type: project","level":"info"}
{"message":"pulled property _id from documents of type project in db","level":"info"}
{"message":"pulled documents from database of type: project","level":"info"}
{"message":"pulled property _id from documents of type project in db","level":"info"}
{"message":"pulled documents from database of type: project","level":"info"}
{"message":"pulled property _id from documents of type project in db","level":"info"}
{"message":"pulled documents from database of type: project","level":"info"}
{"message":"pulled property _id from documents of type project in db","level":"info"}
{"message":"pulled documents from database of type: project","level":"info"}
{"message":"pulled property _id from documents of type project in db","level":"info"}
{"message":"pulled documents from database of type: project","level":"info"}
{"message":"pulled property _id from documents of type project in db","level":"info"}
{"message":"pulled documents from database of type: project","level":"info"}
{"message":"pulled property _id from documents of type project in db","level":"info"}
{"message":"pulled documents from database of type: project","level":"info"}
{"message":"pulled property _id from documents of type project in db","level":"info"}
{"message":"pulled documents from database of type: project","level":"info"}
{"message":"pulled property _id from documents of type project in db","level":"info"}
{"message":"pulled documents from database of type: project","level":"info"}
{"message":"pulled property _id from documents of type project in db","level":"info"}
{"message":"pulled documents from database of type: project","level":"info"}
{"message":"pulled property _id from documents of type project in db","level":"info"}
{"message":"pulled documents from database of type: project","level":"info"}
{"message":"pulled property _id from documents of type project in db","level":"info"}
{"message":"pulled documents from database of type: project","level":"info"}
{"message":"pulled property _id from documents of type project in db","level":"info"}
{"message":"pulled documents from database of type: project","level":"info"}
{"message":"pulled property _id from documents of type project in db","level":"info"}
{"message":"pulled documents from database of type: project","level":"info"}
{"message":"started app server at http://localhost:3000","level":"warn"}
{"message":"formed new connection to db","level":"info"}
{"message":"pulled property _id from documents of type project in db","level":"info"}
{"message":"pulled documents from database of type: project","level":"info"}
{"message":"pulled property _id from documents of type project in db","level":"info"}
{"message":"pulled documents from database of type: project","level":"info"}
{"message":"pulled property _id from documents of type project in db","level":"info"}
{"message":"pulled documents from database of type: project","level":"info"}
{"message":"pulled property _id from documents of type project in db","level":"info"}
{"message":"pulled documents from database of type: project","level":"info"}
{"message":"pulled property _id from documents of type project in db","level":"info"}
{"message":"pulled documents from database of type: project","level":"info"}
{"message":"pulled property _id from documents of type project in db","level":"info"}
{"message":"pulled documents from database of type: project","level":"info"}
{"message":"pulled property _id from documents of type project in db","level":"info"}
{"message":"pulled documents from database of type: project","level":"info"}
{"message":"pulled property _id from documents of type project in db","level":"info"}
{"message":"pulled documents from database of type: project","level":"info"}
{"message":"pulled property _id from documents of type project in db","level":"info"}
{"message":"pulled documents from database of type: project","level":"info"}
{"message":"pulled property _id from documents of type project in db","level":"info"}
{"message":"pulled documents from database of type: project","level":"info"}
{"message":"pulled property _id from documents of type project in db","level":"info"}
{"message":"pulled documents from database of type: project","level":"info"}
{"message":"pulled property _id from documents of type project in db","level":"info"}
{"message":"pulled documents from database of type: project","level":"info"}
{"message":"pulled property _id from documents of type project in db","level":"info"}
{"message":"pulled documents from database of type: project","level":"info"}
{"message":"pulled property _id from documents of type project in db","level":"info"}
{"message":"pulled documents from database of type: project","level":"info"}
{"message":"pulled property _id from documents of type project in db","level":"info"}
{"message":"pulled documents from database of type: project","level":"info"}
{"message":"pulled property _id from documents of type project in db","level":"info"}
{"message":"pulled documents from database of type: project","level":"info"}
{"message":"pulled property _id from documents of type project in db","level":"info"}
{"message":"pulled documents from database of type: project","level":"info"}
{"message":"pulled property _id from documents of type project in db","level":"info"}
{"message":"pulled documents from database of type: project","level":"info"}
{"message":"pulled property _id from documents of type project in db","level":"info"}
{"message":"pulled documents from database of type: project","level":"info"}
{"message":"pulled property _id from documents of type project in db","level":"info"}
{"message":"pulled documents from database of type: project","level":"info"}
{"message":"pulled property _id from documents of type project in db","level":"info"}
{"message":"pulled documents from database of type: project","level":"info"}
{"message":"pulled property _id from documents of type project in db","level":"info"}
{"message":"pulled documents from database of type: project","level":"info"}
{"message":"pulled property _id from documents of type project in db","level":"info"}
{"message":"pulled documents from database of type: project","level":"info"}
{"message":"pulled property _id from documents of type project in db","level":"info"}
{"message":"pulled documents from database of type: project","level":"info"}
{"message":"pulled property _id from documents of type project in db","level":"info"}
{"message":"pulled documents from database of type: project","level":"info"}
{"message":"pulled property _id from documents of type project in db","level":"info"}
{"message":"pulled documents from database of type: project","level":"info"}
{"message":"pulled property _id from documents of type project in db","level":"info"}
{"message":"pulled documents from database of type: project","level":"info"}
{"message":"pulled property _id from documents of type project in db","level":"info"}
{"message":"pulled documents from database of type: project","level":"info"}
{"message":"pulled property _id from documents of type project in db","level":"info"}
{"message":"pulled documents from database of type: project","level":"info"}
{"message":"pulled property _id from documents of type project in db","level":"info"}
{"message":"pulled documents from database of type: project","level":"info"}
{"message":"pulled property _id from documents of type project in db","level":"info"}
{"message":"pulled documents from database of type: project","level":"info"}
{"message":"pulled property _id from documents of type project in db","level":"info"}
{"message":"pulled documents from database of type: project","level":"info"}
{"message":"pulled property _id from documents of type project in db","level":"info"}
{"message":"pulled documents from database of type: project","level":"info"}
{"message":"pulled property _id from documents of type project in db","level":"info"}
{"message":"pulled documents from database of type: project","level":"info"}
{"message":"pulled property _id from documents of type project in db","level":"info"}
{"message":"pulled documents from database of type: project","level":"info"}
{"message":"pulled property _id from documents of type project in db","level":"info"}
{"message":"pulled documents from database of type: project","level":"info"}
{"message":"pulled property _id from documents of type project in db","level":"info"}
{"message":"pulled documents from database of type: project","level":"info"}
{"message":"pulled property _id from documents of type project in db","level":"info"}
{"message":"pulled documents from database of type: project","level":"info"}
{"message":"pulled property _id from documents of type project in db","level":"info"}
{"message":"pulled documents from database of type: project","level":"info"}
{"message":"pulled property _id from documents of type project in db","level":"info"}
{"message":"pulled documents from database of type: project","level":"info"}
{"message":"pulled property _id from documents of type project in db","level":"info"}
{"message":"pulled documents from database of type: project","level":"info"}
{"message":"pulled property _id from documents of type project in db","level":"info"}
{"message":"pulled documents from database of type: project","level":"info"}
{"message":"pulled property _id from documents of type project in db","level":"info"}
{"message":"pulled documents from database of type: project","level":"info"}
{"message":"pulled property _id from documents of type project in db","level":"info"}
{"message":"pulled documents from database of type: project","level":"info"}
{"message":"pulled property _id from documents of type project in db","level":"info"}
{"message":"pulled documents from database of type: project","level":"info"}
{"message":"pulled property _id from documents of type project in db","level":"info"}
{"message":"pulled documents from database of type: project","level":"info"}
{"message":"pulled property _id from documents of type project in db","level":"info"}
{"message":"pulled documents from database of type: project","level":"info"}
{"message":"pulled property _id from documents of type project in db","level":"info"}
{"message":"pulled documents from database of type: project","level":"info"}
{"message":"pulled property _id from documents of type project in db","level":"info"}
{"message":"pulled documents from database of type: project","level":"info"}
{"message":"pulled property _id from documents of type project in db","level":"info"}
{"message":"pulled documents from database of type: project","level":"info"}
{"message":"pulled property _id from documents of type project in db","level":"info"}
{"message":"pulled documents from database of type: project","level":"info"}
{"message":"pulled property _id from documents of type project in db","level":"info"}
{"message":"pulled documents from database of type: project","level":"info"}
{"message":"pulled property _id from documents of type project in db","level":"info"}
{"message":"pulled documents from database of type: project","level":"info"}
{"message":"pulled property _id from documents of type project in db","level":"info"}
{"message":"pulled documents from database of type: project","level":"info"}
{"message":"pulled property _id from documents of type project in db","level":"info"}
{"message":"pulled documents from database of type: project","level":"info"}
{"message":"pulled property _id from documents of type project in db","level":"info"}
{"message":"pulled documents from database of type: project","level":"info"}
{"message":"pulled property _id from documents of type project in db","level":"info"}
{"message":"pulled documents from database of type: project","level":"info"}
{"message":"pulled property _id from documents of type project in db","level":"info"}
{"message":"pulled documents from database of type: project","level":"info"}
{"message":"pulled property _id from documents of type project in db","level":"info"}
{"message":"pulled documents from database of type: project","level":"info"}
{"message":"pulled property _id from documents of type project in db","level":"info"}
{"message":"pulled documents from database of type: project","level":"info"}
{"message":"pulled property _id from documents of type project in db","level":"info"}
{"message":"pulled documents from database of type: project","level":"info"}
{"message":"pulled property _id from documents of type project in db","level":"info"}
{"message":"pulled documents from database of type: project","level":"info"}
{"message":"pulled property _id from documents of type project in db","level":"info"}
{"message":"pulled documents from database of type: project","level":"info"}
{"message":"pulled property _id from documents of type project in db","level":"info"}
{"message":"pulled documents from database of type: project","level":"info"}
{"message":"pulled property _id from documents of type project in db","level":"info"}
{"message":"pulled documents from database of type: project","level":"info"}
{"message":"pulled property _id from documents of type project in db","level":"info"}
{"message":"pulled documents from database of type: project","level":"info"}
{"message":"pulled property _id from documents of type project in db","level":"info"}
{"message":"pulled documents from database of type: project","level":"info"}
{"message":"pulled property _id from documents of type project in db","level":"info"}
{"message":"pulled documents from database of type: project","level":"info"}
{"message":"pulled property _id from documents of type project in db","level":"info"}
{"message":"pulled documents from database of type: project","level":"info"}
{"message":"pulled property _id from documents of type project in db","level":"info"}
{"message":"pulled documents from database of type: project","level":"info"}
{"message":"pulled property _id from documents of type project in db","level":"info"}
{"message":"pulled documents from database of type: project","level":"info"}
{"message":"pulled property _id from documents of type project in db","level":"info"}
{"message":"pulled documents from database of type: project","level":"info"}
{"message":"pulled property _id from documents of type project in db","level":"info"}
{"message":"pulled documents from database of type: project","level":"info"}
{"message":"pulled property _id from documents of type project in db","level":"info"}
{"message":"pulled documents from database of type: project","level":"info"}
{"message":"pulled property _id from documents of type project in db","level":"info"}
{"message":"pulled documents from database of type: project","level":"info"}
{"message":"pulled property _id from documents of type project in db","level":"info"}
{"message":"pulled documents from database of type: project","level":"info"}
{"message":"pulled property _id from documents of type project in db","level":"info"}
{"message":"pulled documents from database of type: project","level":"info"}
{"message":"pulled property _id from documents of type project in db","level":"info"}
{"message":"pulled documents from database of type: project","level":"info"}
{"message":"pulled property _id from documents of type project in db","level":"info"}
{"message":"pulled documents from database of type: project","level":"info"}
{"message":"pulled property _id from documents of type project in db","level":"info"}
{"message":"pulled documents from database of type: project","level":"info"}
{"message":"pulled property _id from documents of type project in db","level":"info"}
{"message":"pulled documents from database of type: project","level":"info"}
{"message":"pulled property _id from documents of type project in db","level":"info"}
{"message":"pulled documents from database of type: project","level":"info"}
{"message":"pulled property _id from documents of type project in db","level":"info"}
{"message":"pulled documents from database of type: project","level":"info"}
{"message":"pulled property _id from documents of type project in db","level":"info"}
{"message":"pulled documents from database of type: project","level":"info"}
{"message":"pulled property _id from documents of type project in db","level":"info"}
{"message":"pulled documents from database of type: project","level":"info"}
{"message":"pulled property _id from documents of type project in db","level":"info"}
{"message":"pulled documents from database of type: project","level":"info"}
{"message":"pulled property _id from documents of type project in db","level":"info"}
{"message":"pulled documents from database of type: project","level":"info"}
{"message":"pulled property _id from documents of type project in db","level":"info"}
{"message":"pulled documents from database of type: project","level":"info"}
{"message":"pulled property _id from documents of type project in db","level":"info"}
{"message":"pulled documents from database of type: project","level":"info"}
{"message":"pulled property _id from documents of type project in db","level":"info"}
{"message":"pulled documents from database of type: project","level":"info"}
{"message":"pulled property _id from documents of type project in db","level":"info"}
{"message":"pulled documents from database of type: project","level":"info"}
{"message":"pulled property _id from documents of type project in db","level":"info"}
{"message":"pulled documents from database of type: project","level":"info"}
{"message":"pulled property _id from documents of type project in db","level":"info"}
{"message":"pulled documents from database of type: project","level":"info"}
{"message":"pulled property _id from documents of type project in db","level":"info"}
{"message":"pulled documents from database of type: project","level":"info"}
{"message":"pulled property _id from documents of type project in db","level":"info"}
{"message":"pulled documents from database of type: project","level":"info"}
{"message":"pulled property _id from documents of type project in db","level":"info"}
{"message":"pulled documents from database of type: project","level":"info"}
{"message":"pulled property _id from documents of type project in db","level":"info"}
{"message":"pulled documents from database of type: project","level":"info"}
{"message":"pulled property _id from documents of type project in db","level":"info"}
{"message":"pulled documents from database of type: project","level":"info"}
{"message":"pulled property _id from documents of type project in db","level":"info"}
{"message":"pulled documents from database of type: project","level":"info"}
{"message":"pulled property _id from documents of type project in db","level":"info"}
{"message":"pulled documents from database of type: project","level":"info"}
{"message":"pulled property _id from documents of type project in db","level":"info"}
{"message":"pulled documents from database of type: project","level":"info"}
{"message":"pulled property _id from documents of type project in db","level":"info"}
{"message":"pulled documents from database of type: project","level":"info"}
{"message":"pulled property _id from documents of type project in db","level":"info"}
{"message":"pulled documents from database of type: project","level":"info"}
{"message":"pulled property _id from documents of type project in db","level":"info"}
{"message":"pulled documents from database of type: project","level":"info"}
{"message":"pulled property _id from documents of type project in db","level":"info"}
{"message":"pulled documents from database of type: project","level":"info"}
{"message":"pulled property _id from documents of type project in db","level":"info"}
{"message":"pulled documents from database of type: project","level":"info"}
{"message":"pulled property _id from documents of type project in db","level":"info"}
{"message":"pulled documents from database of type: project","level":"info"}
{"message":"pulled property _id from documents of type project in db","level":"info"}
{"message":"pulled documents from database of type: project","level":"info"}
{"message":"pulled property _id from documents of type project in db","level":"info"}
{"message":"pulled documents from database of type: project","level":"info"}
{"message":"pulled property _id from documents of type project in db","level":"info"}
{"message":"pulled documents from database of type: project","level":"info"}
{"message":"pulled property _id from documents of type project in db","level":"info"}
{"message":"pulled documents from database of type: project","level":"info"}
{"message":"pulled property _id from documents of type project in db","level":"info"}
{"message":"pulled documents from database of type: project","level":"info"}
{"message":"pulled property _id from documents of type project in db","level":"info"}
{"message":"pulled documents from database of type: project","level":"info"}
{"message":"pulled property _id from documents of type project in db","level":"info"}
{"message":"pulled documents from database of type: project","level":"info"}
{"message":"pulled property _id from documents of type project in db","level":"info"}
{"message":"pulled documents from database of type: project","level":"info"}
{"message":"pulled property _id from documents of type project in db","level":"info"}
{"message":"pulled documents from database of type: project","level":"info"}
{"message":"pulled property _id from documents of type project in db","level":"info"}
{"message":"pulled documents from database of type: project","level":"info"}
{"message":"pulled property _id from documents of type project in db","level":"info"}
{"message":"pulled documents from database of type: project","level":"info"}
{"message":"pulled property _id from documents of type project in db","level":"info"}
{"message":"pulled documents from database of type: project","level":"info"}
{"message":"pulled property _id from documents of type project in db","level":"info"}
{"message":"pulled documents from database of type: project","level":"info"}
{"message":"pulled property _id from documents of type project in db","level":"info"}
{"message":"pulled documents from database of type: project","level":"info"}
{"message":"pulled property _id from documents of type project in db","level":"info"}
{"message":"pulled documents from database of type: project","level":"info"}
{"message":"pulled property _id from documents of type project in db","level":"info"}
{"message":"pulled documents from database of type: project","level":"info"}
{"message":"pulled property _id from documents of type project in db","level":"info"}
{"message":"pulled documents from database of type: project","level":"info"}
{"message":"pulled property _id from documents of type project in db","level":"info"}
{"message":"pulled documents from database of type: project","level":"info"}
{"message":"pulled property _id from documents of type project in db","level":"info"}
{"message":"pulled documents from database of type: project","level":"info"}
{"message":"pulled property _id from documents of type project in db","level":"info"}
{"message":"pulled documents from database of type: project","level":"info"}
{"message":"pulled property _id from documents of type project in db","level":"info"}
{"message":"pulled documents from database of type: project","level":"info"}
{"message":"pulled property _id from documents of type project in db","level":"info"}
{"message":"pulled documents from database of type: project","level":"info"}
{"message":"pulled property _id from documents of type project in db","level":"info"}
{"message":"pulled documents from database of type: project","level":"info"}
{"message":"pulled property _id from documents of type project in db","level":"info"}
{"message":"pulled documents from database of type: project","level":"info"}
{"message":"pulled property _id from documents of type project in db","level":"info"}
{"message":"pulled documents from database of type: project","level":"info"}
{"message":"pulled property _id from documents of type project in db","level":"info"}
{"message":"pulled documents from database of type: project","level":"info"}
{"message":"pulled property _id from documents of type project in db","level":"info"}
{"message":"pulled documents from database of type: project","level":"info"}
{"message":"pulled property _id from documents of type project in db","level":"info"}
{"message":"pulled documents from database of type: project","level":"info"}
{"message":"pulled property _id from documents of type project in db","level":"info"}
{"message":"pulled documents from database of type: project","level":"info"}
{"message":"pulled property _id from documents of type project in db","level":"info"}
{"message":"pulled documents from database of type: project","level":"info"}
{"message":"pulled property _id from documents of type project in db","level":"info"}
{"message":"pulled documents from database of type: project","level":"info"}
{"message":"pulled property _id from documents of type project in db","level":"info"}
{"message":"pulled documents from database of type: project","level":"info"}
{"message":"pulled property _id from documents of type project in db","level":"info"}
{"message":"pulled documents from database of type: project","level":"info"}
{"message":"pulled property _id from documents of type project in db","level":"info"}
{"message":"pulled documents from database of type: project","level":"info"}
{"message":"pulled property _id from documents of type project in db","level":"info"}
{"message":"pulled documents from database of type: project","level":"info"}
{"message":"pulled property _id from documents of type project in db","level":"info"}
{"message":"pulled documents from database of type: project","level":"info"}
{"message":"pulled property _id from documents of type project in db","level":"info"}
{"message":"pulled documents from database of type: project","level":"info"}
{"message":"pulled property _id from documents of type project in db","level":"info"}
{"message":"pulled documents from database of type: project","level":"info"}
{"message":"pulled property _id from documents of type project in db","level":"info"}
{"message":"pulled documents from database of type: project","level":"info"}
{"message":"pulled property _id from documents of type project in db","level":"info"}
{"message":"pulled documents from database of type: project","level":"info"}
{"message":"pulled property _id from documents of type project in db","level":"info"}
{"message":"pulled documents from database of type: project","level":"info"}
{"message":"pulled property _id from documents of type project in db","level":"info"}
{"message":"pulled documents from database of type: project","level":"info"}
{"message":"pulled property _id from documents of type project in db","level":"info"}
{"message":"pulled documents from database of type: project","level":"info"}
{"message":"pulled property _id from documents of type project in db","level":"info"}
{"message":"pulled documents from database of type: project","level":"info"}
{"message":"pulled property _id from documents of type project in db","level":"info"}
{"message":"pulled documents from database of type: project","level":"info"}
{"message":"pulled property _id from documents of type project in db","level":"info"}
{"message":"pulled documents from database of type: project","level":"info"}
{"message":"pulled property _id from documents of type project in db","level":"info"}
{"message":"pulled documents from database of type: project","level":"info"}
{"message":"pulled property _id from documents of type project in db","level":"info"}
{"message":"pulled documents from database of type: project","level":"info"}
{"message":"pulled property _id from documents of type project in db","level":"info"}
{"message":"pulled documents from database of type: project","level":"info"}
{"message":"pulled property _id from documents of type project in db","level":"info"}
{"message":"pulled documents from database of type: project","level":"info"}
{"message":"pulled property _id from documents of type project in db","level":"info"}
{"message":"pulled documents from database of type: project","level":"info"}
{"message":"pulled property _id from documents of type project in db","level":"info"}
{"message":"pulled documents from database of type: project","level":"info"}
{"message":"pulled property _id from documents of type project in db","level":"info"}
{"message":"pulled documents from database of type: project","level":"info"}
{"message":"pulled property _id from documents of type project in db","level":"info"}
{"message":"pulled documents from database of type: project","level":"info"}
{"message":"pulled property _id from documents of type project in db","level":"info"}
{"message":"pulled documents from database of type: project","level":"info"}
{"message":"pulled property _id from documents of type project in db","level":"info"}
{"message":"pulled documents from database of type: project","level":"info"}
{"message":"pulled property _id from documents of type project in db","level":"info"}
{"message":"pulled documents from database of type: project","level":"info"}
{"message":"pulled property _id from documents of type project in db","level":"info"}
{"message":"pulled documents from database of type: project","level":"info"}
{"message":"pulled property _id from documents of type project in db","level":"info"}
{"message":"pulled documents from database of type: project","level":"info"}
{"message":"pulled property _id from documents of type project in db","level":"info"}
{"message":"pulled documents from database of type: project","level":"info"}
{"message":"pulled property _id from documents of type project in db","level":"info"}
{"message":"pulled documents from database of type: project","level":"info"}
{"message":"pulled property _id from documents of type project in db","level":"info"}
{"message":"pulled documents from database of type: project","level":"info"}
{"message":"pulled property _id from documents of type project in db","level":"info"}
{"message":"pulled documents from database of type: project","level":"info"}
{"message":"pulled property _id from documents of type project in db","level":"info"}
{"message":"pulled documents from database of type: project","level":"info"}
{"message":"pulled property _id from documents of type project in db","level":"info"}
{"message":"pulled documents from database of type: project","level":"info"}
{"message":"pulled property _id from documents of type project in db","level":"info"}
{"message":"pulled documents from database of type: project","level":"info"}
{"message":"pulled property _id from documents of type project in db","level":"info"}
{"message":"pulled documents from database of type: project","level":"info"}
{"message":"pulled property _id from documents of type project in db","level":"info"}
{"message":"pulled documents from database of type: project","level":"info"}
{"message":"pulled property _id from documents of type project in db","level":"info"}
{"message":"pulled documents from database of type: project","level":"info"}
{"message":"pulled property _id from documents of type project in db","level":"info"}
{"message":"pulled documents from database of type: project","level":"info"}
{"message":"pulled property _id from documents of type project in db","level":"info"}
{"message":"pulled documents from database of type: project","level":"info"}
{"message":"pulled property _id from documents of type project in db","level":"info"}
{"message":"pulled documents from database of type: project","level":"info"}
{"message":"pulled property _id from documents of type project in db","level":"info"}
{"message":"pulled documents from database of type: project","level":"info"}
{"message":"pulled property _id from documents of type project in db","level":"info"}
{"message":"pulled documents from database of type: project","level":"info"}
{"message":"pulled property _id from documents of type project in db","level":"info"}
{"message":"pulled documents from database of type: project","level":"info"}
{"message":"pulled property _id from documents of type project in db","level":"info"}
{"message":"pulled documents from database of type: project","level":"info"}
{"message":"pulled property _id from documents of type project in db","level":"info"}
{"message":"pulled documents from database of type: project","level":"info"}
{"message":"pulled property _id from documents of type project in db","level":"info"}
{"message":"pulled documents from database of type: project","level":"info"}
{"message":"pulled property _id from documents of type project in db","level":"info"}
{"message":"pulled documents from database of type: project","level":"info"}
{"message":"pulled property _id from documents of type project in db","level":"info"}
{"message":"pulled documents from database of type: project","level":"info"}
{"message":"pulled property _id from documents of type project in db","level":"info"}
{"message":"pulled documents from database of type: project","level":"info"}
{"message":"pulled property _id from documents of type project in db","level":"info"}
{"message":"pulled documents from database of type: project","level":"info"}
{"message":"pulled property _id from documents of type project in db","level":"info"}
{"message":"pulled documents from database of type: project","level":"info"}
{"message":"pulled property _id from documents of type project in db","level":"info"}
{"message":"pulled documents from database of type: project","level":"info"}
{"message":"pulled property _id from documents of type project in db","level":"info"}
{"message":"pulled documents from database of type: project","level":"info"}
{"message":"pulled property _id from documents of type project in db","level":"info"}
{"message":"pulled documents from database of type: project","level":"info"}
{"message":"pulled property _id from documents of type project in db","level":"info"}
{"message":"pulled documents from database of type: project","level":"info"}
{"message":"pulled property _id from documents of type project in db","level":"info"}
{"message":"pulled documents from database of type: project","level":"info"}
{"message":"pulled property _id from documents of type project in db","level":"info"}
{"message":"pulled documents from database of type: project","level":"info"}
{"message":"pulled property _id from documents of type project in db","level":"info"}
{"message":"pulled documents from database of type: project","level":"info"}
{"message":"pulled property _id from documents of type project in db","level":"info"}
{"message":"pulled documents from database of type: project","level":"info"}
{"message":"pulled property _id from documents of type project in db","level":"info"}
{"message":"pulled documents from database of type: project","level":"info"}
{"message":"pulled property _id from documents of type project in db","level":"info"}
{"message":"pulled documents from database of type: project","level":"info"}
{"message":"pulled property _id from documents of type project in db","level":"info"}
{"message":"pulled documents from database of type: project","level":"info"}
{"message":"pulled property _id from documents of type project in db","level":"info"}
{"message":"pulled documents from database of type: project","level":"info"}
{"message":"pulled property _id from documents of type project in db","level":"info"}
{"message":"pulled documents from database of type: project","level":"info"}
{"message":"pulled property _id from documents of type project in db","level":"info"}
{"message":"pulled documents from database of type: project","level":"info"}
{"message":"pulled property _id from documents of type project in db","level":"info"}
{"message":"pulled documents from database of type: project","level":"info"}
{"message":"pulled property _id from documents of type project in db","level":"info"}
{"message":"pulled documents from database of type: project","level":"info"}
{"message":"pulled property _id from documents of type project in db","level":"info"}
{"message":"pulled documents from database of type: project","level":"info"}
{"message":"pulled property _id from documents of type project in db","level":"info"}
{"message":"pulled documents from database of type: project","level":"info"}
{"message":"pulled property _id from documents of type project in db","level":"info"}
{"message":"pulled documents from database of type: project","level":"info"}
{"message":"pulled property _id from documents of type project in db","level":"info"}
{"message":"pulled documents from database of type: project","level":"info"}
{"message":"pulled property _id from documents of type project in db","level":"info"}
{"message":"pulled documents from database of type: project","level":"info"}
{"message":"pulled property _id from documents of type project in db","level":"info"}
{"message":"pulled documents from database of type: project","level":"info"}
{"message":"pulled property _id from documents of type project in db","level":"info"}
{"message":"pulled documents from database of type: project","level":"info"}
{"message":"pulled property _id from documents of type project in db","level":"info"}
{"message":"pulled documents from database of type: project","level":"info"}
{"message":"pulled property _id from documents of type project in db","level":"info"}
{"message":"pulled documents from database of type: project","level":"info"}
{"message":"pulled property _id from documents of type project in db","level":"info"}
{"message":"pulled documents from database of type: project","level":"info"}
{"message":"pulled property _id from documents of type project in db","level":"info"}
{"message":"pulled documents from database of type: project","level":"info"}
{"message":"pulled property _id from documents of type project in db","level":"info"}
{"message":"pulled documents from database of type: project","level":"info"}
{"message":"pulled property _id from documents of type project in db","level":"info"}
{"message":"pulled documents from database of type: project","level":"info"}
{"message":"pulled property _id from documents of type project in db","level":"info"}
{"message":"pulled documents from database of type: project","level":"info"}
{"message":"pulled property _id from documents of type project in db","level":"info"}
{"message":"pulled documents from database of type: project","level":"info"}
{"message":"pulled property _id from documents of type project in db","level":"info"}
{"message":"pulled documents from database of type: project","level":"info"}
{"message":"pulled property _id from documents of type project in db","level":"info"}
{"message":"pulled documents from database of type: project","level":"info"}
{"message":"pulled property _id from documents of type project in db","level":"info"}
{"message":"pulled documents from database of type: project","level":"info"}
{"message":"pulled property _id from documents of type project in db","level":"info"}
{"message":"pulled documents from database of type: project","level":"info"}
{"message":"pulled property _id from documents of type project in db","level":"info"}
{"message":"pulled documents from database of type: project","level":"info"}
{"message":"pulled property _id from documents of type project in db","level":"info"}
{"message":"pulled documents from database of type: project","level":"info"}
{"message":"pulled property _id from documents of type project in db","level":"info"}
{"message":"pulled documents from database of type: project","level":"info"}
{"message":"pulled property _id from documents of type project in db","level":"info"}
{"message":"pulled documents from database of type: project","level":"info"}
{"message":"pulled property _id from documents of type project in db","level":"info"}
{"message":"pulled documents from database of type: project","level":"info"}
{"message":"pulled property _id from documents of type project in db","level":"info"}
{"message":"pulled documents from database of type: project","level":"info"}
{"message":"pulled property _id from documents of type project in db","level":"info"}
{"message":"pulled documents from database of type: project","level":"info"}
{"message":"pulled property _id from documents of type project in db","level":"info"}
{"message":"pulled documents from database of type: project","level":"info"}
{"message":"pulled property _id from documents of type project in db","level":"info"}
{"message":"pulled documents from database of type: project","level":"info"}
{"message":"pulled property _id from documents of type project in db","level":"info"}
{"message":"pulled documents from database of type: project","level":"info"}
{"message":"pulled property _id from documents of type project in db","level":"info"}
{"message":"pulled documents from database of type: project","level":"info"}
{"message":"pulled property _id from documents of type project in db","level":"info"}
{"message":"pulled documents from database of type: project","level":"info"}
{"message":"pulled property _id from documents of type project in db","level":"info"}
{"message":"pulled documents from database of type: project","level":"info"}
{"message":"pulled property _id from documents of type project in db","level":"info"}
{"message":"pulled documents from database of type: project","level":"info"}
{"message":"pulled property _id from documents of type project in db","level":"info"}
{"message":"pulled documents from database of type: project","level":"info"}
{"message":"pulled property _id from documents of type project in db","level":"info"}
{"message":"pulled documents from database of type: project","level":"info"}
{"message":"pulled property _id from documents of type project in db","level":"info"}
{"message":"pulled documents from database of type: project","level":"info"}
{"message":"pulled property _id from documents of type project in db","level":"info"}
{"message":"pulled documents from database of type: project","level":"info"}
{"message":"pulled property _id from documents of type project in db","level":"info"}
{"message":"pulled documents from database of type: project","level":"info"}
{"message":"pulled property _id from documents of type project in db","level":"info"}
{"message":"pulled documents from database of type: project","level":"info"}
{"message":"pulled property _id from documents of type project in db","level":"info"}
{"message":"pulled documents from database of type: project","level":"info"}
{"message":"pulled property _id from documents of type project in db","level":"info"}
{"message":"pulled documents from database of type: project","level":"info"}
{"message":"pulled property _id from documents of type project in db","level":"info"}
{"message":"pulled documents from database of type: project","level":"info"}
{"message":"pulled property _id from documents of type project in db","level":"info"}
{"message":"pulled documents from database of type: project","level":"info"}
{"message":"pulled property _id from documents of type project in db","level":"info"}
{"message":"pulled documents from database of type: project","level":"info"}
{"message":"pulled property _id from documents of type project in db","level":"info"}
{"message":"pulled documents from database of type: project","level":"info"}
{"message":"pulled property _id from documents of type project in db","level":"info"}
{"message":"pulled documents from database of type: project","level":"info"}
{"message":"pulled property _id from documents of type project in db","level":"info"}
{"message":"pulled documents from database of type: project","level":"info"}
{"message":"pulled property _id from documents of type project in db","level":"info"}
{"message":"pulled documents from database of type: project","level":"info"}
{"message":"pulled property _id from documents of type project in db","level":"info"}
{"message":"pulled documents from database of type: project","level":"info"}
{"message":"pulled property _id from documents of type project in db","level":"info"}
{"message":"pulled documents from database of type: project","level":"info"}
{"message":"pulled property _id from documents of type project in db","level":"info"}
{"message":"pulled documents from database of type: project","level":"info"}
{"message":"pulled property _id from documents of type project in db","level":"info"}
{"message":"pulled documents from database of type: project","level":"info"}
{"message":"pulled property _id from documents of type project in db","level":"info"}
{"message":"pulled documents from database of type: project","level":"info"}
{"message":"pulled property _id from documents of type project in db","level":"info"}
{"message":"pulled documents from database of type: project","level":"info"}
{"message":"pulled property _id from documents of type project in db","level":"info"}
{"message":"pulled documents from database of type: project","level":"info"}
{"message":"pulled property _id from documents of type project in db","level":"info"}
{"message":"pulled documents from database of type: project","level":"info"}
{"message":"pulled property _id from documents of type project in db","level":"info"}
{"message":"pulled documents from database of type: project","level":"info"}
{"message":"pulled property _id from documents of type project in db","level":"info"}
{"message":"pulled documents from database of type: project","level":"info"}
{"message":"pulled property _id from documents of type project in db","level":"info"}
{"message":"pulled documents from database of type: project","level":"info"}
{"message":"pulled property _id from documents of type project in db","level":"info"}
{"message":"pulled documents from database of type: project","level":"info"}
{"message":"pulled property _id from documents of type project in db","level":"info"}
{"message":"pulled documents from database of type: project","level":"info"}
{"message":"pulled property _id from documents of type project in db","level":"info"}
{"message":"pulled documents from database of type: project","level":"info"}
{"message":"pulled property _id from documents of type project in db","level":"info"}
{"message":"pulled documents from database of type: project","level":"info"}
{"message":"pulled property _id from documents of type project in db","level":"info"}
{"message":"pulled documents from database of type: project","level":"info"}
{"message":"pulled property _id from documents of type project in db","level":"info"}
{"message":"pulled documents from database of type: project","level":"info"}
{"message":"pulled property _id from documents of type project in db","level":"info"}
{"message":"pulled documents from database of type: project","level":"info"}
{"message":"pulled property _id from documents of type project in db","level":"info"}
{"message":"pulled documents from database of type: project","level":"info"}
{"message":"pulled property _id from documents of type project in db","level":"info"}
{"message":"pulled documents from database of type: project","level":"info"}
{"message":"pulled property _id from documents of type project in db","level":"info"}
{"message":"pulled documents from database of type: project","level":"info"}
{"message":"pulled property _id from documents of type project in db","level":"info"}
{"message":"pulled documents from database of type: project","level":"info"}
{"message":"pulled property _id from documents of type project in db","level":"info"}
{"message":"pulled documents from database of type: project","level":"info"}
{"message":"pulled property _id from documents of type project in db","level":"info"}
{"message":"pulled documents from database of type: project","level":"info"}
{"message":"pulled property _id from documents of type project in db","level":"info"}
{"message":"pulled documents from database of type: project","level":"info"}
{"message":"pulled property _id from documents of type project in db","level":"info"}
{"message":"pulled documents from database of type: project","level":"info"}
{"message":"pulled property _id from documents of type project in db","level":"info"}
{"message":"pulled documents from database of type: project","level":"info"}
{"message":"pulled property _id from documents of type project in db","level":"info"}
{"message":"pulled documents from database of type: project","level":"info"}
{"message":"pulled property _id from documents of type project in db","level":"info"}
{"message":"pulled documents from database of type: project","level":"info"}
{"message":"pulled property _id from documents of type project in db","level":"info"}
{"message":"pulled documents from database of type: project","level":"info"}
{"message":"pulled property _id from documents of type project in db","level":"info"}
{"message":"pulled documents from database of type: project","level":"info"}
{"message":"pulled property _id from documents of type project in db","level":"info"}
{"message":"pulled documents from database of type: project","level":"info"}
{"message":"pulled property _id from documents of type project in db","level":"info"}
{"message":"pulled documents from database of type: project","level":"info"}
{"message":"pulled property _id from documents of type project in db","level":"info"}
{"message":"pulled documents from database of type: project","level":"info"}
{"message":"pulled property _id from documents of type project in db","level":"info"}
{"message":"pulled documents from database of type: project","level":"info"}
{"message":"pulled property _id from documents of type project in db","level":"info"}
{"message":"pulled documents from database of type: project","level":"info"}
{"message":"pulled property _id from documents of type project in db","level":"info"}
{"message":"pulled documents from database of type: project","level":"info"}
{"message":"pulled property _id from documents of type project in db","level":"info"}
{"message":"pulled documents from database of type: project","level":"info"}
{"message":"pulled property _id from documents of type project in db","level":"info"}
{"message":"pulled documents from database of type: project","level":"info"}
{"message":"pulled property _id from documents of type project in db","level":"info"}
{"message":"pulled documents from database of type: project","level":"info"}
{"message":"pulled property _id from documents of type project in db","level":"info"}
{"message":"pulled documents from database of type: project","level":"info"}
{"message":"pulled property _id from documents of type project in db","level":"info"}
{"message":"pulled documents from database of type: project","level":"info"}
{"message":"pulled property _id from documents of type project in db","level":"info"}
{"message":"pulled documents from database of type: project","level":"info"}
{"message":"pulled property _id from documents of type project in db","level":"info"}
{"message":"pulled documents from database of type: project","level":"info"}
{"message":"pulled property _id from documents of type project in db","level":"info"}
{"message":"pulled documents from database of type: project","level":"info"}
{"message":"pulled property _id from documents of type project in db","level":"info"}
{"message":"pulled documents from database of type: project","level":"info"}
{"message":"pulled property _id from documents of type project in db","level":"info"}
{"message":"pulled documents from database of type: project","level":"info"}
{"message":"pulled property _id from documents of type project in db","level":"info"}
{"message":"pulled documents from database of type: project","level":"info"}
{"message":"pulled property _id from documents of type project in db","level":"info"}
{"message":"pulled documents from database of type: project","level":"info"}
{"message":"pulled property _id from documents of type project in db","level":"info"}
{"message":"pulled documents from database of type: project","level":"info"}
{"message":"pulled property _id from documents of type project in db","level":"info"}
{"message":"pulled documents from database of type: project","level":"info"}
{"message":"pulled property _id from documents of type project in db","level":"info"}
{"message":"pulled documents from database of type: project","level":"info"}
{"message":"pulled property _id from documents of type project in db","level":"info"}
{"message":"pulled documents from database of type: project","level":"info"}
{"message":"pulled property _id from documents of type project in db","level":"info"}
{"message":"pulled documents from database of type: project","level":"info"}
{"message":"pulled property _id from documents of type project in db","level":"info"}
{"message":"pulled documents from database of type: project","level":"info"}
{"message":"pulled property _id from documents of type project in db","level":"info"}
{"message":"pulled documents from database of type: project","level":"info"}
{"message":"pulled property _id from documents of type project in db","level":"info"}
{"message":"pulled documents from database of type: project","level":"info"}
{"message":"pulled property _id from documents of type project in db","level":"info"}
{"message":"pulled documents from database of type: project","level":"info"}
{"message":"pulled property _id from documents of type project in db","level":"info"}
{"message":"pulled documents from database of type: project","level":"info"}
{"message":"pulled property _id from documents of type project in db","level":"info"}
{"message":"pulled documents from database of type: project","level":"info"}
{"message":"pulled property _id from documents of type project in db","level":"info"}
{"message":"pulled documents from database of type: project","level":"info"}
{"message":"pulled property _id from documents of type project in db","level":"info"}
{"message":"pulled documents from database of type: project","level":"info"}
{"message":"pulled property _id from documents of type project in db","level":"info"}
{"message":"pulled documents from database of type: project","level":"info"}
{"message":"pulled property _id from documents of type project in db","level":"info"}
{"message":"pulled documents from database of type: project","level":"info"}
{"message":"pulled property _id from documents of type project in db","level":"info"}
{"message":"pulled documents from database of type: project","level":"info"}
{"message":"pulled property _id from documents of type project in db","level":"info"}
{"message":"pulled documents from database of type: project","level":"info"}
{"message":"pulled property _id from documents of type project in db","level":"info"}
{"message":"pulled documents from database of type: project","level":"info"}
{"message":"pulled property _id from documents of type project in db","level":"info"}
{"message":"pulled documents from database of type: project","level":"info"}
{"message":"pulled property _id from documents of type project in db","level":"info"}
{"message":"pulled documents from database of type: project","level":"info"}
{"message":"pulled property _id from documents of type project in db","level":"info"}
{"message":"pulled documents from database of type: project","level":"info"}
{"message":"pulled property _id from documents of type project in db","level":"info"}
{"message":"pulled documents from database of type: project","level":"info"}
{"message":"pulled property _id from documents of type project in db","level":"info"}
{"message":"pulled documents from database of type: project","level":"info"}
{"message":"pulled property _id from documents of type project in db","level":"info"}
{"message":"pulled documents from database of type: project","level":"info"}
{"message":"pulled property _id from documents of type project in db","level":"info"}
{"message":"pulled documents from database of type: project","level":"info"}
{"message":"pulled property _id from documents of type project in db","level":"info"}
{"message":"pulled documents from database of type: project","level":"info"}
{"message":"pulled property _id from documents of type project in db","level":"info"}
{"message":"pulled documents from database of type: project","level":"info"}
{"message":"pulled property _id from documents of type project in db","level":"info"}
{"message":"pulled documents from database of type: project","level":"info"}
{"message":"pulled property _id from documents of type project in db","level":"info"}
{"message":"pulled documents from database of type: project","level":"info"}
{"message":"pulled property _id from documents of type project in db","level":"info"}
{"message":"pulled documents from database of type: project","level":"info"}
{"message":"pulled property _id from documents of type project in db","level":"info"}
{"message":"pulled documents from database of type: project","level":"info"}
{"message":"pulled property _id from documents of type project in db","level":"info"}
{"message":"pulled documents from database of type: project","level":"info"}
{"message":"pulled property _id from documents of type project in db","level":"info"}
{"message":"pulled documents from database of type: project","level":"info"}
{"message":"pulled property _id from documents of type project in db","level":"info"}
{"message":"pulled documents from database of type: project","level":"info"}
{"message":"pulled property _id from documents of type project in db","level":"info"}
{"message":"pulled documents from database of type: project","level":"info"}
{"message":"pulled property _id from documents of type project in db","level":"info"}
{"message":"pulled documents from database of type: project","level":"info"}
{"message":"pulled property _id from documents of type project in db","level":"info"}
{"message":"pulled documents from database of type: project","level":"info"}
{"message":"pulled property _id from documents of type project in db","level":"info"}
{"message":"pulled documents from database of type: project","level":"info"}
{"message":"pulled property _id from documents of type project in db","level":"info"}
{"message":"pulled documents from database of type: project","level":"info"}
{"message":"pulled property _id from documents of type project in db","level":"info"}
{"message":"pulled documents from database of type: project","level":"info"}
{"message":"pulled property _id from documents of type project in db","level":"info"}
{"message":"pulled documents from database of type: project","level":"info"}
{"message":"pulled property _id from documents of type project in db","level":"info"}
{"message":"pulled documents from database of type: project","level":"info"}
{"message":"pulled property _id from documents of type project in db","level":"info"}
{"message":"pulled documents from database of type: project","level":"info"}
{"message":"pulled property _id from documents of type project in db","level":"info"}
{"message":"pulled documents from database of type: project","level":"info"}
{"message":"pulled property _id from documents of type project in db","level":"info"}
{"message":"pulled documents from database of type: project","level":"info"}
{"message":"pulled property _id from documents of type project in db","level":"info"}
{"message":"pulled documents from database of type: project","level":"info"}
{"message":"pulled property _id from documents of type project in db","level":"info"}
{"message":"pulled documents from database of type: project","level":"info"}
{"message":"pulled property _id from documents of type project in db","level":"info"}
{"message":"pulled documents from database of type: project","level":"info"}
{"message":"pulled property _id from documents of type project in db","level":"info"}
{"message":"pulled documents from database of type: project","level":"info"}
{"message":"pulled property _id from documents of type project in db","level":"info"}
{"message":"pulled documents from database of type: project","level":"info"}
{"message":"pulled property _id from documents of type project in db","level":"info"}
{"message":"pulled documents from database of type: project","level":"info"}
{"message":"pulled property _id from documents of type project in db","level":"info"}
{"message":"pulled documents from database of type: project","level":"info"}
{"message":"pulled property _id from documents of type project in db","level":"info"}
{"message":"pulled documents from database of type: project","level":"info"}
{"message":"pulled property _id from documents of type project in db","level":"info"}
{"message":"pulled documents from database of type: project","level":"info"}
{"message":"pulled property _id from documents of type project in db","level":"info"}
{"message":"pulled documents from database of type: project","level":"info"}
{"message":"pulled property _id from documents of type project in db","level":"info"}
{"message":"pulled documents from database of type: project","level":"info"}
{"message":"pulled property _id from documents of type project in db","level":"info"}
{"message":"pulled documents from database of type: project","level":"info"}
{"message":"pulled property _id from documents of type project in db","level":"info"}
{"message":"pulled documents from database of type: project","level":"info"}
{"message":"pulled property _id from documents of type project in db","level":"info"}
{"message":"pulled documents from database of type: project","level":"info"}
{"message":"pulled property _id from documents of type project in db","level":"info"}
{"message":"pulled documents from database of type: project","level":"info"}
{"message":"pulled property _id from documents of type project in db","level":"info"}
{"message":"pulled documents from database of type: project","level":"info"}
{"message":"pulled property _id from documents of type project in db","level":"info"}
{"message":"pulled documents from database of type: project","level":"info"}
{"message":"pulled property _id from documents of type project in db","level":"info"}
{"message":"pulled documents from database of type: project","level":"info"}
{"message":"pulled property _id from documents of type project in db","level":"info"}
{"message":"pulled documents from database of type: project","level":"info"}
{"message":"pulled property _id from documents of type project in db","level":"info"}
{"message":"pulled documents from database of type: project","level":"info"}
{"message":"pulled property _id from documents of type project in db","level":"info"}
{"message":"pulled documents from database of type: project","level":"info"}
{"message":"pulled property _id from documents of type project in db","level":"info"}
{"message":"pulled documents from database of type: project","level":"info"}
{"message":"pulled property _id from documents of type project in db","level":"info"}
{"message":"pulled documents from database of type: project","level":"info"}
{"message":"pulled property _id from documents of type project in db","level":"info"}
{"message":"pulled documents from database of type: project","level":"info"}
{"message":"pulled property _id from documents of type project in db","level":"info"}
{"message":"pulled documents from database of type: project","level":"info"}
{"message":"pulled property _id from documents of type project in db","level":"info"}
{"message":"pulled documents from database of type: project","level":"info"}
{"message":"pulled property _id from documents of type project in db","level":"info"}
{"message":"pulled documents from database of type: project","level":"info"}
{"message":"pulled property _id from documents of type project in db","level":"info"}
{"message":"pulled documents from database of type: project","level":"info"}
{"message":"pulled property _id from documents of type project in db","level":"info"}
{"message":"pulled documents from database of type: project","level":"info"}
{"message":"pulled property _id from documents of type project in db","level":"info"}
{"message":"pulled documents from database of type: project","level":"info"}
{"message":"pulled property _id from documents of type project in db","level":"info"}
{"message":"pulled documents from database of type: project","level":"info"}
{"message":"pulled property _id from documents of type project in db","level":"info"}
{"message":"pulled documents from database of type: project","level":"info"}
{"message":"pulled property _id from documents of type project in db","level":"info"}
{"message":"pulled documents from database of type: project","level":"info"}
{"message":"pulled property _id from documents of type project in db","level":"info"}
{"message":"pulled documents from database of type: project","level":"info"}
{"message":"pulled property _id from documents of type project in db","level":"info"}
{"message":"pulled documents from database of type: project","level":"info"}
{"message":"pulled property _id from documents of type project in db","level":"info"}
{"message":"pulled documents from database of type: project","level":"info"}
{"message":"pulled property _id from documents of type project in db","level":"info"}
{"message":"pulled documents from database of type: project","level":"info"}
{"message":"pulled property _id from documents of type project in db","level":"info"}
{"message":"pulled documents from database of type: project","level":"info"}
{"message":"pulled property _id from documents of type project in db","level":"info"}
{"message":"pulled documents from database of type: project","level":"info"}
{"message":"pulled property _id from documents of type project in db","level":"info"}
{"message":"pulled documents from database of type: project","level":"info"}
{"message":"pulled property _id from documents of type project in db","level":"info"}
{"message":"pulled documents from database of type: project","level":"info"}
{"message":"pulled property _id from documents of type project in db","level":"info"}
{"message":"pulled documents from database of type: project","level":"info"}
{"message":"pulled property _id from documents of type project in db","level":"info"}
{"message":"pulled documents from database of type: project","level":"info"}
{"message":"pulled property _id from documents of type project in db","level":"info"}
{"message":"pulled documents from database of type: project","level":"info"}
{"message":"pulled property _id from documents of type project in db","level":"info"}
{"message":"pulled documents from database of type: project","level":"info"}
{"message":"pulled property _id from documents of type project in db","level":"info"}
{"message":"pulled documents from database of type: project","level":"info"}
{"message":"pulled property _id from documents of type project in db","level":"info"}
{"message":"pulled documents from database of type: project","level":"info"}
{"message":"pulled property _id from documents of type project in db","level":"info"}
{"message":"pulled documents from database of type: project","level":"info"}
{"message":"pulled property _id from documents of type project in db","level":"info"}
{"message":"pulled documents from database of type: project","level":"info"}
{"message":"pulled property _id from documents of type project in db","level":"info"}
{"message":"pulled documents from database of type: project","level":"info"}
{"message":"pulled property _id from documents of type project in db","level":"info"}
{"message":"pulled documents from database of type: project","level":"info"}
{"message":"pulled property _id from documents of type project in db","level":"info"}
{"message":"pulled documents from database of type: project","level":"info"}
{"message":"pulled property _id from documents of type project in db","level":"info"}
{"message":"pulled documents from database of type: project","level":"info"}
{"message":"pulled property _id from documents of type project in db","level":"info"}
{"message":"pulled documents from database of type: project","level":"info"}
{"message":"pulled property _id from documents of type project in db","level":"info"}
{"message":"pulled documents from database of type: project","level":"info"}
{"message":"pulled property _id from documents of type project in db","level":"info"}
{"message":"pulled documents from database of type: project","level":"info"}
{"message":"pulled property _id from documents of type project in db","level":"info"}
{"message":"pulled documents from database of type: project","level":"info"}
{"message":"pulled property _id from documents of type project in db","level":"info"}
{"message":"pulled documents from database of type: project","level":"info"}
{"message":"pulled property _id from documents of type project in db","level":"info"}
{"message":"pulled documents from database of type: project","level":"info"}
{"message":"pulled property _id from documents of type project in db","level":"info"}
{"message":"pulled documents from database of type: project","level":"info"}
{"message":"pulled property _id from documents of type project in db","level":"info"}
{"message":"pulled documents from database of type: project","level":"info"}
{"message":"pulled property _id from documents of type project in db","level":"info"}
{"message":"pulled documents from database of type: project","level":"info"}
{"message":"pulled property _id from documents of type project in db","level":"info"}
{"message":"pulled documents from database of type: project","level":"info"}
{"message":"pulled property _id from documents of type project in db","level":"info"}
{"message":"pulled documents from database of type: project","level":"info"}
{"message":"pulled property _id from documents of type project in db","level":"info"}
{"message":"pulled documents from database of type: project","level":"info"}
{"message":"pulled property _id from documents of type project in db","level":"info"}
{"message":"pulled documents from database of type: project","level":"info"}
{"message":"pulled property _id from documents of type project in db","level":"info"}
{"message":"pulled documents from database of type: project","level":"info"}
{"message":"pulled property _id from documents of type project in db","level":"info"}
{"message":"pulled documents from database of type: project","level":"info"}
{"message":"pulled property _id from documents of type project in db","level":"info"}
{"message":"pulled documents from database of type: project","level":"info"}
{"message":"pulled property _id from documents of type project in db","level":"info"}
{"message":"pulled documents from database of type: project","level":"info"}
{"message":"pulled property _id from documents of type project in db","level":"info"}
{"message":"pulled documents from database of type: project","level":"info"}
{"message":"pulled property _id from documents of type project in db","level":"info"}
{"message":"pulled documents from database of type: project","level":"info"}
{"message":"pulled property _id from documents of type project in db","level":"info"}
{"message":"pulled documents from database of type: project","level":"info"}
{"message":"pulled property _id from documents of type project in db","level":"info"}
{"message":"pulled documents from database of type: project","level":"info"}
{"message":"pulled property _id from documents of type project in db","level":"info"}
{"message":"pulled documents from database of type: project","level":"info"}
{"message":"pulled property _id from documents of type project in db","level":"info"}
{"message":"pulled documents from database of type: project","level":"info"}
{"message":"pulled property _id from documents of type project in db","level":"info"}
{"message":"pulled documents from database of type: project","level":"info"}
{"message":"pulled property _id from documents of type project in db","level":"info"}
{"message":"pulled documents from database of type: project","level":"info"}
{"message":"pulled property _id from documents of type project in db","level":"info"}
{"message":"pulled documents from database of type: project","level":"info"}
{"message":"pulled property _id from documents of type project in db","level":"info"}
{"message":"pulled documents from database of type: project","level":"info"}
{"message":"pulled property _id from documents of type project in db","level":"info"}
{"message":"pulled documents from database of type: project","level":"info"}
{"message":"pulled property _id from documents of type project in db","level":"info"}
{"message":"pulled documents from database of type: project","level":"info"}
{"message":"pulled property _id from documents of type project in db","level":"info"}
{"message":"pulled documents from database of type: project","level":"info"}
{"message":"pulled property _id from documents of type project in db","level":"info"}
{"message":"pulled documents from database of type: project","level":"info"}
{"message":"pulled property _id from documents of type project in db","level":"info"}
{"message":"pulled documents from database of type: project","level":"info"}
{"message":"pulled property _id from documents of type project in db","level":"info"}
{"message":"pulled documents from database of type: project","level":"info"}
{"message":"pulled property _id from documents of type project in db","level":"info"}
{"message":"pulled documents from database of type: project","level":"info"}
{"message":"pulled property _id from documents of type project in db","level":"info"}
{"message":"pulled documents from database of type: project","level":"info"}
{"message":"pulled property _id from documents of type project in db","level":"info"}
{"message":"pulled documents from database of type: project","level":"info"}
{"message":"pulled property _id from documents of type project in db","level":"info"}
{"message":"pulled documents from database of type: project","level":"info"}
{"message":"pulled property _id from documents of type project in db","level":"info"}
{"message":"pulled documents from database of type: project","level":"info"}
{"message":"pulled property _id from documents of type project in db","level":"info"}
{"message":"pulled documents from database of type: project","level":"info"}
{"message":"pulled property _id from documents of type project in db","level":"info"}
{"message":"pulled documents from database of type: project","level":"info"}
{"message":"pulled property _id from documents of type project in db","level":"info"}
{"message":"pulled documents from database of type: project","level":"info"}
{"message":"pulled property _id from documents of type project in db","level":"info"}
{"message":"pulled documents from database of type: project","level":"info"}
{"message":"pulled property _id from documents of type project in db","level":"info"}
{"message":"pulled documents from database of type: project","level":"info"}
{"message":"pulled property _id from documents of type project in db","level":"info"}
{"message":"pulled documents from database of type: project","level":"info"}
{"message":"pulled property _id from documents of type project in db","level":"info"}
{"message":"pulled documents from database of type: project","level":"info"}
{"message":"pulled property _id from documents of type project in db","level":"info"}
{"message":"pulled documents from database of type: project","level":"info"}
{"message":"pulled property _id from documents of type project in db","level":"info"}
{"message":"pulled documents from database of type: project","level":"info"}
{"message":"pulled property _id from documents of type project in db","level":"info"}
{"message":"pulled documents from database of type: project","level":"info"}
{"message":"pulled property _id from documents of type project in db","level":"info"}
{"message":"pulled documents from database of type: project","level":"info"}
{"message":"pulled property _id from documents of type project in db","level":"info"}
{"message":"pulled documents from database of type: project","level":"info"}
{"message":"pulled property _id from documents of type project in db","level":"info"}
{"message":"pulled documents from database of type: project","level":"info"}
{"message":"pulled property _id from documents of type project in db","level":"info"}
{"message":"pulled documents from database of type: project","level":"info"}
{"message":"pulled property _id from documents of type project in db","level":"info"}
{"message":"pulled documents from database of type: project","level":"info"}
{"message":"pulled property _id from documents of type project in db","level":"info"}
{"message":"pulled documents from database of type: project","level":"info"}
{"message":"pulled property _id from documents of type project in db","level":"info"}
{"message":"pulled documents from database of type: project","level":"info"}
{"message":"pulled property _id from documents of type project in db","level":"info"}
{"message":"pulled documents from database of type: project","level":"info"}
{"message":"pulled property _id from documents of type project in db","level":"info"}
{"message":"pulled documents from database of type: project","level":"info"}
{"message":"pulled property _id from documents of type project in db","level":"info"}
{"message":"pulled documents from database of type: project","level":"info"}
{"message":"pulled property _id from documents of type project in db","level":"info"}
{"message":"pulled documents from database of type: project","level":"info"}
{"message":"pulled property _id from documents of type project in db","level":"info"}
{"message":"pulled documents from database of type: project","level":"info"}
{"message":"pulled property _id from documents of type project in db","level":"info"}
{"message":"pulled documents from database of type: project","level":"info"}
{"message":"pulled property _id from documents of type project in db","level":"info"}
{"message":"pulled documents from database of type: project","level":"info"}
{"message":"pulled property _id from documents of type project in db","level":"info"}
{"message":"pulled documents from database of type: project","level":"info"}
{"message":"pulled property _id from documents of type project in db","level":"info"}
{"message":"pulled documents from database of type: project","level":"info"}
{"message":"pulled property _id from documents of type project in db","level":"info"}
{"message":"pulled documents from database of type: project","level":"info"}
{"message":"pulled property _id from documents of type project in db","level":"info"}
{"message":"pulled documents from database of type: project","level":"info"}
{"message":"pulled property _id from documents of type project in db","level":"info"}
{"message":"pulled documents from database of type: project","level":"info"}
{"message":"pulled property _id from documents of type project in db","level":"info"}
{"message":"pulled documents from database of type: project","level":"info"}
{"message":"pulled property _id from documents of type project in db","level":"info"}
{"message":"pulled documents from database of type: project","level":"info"}
{"message":"pulled property _id from documents of type project in db","level":"info"}
{"message":"pulled documents from database of type: project","level":"info"}
{"message":"pulled property _id from documents of type project in db","level":"info"}
{"message":"pulled documents from database of type: project","level":"info"}
{"message":"pulled property _id from documents of type project in db","level":"info"}
{"message":"pulled documents from database of type: project","level":"info"}
{"message":"pulled property _id from documents of type project in db","level":"info"}
{"message":"pulled documents from database of type: project","level":"info"}
{"message":"pulled property _id from documents of type project in db","level":"info"}
{"message":"pulled documents from database of type: project","level":"info"}
{"message":"pulled property _id from documents of type project in db","level":"info"}
{"message":"pulled documents from database of type: project","level":"info"}
{"message":"pulled property _id from documents of type project in db","level":"info"}
{"message":"pulled documents from database of type: project","level":"info"}
{"message":"pulled property _id from documents of type project in db","level":"info"}
{"message":"pulled documents from database of type: project","level":"info"}
{"message":"pulled property _id from documents of type project in db","level":"info"}
{"message":"pulled documents from database of type: project","level":"info"}
{"message":"pulled property _id from documents of type project in db","level":"info"}
{"message":"pulled documents from database of type: project","level":"info"}
{"message":"pulled property _id from documents of type project in db","level":"info"}
{"message":"pulled documents from database of type: project","level":"info"}
{"message":"pulled property _id from documents of type project in db","level":"info"}
{"message":"pulled documents from database of type: project","level":"info"}
{"message":"pulled property _id from documents of type project in db","level":"info"}
{"message":"pulled documents from database of type: project","level":"info"}
{"message":"pulled property _id from documents of type project in db","level":"info"}
{"message":"pulled documents from database of type: project","level":"info"}
{"message":"pulled property _id from documents of type project in db","level":"info"}
{"message":"pulled documents from database of type: project","level":"info"}
{"message":"pulled property _id from documents of type project in db","level":"info"}
{"message":"pulled documents from database of type: project","level":"info"}
{"message":"pulled property _id from documents of type project in db","level":"info"}
{"message":"pulled documents from database of type: project","level":"info"}
{"message":"pulled property _id from documents of type project in db","level":"info"}
{"message":"pulled documents from database of type: project","level":"info"}
{"message":"pulled property _id from documents of type project in db","level":"info"}
{"message":"pulled documents from database of type: project","level":"info"}
{"message":"pulled property _id from documents of type project in db","level":"info"}
{"message":"pulled documents from database of type: project","level":"info"}
{"message":"pulled property _id from documents of type project in db","level":"info"}
{"message":"pulled documents from database of type: project","level":"info"}
{"message":"pulled property _id from documents of type project in db","level":"info"}
{"message":"pulled documents from database of type: project","level":"info"}
{"message":"pulled property _id from documents of type project in db","level":"info"}
{"message":"pulled documents from database of type: project","level":"info"}
{"message":"pulled property _id from documents of type project in db","level":"info"}
{"message":"pulled documents from database of type: project","level":"info"}
{"message":"pulled property _id from documents of type project in db","level":"info"}
{"message":"pulled documents from database of type: project","level":"info"}
{"message":"pulled property _id from documents of type project in db","level":"info"}
{"message":"pulled documents from database of type: project","level":"info"}
{"message":"pulled property _id from documents of type project in db","level":"info"}
{"message":"pulled documents from database of type: project","level":"info"}
{"message":"pulled property _id from documents of type project in db","level":"info"}
{"message":"pulled documents from database of type: project","level":"info"}
{"message":"pulled property _id from documents of type project in db","level":"info"}
{"message":"pulled documents from database of type: project","level":"info"}
{"message":"pulled property _id from documents of type project in db","level":"info"}
{"message":"pulled documents from database of type: project","level":"info"}
{"message":"pulled property _id from documents of type project in db","level":"info"}
{"message":"pulled documents from database of type: project","level":"info"}
{"message":"pulled property _id from documents of type project in db","level":"info"}
{"message":"pulled documents from database of type: project","level":"info"}
{"message":"pulled property _id from documents of type project in db","level":"info"}
{"message":"pulled documents from database of type: project","level":"info"}
{"message":"pulled property _id from documents of type project in db","level":"info"}
{"message":"pulled documents from database of type: project","level":"info"}
{"message":"pulled property _id from documents of type project in db","level":"info"}
{"message":"pulled documents from database of type: project","level":"info"}
{"message":"pulled property _id from documents of type project in db","level":"info"}
{"message":"pulled documents from database of type: project","level":"info"}
{"message":"pulled property _id from documents of type project in db","level":"info"}
{"message":"pulled documents from database of type: project","level":"info"}
{"message":"pulled property _id from documents of type project in db","level":"info"}
{"message":"pulled documents from database of type: project","level":"info"}
{"message":"pulled property _id from documents of type project in db","level":"info"}
{"message":"pulled documents from database of type: project","level":"info"}
{"message":"pulled property _id from documents of type project in db","level":"info"}
{"message":"pulled documents from database of type: project","level":"info"}
{"message":"pulled property _id from documents of type project in db","level":"info"}
{"message":"pulled documents from database of type: project","level":"info"}
{"message":"pulled property _id from documents of type project in db","level":"info"}
{"message":"pulled documents from database of type: project","level":"info"}
{"message":"pulled property _id from documents of type project in db","level":"info"}
{"message":"pulled documents from database of type: project","level":"info"}
{"message":"pulled property _id from documents of type project in db","level":"info"}
{"message":"pulled documents from database of type: project","level":"info"}
{"message":"pulled property _id from documents of type project in db","level":"info"}
{"message":"pulled documents from database of type: project","level":"info"}
{"message":"pulled property _id from documents of type project in db","level":"info"}
{"message":"pulled documents from database of type: project","level":"info"}
{"message":"pulled property _id from documents of type project in db","level":"info"}
{"message":"pulled documents from database of type: project","level":"info"}
{"message":"pulled property _id from documents of type project in db","level":"info"}
{"message":"pulled documents from database of type: project","level":"info"}
{"message":"pulled property _id from documents of type project in db","level":"info"}
{"message":"pulled documents from database of type: project","level":"info"}
{"message":"pulled property _id from documents of type project in db","level":"info"}
{"message":"pulled documents from database of type: project","level":"info"}
{"message":"pulled property _id from documents of type project in db","level":"info"}
{"message":"pulled documents from database of type: project","level":"info"}
{"message":"pulled property _id from documents of type project in db","level":"info"}
{"message":"pulled documents from database of type: project","level":"info"}
{"message":"pulled property _id from documents of type project in db","level":"info"}
{"message":"pulled documents from database of type: project","level":"info"}
{"message":"pulled property _id from documents of type project in db","level":"info"}
{"message":"pulled documents from database of type: project","level":"info"}
{"message":"pulled property _id from documents of type project in db","level":"info"}
{"message":"pulled documents from database of type: project","level":"info"}
{"message":"pulled property _id from documents of type project in db","level":"info"}
{"message":"pulled documents from database of type: project","level":"info"}
{"message":"pulled property _id from documents of type project in db","level":"info"}
{"message":"pulled documents from database of type: project","level":"info"}
{"message":"pulled property _id from documents of type project in db","level":"info"}
{"message":"pulled documents from database of type: project","level":"info"}
{"message":"pulled property _id from documents of type project in db","level":"info"}
{"message":"pulled documents from database of type: project","level":"info"}
{"message":"pulled property _id from documents of type project in db","level":"info"}
{"message":"pulled documents from database of type: project","level":"info"}
{"message":"pulled property _id from documents of type project in db","level":"info"}
{"message":"pulled documents from database of type: project","level":"info"}
{"message":"pulled property _id from documents of type project in db","level":"info"}
{"message":"pulled documents from database of type: project","level":"info"}
{"message":"pulled property _id from documents of type project in db","level":"info"}
{"message":"pulled documents from database of type: project","level":"info"}
{"message":"pulled property _id from documents of type project in db","level":"info"}
{"message":"pulled documents from database of type: project","level":"info"}
{"message":"pulled property _id from documents of type project in db","level":"info"}
{"message":"pulled documents from database of type: project","level":"info"}
{"message":"pulled property _id from documents of type project in db","level":"info"}
{"message":"pulled documents from database of type: project","level":"info"}
{"message":"pulled property _id from documents of type project in db","level":"info"}
{"message":"pulled documents from database of type: project","level":"info"}
{"message":"pulled property _id from documents of type project in db","level":"info"}
{"message":"pulled documents from database of type: project","level":"info"}
{"message":"pulled property _id from documents of type project in db","level":"info"}
{"message":"pulled documents from database of type: project","level":"info"}
{"message":"pulled property _id from documents of type project in db","level":"info"}
{"message":"pulled documents from database of type: project","level":"info"}
{"message":"pulled property _id from documents of type project in db","level":"info"}
{"message":"pulled documents from database of type: project","level":"info"}
{"message":"pulled property _id from documents of type project in db","level":"info"}
{"message":"pulled documents from database of type: project","level":"info"}
{"message":"pulled property _id from documents of type project in db","level":"info"}
{"message":"pulled documents from database of type: project","level":"info"}
{"message":"pulled property _id from documents of type project in db","level":"info"}
{"message":"pulled documents from database of type: project","level":"info"}
{"message":"pulled property _id from documents of type project in db","level":"info"}
{"message":"pulled documents from database of type: project","level":"info"}
{"message":"pulled property _id from documents of type project in db","level":"info"}
{"message":"pulled documents from database of type: project","level":"info"}
{"message":"pulled property _id from documents of type project in db","level":"info"}
{"message":"pulled documents from database of type: project","level":"info"}
{"message":"pulled property _id from documents of type project in db","level":"info"}
{"message":"pulled documents from database of type: project","level":"info"}
{"message":"pulled property _id from documents of type project in db","level":"info"}
{"message":"pulled documents from database of type: project","level":"info"}
{"message":"pulled property _id from documents of type project in db","level":"info"}
{"message":"pulled documents from database of type: project","level":"info"}
{"message":"pulled property _id from documents of type project in db","level":"info"}
{"message":"pulled documents from database of type: project","level":"info"}
{"message":"pulled property _id from documents of type project in db","level":"info"}
{"message":"pulled documents from database of type: project","level":"info"}
{"message":"pulled property _id from documents of type project in db","level":"info"}
{"message":"pulled documents from database of type: project","level":"info"}
{"message":"pulled property _id from documents of type project in db","level":"info"}
{"message":"pulled documents from database of type: project","level":"info"}
{"message":"pulled property _id from documents of type project in db","level":"info"}
{"message":"pulled documents from database of type: project","level":"info"}
{"message":"pulled property _id from documents of type project in db","level":"info"}
{"message":"pulled documents from database of type: project","level":"info"}
{"message":"pulled property _id from documents of type project in db","level":"info"}
{"message":"pulled documents from database of type: project","level":"info"}
{"message":"pulled property _id from documents of type project in db","level":"info"}
{"message":"pulled documents from database of type: project","level":"info"}
{"message":"pulled property _id from documents of type project in db","level":"info"}
{"message":"pulled documents from database of type: project","level":"info"}
{"message":"pulled property _id from documents of type project in db","level":"info"}
{"message":"pulled documents from database of type: project","level":"info"}
{"message":"pulled property _id from documents of type project in db","level":"info"}
{"message":"pulled documents from database of type: project","level":"info"}
{"message":"pulled property _id from documents of type project in db","level":"info"}
{"message":"pulled documents from database of type: project","level":"info"}
{"message":"pulled property _id from documents of type project in db","level":"info"}
{"message":"pulled documents from database of type: project","level":"info"}
{"message":"pulled property _id from documents of type project in db","level":"info"}
{"message":"pulled documents from database of type: project","level":"info"}
{"message":"pulled property _id from documents of type project in db","level":"info"}
{"message":"pulled documents from database of type: project","level":"info"}
{"message":"pulled property _id from documents of type project in db","level":"info"}
{"message":"pulled documents from database of type: project","level":"info"}
{"message":"pulled property _id from documents of type project in db","level":"info"}
{"message":"pulled documents from database of type: project","level":"info"}
{"message":"pulled property _id from documents of type project in db","level":"info"}
{"message":"pulled documents from database of type: project","level":"info"}
{"message":"pulled property _id from documents of type project in db","level":"info"}
{"message":"pulled documents from database of type: project","level":"info"}
{"message":"pulled property _id from documents of type project in db","level":"info"}
{"message":"pulled documents from database of type: project","level":"info"}
{"message":"pulled property _id from documents of type project in db","level":"info"}
{"message":"pulled documents from database of type: project","level":"info"}
{"message":"pulled property _id from documents of type project in db","level":"info"}
{"message":"pulled documents from database of type: project","level":"info"}
{"message":"pulled property _id from documents of type project in db","level":"info"}
{"message":"pulled documents from database of type: project","level":"info"}
{"message":"pulled property _id from documents of type project in db","level":"info"}
{"message":"pulled documents from database of type: project","level":"info"}
{"message":"pulled property _id from documents of type project in db","level":"info"}
{"message":"pulled documents from database of type: project","level":"info"}
{"message":"pulled property _id from documents of type project in db","level":"info"}
{"message":"pulled documents from database of type: project","level":"info"}
{"message":"pulled property _id from documents of type project in db","level":"info"}
{"message":"pulled documents from database of type: project","level":"info"}
{"message":"pulled property _id from documents of type project in db","level":"info"}
{"message":"pulled documents from database of type: project","level":"info"}
{"message":"pulled property _id from documents of type project in db","level":"info"}
{"message":"pulled documents from database of type: project","level":"info"}
{"message":"pulled property _id from documents of type project in db","level":"info"}
{"message":"pulled documents from database of type: project","level":"info"}
{"message":"pulled property _id from documents of type project in db","level":"info"}
{"message":"pulled documents from database of type: project","level":"info"}
{"message":"pulled property _id from documents of type project in db","level":"info"}
{"message":"pulled documents from database of type: project","level":"info"}
{"message":"pulled property _id from documents of type project in db","level":"info"}
{"message":"pulled documents from database of type: project","level":"info"}
{"message":"pulled property _id from documents of type project in db","level":"info"}
{"message":"pulled documents from database of type: project","level":"info"}
{"message":"pulled property _id from documents of type project in db","level":"info"}
{"message":"pulled documents from database of type: project","level":"info"}
{"message":"pulled property _id from documents of type project in db","level":"info"}
{"message":"pulled documents from database of type: project","level":"info"}
{"message":"pulled property _id from documents of type project in db","level":"info"}
{"message":"pulled documents from database of type: project","level":"info"}
{"message":"pulled property _id from documents of type project in db","level":"info"}
{"message":"pulled documents from database of type: project","level":"info"}
{"message":"pulled property _id from documents of type project in db","level":"info"}
{"message":"pulled documents from database of type: project","level":"info"}
{"message":"pulled property _id from documents of type project in db","level":"info"}
{"message":"pulled documents from database of type: project","level":"info"}
{"message":"pulled property _id from documents of type project in db","level":"info"}
{"message":"pulled documents from database of type: project","level":"info"}
{"message":"pulled property _id from documents of type project in db","level":"info"}
{"message":"pulled documents from database of type: project","level":"info"}
{"message":"couldn't pull property _id from documents of type project in db:  Could not connect to any servers in your MongoDB Atlas cluster. One common reason is that you're trying to access the database from an IP that isn't whitelisted. Make sure your current IP address is on your Atlas cluster's IP whitelist: https://docs.atlas.mongodb.com/security-whitelist/","reason":{"type":"ReplicaSetNoPrimary","setName":"atlas-v4jqur-shard-0","maxSetVersion":1,"maxElectionId":"7fffffff0000000000000018","servers":{},"stale":false,"compatible":true,"compatibilityError":null,"logicalSessionTimeoutMinutes":null,"heartbeatFrequencyMS":10000,"localThresholdMS":15,"commonWireVersion":9},"level":"error","stack":"MongooseServerSelectionError: Could not connect to any servers in your MongoDB Atlas cluster. One common reason is that you're trying to access the database from an IP that isn't whitelisted. Make sure your current IP address is on your Atlas cluster's IP whitelist: https://docs.atlas.mongodb.com/security-whitelist/\n    at Function.Model.$wrapCallback (C:\\Users\\CompTeam\\Desktop\\KvazimBreznerLoLimhok2\\login_page_3\\project-alpha\\node_modules\\mongoose\\lib\\model.js:4878:32)\n    at C:\\Users\\CompTeam\\Desktop\\KvazimBreznerLoLimhok2\\login_page_3\\project-alpha\\node_modules\\mongoose\\lib\\query.js:4372:21\n    at C:\\Users\\CompTeam\\Desktop\\KvazimBreznerLoLimhok2\\login_page_3\\project-alpha\\node_modules\\mongoose\\lib\\helpers\\promiseOrCallback.js:31:5\n    at new Promise (<anonymous>)\n    at promiseOrCallback (C:\\Users\\CompTeam\\Desktop\\KvazimBreznerLoLimhok2\\login_page_3\\project-alpha\\node_modules\\mongoose\\lib\\helpers\\promiseOrCallback.js:30:10)\n    at model.Query.exec (C:\\Users\\CompTeam\\Desktop\\KvazimBreznerLoLimhok2\\login_page_3\\project-alpha\\node_modules\\mongoose\\lib\\query.js:4371:10)\n    at model.Query.Query.then (C:\\Users\\CompTeam\\Desktop\\KvazimBreznerLoLimhok2\\login_page_3\\project-alpha\\node_modules\\mongoose\\lib\\query.js:4454:15)\n    at processTicksAndRejections (internal/process/task_queues.js:97:5)"}
{"message":"couldn't find single document of project in database, error: MongooseServerSelectionError: Could not connect to any servers in your MongoDB Atlas cluster. One common reason is that you're trying to access the database from an IP that isn't whitelisted. Make sure your current IP address is on your Atlas cluster's IP whitelist: https://docs.atlas.mongodb.com/security-whitelist/","level":"error"}
{"message":"couldn't pull property _id from documents of type project in db:  Could not connect to any servers in your MongoDB Atlas cluster. One common reason is that you're trying to access the database from an IP that isn't whitelisted. Make sure your current IP address is on your Atlas cluster's IP whitelist: https://docs.atlas.mongodb.com/security-whitelist/","reason":{"type":"ReplicaSetNoPrimary","setName":"atlas-v4jqur-shard-0","maxSetVersion":1,"maxElectionId":"7fffffff0000000000000018","servers":{},"stale":false,"compatible":true,"compatibilityError":null,"logicalSessionTimeoutMinutes":null,"heartbeatFrequencyMS":10000,"localThresholdMS":15,"commonWireVersion":9},"level":"error","stack":"MongooseServerSelectionError: Could not connect to any servers in your MongoDB Atlas cluster. One common reason is that you're trying to access the database from an IP that isn't whitelisted. Make sure your current IP address is on your Atlas cluster's IP whitelist: https://docs.atlas.mongodb.com/security-whitelist/\n    at Function.Model.$wrapCallback (C:\\Users\\CompTeam\\Desktop\\KvazimBreznerLoLimhok2\\login_page_3\\project-alpha\\node_modules\\mongoose\\lib\\model.js:4878:32)\n    at C:\\Users\\CompTeam\\Desktop\\KvazimBreznerLoLimhok2\\login_page_3\\project-alpha\\node_modules\\mongoose\\lib\\query.js:4372:21\n    at C:\\Users\\CompTeam\\Desktop\\KvazimBreznerLoLimhok2\\login_page_3\\project-alpha\\node_modules\\mongoose\\lib\\helpers\\promiseOrCallback.js:31:5\n    at new Promise (<anonymous>)\n    at promiseOrCallback (C:\\Users\\CompTeam\\Desktop\\KvazimBreznerLoLimhok2\\login_page_3\\project-alpha\\node_modules\\mongoose\\lib\\helpers\\promiseOrCallback.js:30:10)\n    at model.Query.exec (C:\\Users\\CompTeam\\Desktop\\KvazimBreznerLoLimhok2\\login_page_3\\project-alpha\\node_modules\\mongoose\\lib\\query.js:4371:10)\n    at model.Query.Query.then (C:\\Users\\CompTeam\\Desktop\\KvazimBreznerLoLimhok2\\login_page_3\\project-alpha\\node_modules\\mongoose\\lib\\query.js:4454:15)\n    at processTicksAndRejections (internal/process/task_queues.js:97:5)"}
{"message":"couldn't find single document of project in database, error: MongooseServerSelectionError: Could not connect to any servers in your MongoDB Atlas cluster. One common reason is that you're trying to access the database from an IP that isn't whitelisted. Make sure your current IP address is on your Atlas cluster's IP whitelist: https://docs.atlas.mongodb.com/security-whitelist/","level":"error"}
{"message":"pulled property _id from documents of type project in db","level":"info"}
{"message":"pulled documents from database of type: project","level":"info"}
{"message":"pulled property _id from documents of type project in db","level":"info"}
{"message":"pulled documents from database of type: project","level":"info"}
{"message":"pulled property _id from documents of type project in db","level":"info"}
{"message":"pulled documents from database of type: project","level":"info"}
{"message":"pulled property _id from documents of type project in db","level":"info"}
{"message":"pulled documents from database of type: project","level":"info"}
{"message":"pulled property _id from documents of type project in db","level":"info"}
{"message":"pulled documents from database of type: project","level":"info"}
{"message":"pulled property _id from documents of type project in db","level":"info"}
{"message":"pulled documents from database of type: project","level":"info"}
{"message":"pulled property _id from documents of type project in db","level":"info"}
{"message":"pulled documents from database of type: project","level":"info"}
{"message":"pulled property _id from documents of type project in db","level":"info"}
{"message":"pulled documents from database of type: project","level":"info"}
{"message":"pulled property _id from documents of type project in db","level":"info"}
{"message":"pulled documents from database of type: project","level":"info"}
{"message":"pulled property _id from documents of type project in db","level":"info"}
{"message":"pulled documents from database of type: project","level":"info"}
{"message":"pulled property _id from documents of type project in db","level":"info"}
{"message":"pulled documents from database of type: project","level":"info"}
{"message":"pulled property _id from documents of type project in db","level":"info"}
{"message":"pulled documents from database of type: project","level":"info"}
{"message":"pulled property _id from documents of type project in db","level":"info"}
{"message":"pulled documents from database of type: project","level":"info"}
{"message":"pulled property _id from documents of type project in db","level":"info"}
{"message":"pulled documents from database of type: project","level":"info"}
{"message":"pulled property _id from documents of type project in db","level":"info"}
{"message":"pulled documents from database of type: project","level":"info"}
{"message":"pulled property _id from documents of type project in db","level":"info"}
{"message":"pulled documents from database of type: project","level":"info"}
{"message":"pulled property _id from documents of type project in db","level":"info"}
{"message":"pulled documents from database of type: project","level":"info"}
{"message":"pulled property _id from documents of type project in db","level":"info"}
{"message":"pulled documents from database of type: project","level":"info"}
{"message":"pulled property _id from documents of type project in db","level":"info"}
{"message":"pulled documents from database of type: project","level":"info"}
{"message":"pulled property _id from documents of type project in db","level":"info"}
{"message":"pulled documents from database of type: project","level":"info"}
{"message":"pulled property _id from documents of type project in db","level":"info"}
{"message":"pulled documents from database of type: project","level":"info"}
{"message":"pulled property _id from documents of type project in db","level":"info"}
{"message":"pulled documents from database of type: project","level":"info"}
{"message":"pulled property _id from documents of type project in db","level":"info"}
{"message":"pulled documents from database of type: project","level":"info"}
{"message":"pulled property _id from documents of type project in db","level":"info"}
{"message":"pulled documents from database of type: project","level":"info"}
{"message":"pulled property _id from documents of type project in db","level":"info"}
{"message":"pulled documents from database of type: project","level":"info"}
{"message":"pulled property _id from documents of type project in db","level":"info"}
{"message":"pulled documents from database of type: project","level":"info"}
{"message":"pulled property _id from documents of type project in db","level":"info"}
{"message":"pulled documents from database of type: project","level":"info"}
{"message":"pulled property _id from documents of type project in db","level":"info"}
{"message":"pulled documents from database of type: project","level":"info"}
{"message":"pulled property _id from documents of type project in db","level":"info"}
{"message":"pulled documents from database of type: project","level":"info"}
{"message":"pulled property _id from documents of type project in db","level":"info"}
{"message":"pulled documents from database of type: project","level":"info"}
{"message":"pulled property _id from documents of type project in db","level":"info"}
{"message":"pulled documents from database of type: project","level":"info"}
{"message":"pulled property _id from documents of type project in db","level":"info"}
{"message":"pulled documents from database of type: project","level":"info"}
{"message":"pulled property _id from documents of type project in db","level":"info"}
{"message":"pulled documents from database of type: project","level":"info"}
{"message":"pulled property _id from documents of type project in db","level":"info"}
{"message":"pulled documents from database of type: project","level":"info"}
{"message":"pulled property _id from documents of type project in db","level":"info"}
{"message":"pulled documents from database of type: project","level":"info"}
{"message":"pulled property _id from documents of type project in db","level":"info"}
{"message":"pulled documents from database of type: project","level":"info"}
{"message":"pulled property _id from documents of type project in db","level":"info"}
{"message":"pulled documents from database of type: project","level":"info"}
{"message":"pulled property _id from documents of type project in db","level":"info"}
{"message":"pulled documents from database of type: project","level":"info"}
{"message":"pulled property _id from documents of type project in db","level":"info"}
{"message":"pulled documents from database of type: project","level":"info"}
{"message":"pulled property _id from documents of type project in db","level":"info"}
{"message":"pulled documents from database of type: project","level":"info"}
{"message":"pulled property _id from documents of type project in db","level":"info"}
{"message":"pulled documents from database of type: project","level":"info"}
{"message":"pulled property _id from documents of type project in db","level":"info"}
{"message":"pulled documents from database of type: project","level":"info"}
{"message":"pulled property _id from documents of type project in db","level":"info"}
{"message":"pulled documents from database of type: project","level":"info"}
{"message":"pulled property _id from documents of type project in db","level":"info"}
{"message":"pulled documents from database of type: project","level":"info"}
{"message":"pulled property _id from documents of type project in db","level":"info"}
{"message":"pulled documents from database of type: project","level":"info"}
{"message":"pulled property _id from documents of type project in db","level":"info"}
{"message":"pulled documents from database of type: project","level":"info"}
{"message":"pulled property _id from documents of type project in db","level":"info"}
{"message":"pulled documents from database of type: project","level":"info"}
{"message":"pulled property _id from documents of type project in db","level":"info"}
{"message":"pulled documents from database of type: project","level":"info"}
{"message":"pulled property _id from documents of type project in db","level":"info"}
{"message":"pulled documents from database of type: project","level":"info"}
{"message":"pulled property _id from documents of type project in db","level":"info"}
{"message":"pulled documents from database of type: project","level":"info"}
{"message":"pulled property _id from documents of type project in db","level":"info"}
{"message":"pulled documents from database of type: project","level":"info"}
{"message":"pulled property _id from documents of type project in db","level":"info"}
{"message":"pulled documents from database of type: project","level":"info"}
{"message":"pulled property _id from documents of type project in db","level":"info"}
{"message":"pulled documents from database of type: project","level":"info"}
{"message":"pulled property _id from documents of type project in db","level":"info"}
{"message":"pulled documents from database of type: project","level":"info"}
{"message":"pulled property _id from documents of type project in db","level":"info"}
{"message":"pulled documents from database of type: project","level":"info"}
{"message":"pulled property _id from documents of type project in db","level":"info"}
{"message":"pulled documents from database of type: project","level":"info"}
{"message":"pulled property _id from documents of type project in db","level":"info"}
{"message":"pulled documents from database of type: project","level":"info"}
{"message":"pulled property _id from documents of type project in db","level":"info"}
{"message":"pulled documents from database of type: project","level":"info"}
{"message":"pulled property _id from documents of type project in db","level":"info"}
{"message":"pulled documents from database of type: project","level":"info"}
{"message":"pulled property _id from documents of type project in db","level":"info"}
{"message":"pulled documents from database of type: project","level":"info"}
{"message":"pulled property _id from documents of type project in db","level":"info"}
{"message":"pulled documents from database of type: project","level":"info"}
{"message":"pulled property _id from documents of type project in db","level":"info"}
{"message":"pulled documents from database of type: project","level":"info"}
{"message":"pulled property _id from documents of type project in db","level":"info"}
{"message":"pulled documents from database of type: project","level":"info"}
{"message":"pulled property _id from documents of type project in db","level":"info"}
{"message":"pulled documents from database of type: project","level":"info"}
{"message":"pulled property _id from documents of type project in db","level":"info"}
{"message":"pulled documents from database of type: project","level":"info"}
{"message":"pulled property _id from documents of type project in db","level":"info"}
{"message":"pulled documents from database of type: project","level":"info"}
{"message":"pulled property _id from documents of type project in db","level":"info"}
{"message":"pulled documents from database of type: project","level":"info"}
{"message":"pulled property _id from documents of type project in db","level":"info"}
{"message":"pulled documents from database of type: project","level":"info"}
{"message":"pulled property _id from documents of type project in db","level":"info"}
{"message":"pulled documents from database of type: project","level":"info"}
{"message":"pulled property _id from documents of type project in db","level":"info"}
{"message":"pulled documents from database of type: project","level":"info"}
{"message":"pulled property _id from documents of type project in db","level":"info"}
{"message":"pulled documents from database of type: project","level":"info"}
{"message":"pulled property _id from documents of type project in db","level":"info"}
{"message":"pulled documents from database of type: project","level":"info"}
{"message":"pulled property _id from documents of type project in db","level":"info"}
{"message":"pulled documents from database of type: project","level":"info"}
{"message":"pulled property _id from documents of type project in db","level":"info"}
{"message":"pulled documents from database of type: project","level":"info"}
{"message":"pulled property _id from documents of type project in db","level":"info"}
{"message":"pulled documents from database of type: project","level":"info"}
{"message":"pulled property _id from documents of type project in db","level":"info"}
{"message":"pulled documents from database of type: project","level":"info"}
{"message":"pulled property _id from documents of type project in db","level":"info"}
{"message":"pulled documents from database of type: project","level":"info"}
{"message":"pulled property _id from documents of type project in db","level":"info"}
{"message":"pulled documents from database of type: project","level":"info"}
{"message":"pulled property _id from documents of type project in db","level":"info"}
{"message":"pulled documents from database of type: project","level":"info"}
{"message":"pulled property _id from documents of type project in db","level":"info"}
{"message":"pulled documents from database of type: project","level":"info"}
{"message":"pulled property _id from documents of type project in db","level":"info"}
{"message":"pulled documents from database of type: project","level":"info"}
{"message":"pulled property _id from documents of type project in db","level":"info"}
{"message":"pulled documents from database of type: project","level":"info"}
{"message":"pulled property _id from documents of type project in db","level":"info"}
{"message":"pulled documents from database of type: project","level":"info"}
{"message":"pulled property _id from documents of type project in db","level":"info"}
{"message":"pulled documents from database of type: project","level":"info"}
{"message":"pulled property _id from documents of type project in db","level":"info"}
{"message":"pulled documents from database of type: project","level":"info"}
{"message":"pulled property _id from documents of type project in db","level":"info"}
{"message":"pulled documents from database of type: project","level":"info"}
{"message":"pulled property _id from documents of type project in db","level":"info"}
{"message":"pulled documents from database of type: project","level":"info"}
{"message":"pulled property _id from documents of type project in db","level":"info"}
{"message":"pulled documents from database of type: project","level":"info"}
{"message":"pulled property _id from documents of type project in db","level":"info"}
{"message":"pulled documents from database of type: project","level":"info"}
{"message":"pulled property _id from documents of type project in db","level":"info"}
{"message":"pulled documents from database of type: project","level":"info"}
{"message":"pulled property _id from documents of type project in db","level":"info"}
{"message":"pulled documents from database of type: project","level":"info"}
{"message":"pulled property _id from documents of type project in db","level":"info"}
{"message":"pulled documents from database of type: project","level":"info"}
{"message":"pulled property _id from documents of type project in db","level":"info"}
{"message":"pulled documents from database of type: project","level":"info"}
{"message":"pulled property _id from documents of type project in db","level":"info"}
{"message":"pulled documents from database of type: project","level":"info"}
{"message":"pulled property _id from documents of type project in db","level":"info"}
{"message":"pulled documents from database of type: project","level":"info"}
{"message":"pulled property _id from documents of type project in db","level":"info"}
{"message":"pulled documents from database of type: project","level":"info"}
{"message":"pulled property _id from documents of type project in db","level":"info"}
{"message":"pulled documents from database of type: project","level":"info"}
{"message":"pulled property _id from documents of type project in db","level":"info"}
{"message":"pulled documents from database of type: project","level":"info"}
{"message":"pulled property _id from documents of type project in db","level":"info"}
{"message":"pulled documents from database of type: project","level":"info"}
{"message":"pulled property _id from documents of type project in db","level":"info"}
{"message":"pulled documents from database of type: project","level":"info"}
{"message":"pulled property _id from documents of type project in db","level":"info"}
{"message":"pulled documents from database of type: project","level":"info"}
{"message":"pulled property _id from documents of type project in db","level":"info"}
{"message":"pulled documents from database of type: project","level":"info"}
{"message":"pulled property _id from documents of type project in db","level":"info"}
{"message":"pulled documents from database of type: project","level":"info"}
{"message":"pulled property _id from documents of type project in db","level":"info"}
{"message":"pulled documents from database of type: project","level":"info"}
{"message":"pulled property _id from documents of type project in db","level":"info"}
{"message":"pulled documents from database of type: project","level":"info"}
{"message":"pulled property _id from documents of type project in db","level":"info"}
{"message":"pulled documents from database of type: project","level":"info"}
{"message":"pulled property _id from documents of type project in db","level":"info"}
{"message":"pulled documents from database of type: project","level":"info"}
{"message":"pulled property _id from documents of type project in db","level":"info"}
{"message":"pulled documents from database of type: project","level":"info"}
{"message":"pulled property _id from documents of type project in db","level":"info"}
{"message":"pulled documents from database of type: project","level":"info"}
{"message":"pulled property _id from documents of type project in db","level":"info"}
{"message":"pulled documents from database of type: project","level":"info"}
{"message":"pulled property _id from documents of type project in db","level":"info"}
{"message":"pulled documents from database of type: project","level":"info"}
{"message":"pulled property _id from documents of type project in db","level":"info"}
{"message":"pulled documents from database of type: project","level":"info"}
{"message":"pulled property _id from documents of type project in db","level":"info"}
{"message":"pulled documents from database of type: project","level":"info"}
{"message":"pulled property _id from documents of type project in db","level":"info"}
{"message":"pulled documents from database of type: project","level":"info"}
{"message":"pulled property _id from documents of type project in db","level":"info"}
{"message":"pulled documents from database of type: project","level":"info"}
{"message":"pulled property _id from documents of type project in db","level":"info"}
{"message":"pulled documents from database of type: project","level":"info"}
{"message":"pulled property _id from documents of type project in db","level":"info"}
{"message":"pulled documents from database of type: project","level":"info"}
{"message":"pulled property _id from documents of type project in db","level":"info"}
{"message":"pulled documents from database of type: project","level":"info"}
{"message":"pulled property _id from documents of type project in db","level":"info"}
{"message":"pulled documents from database of type: project","level":"info"}
{"message":"pulled property _id from documents of type project in db","level":"info"}
{"message":"pulled documents from database of type: project","level":"info"}
{"message":"pulled property _id from documents of type project in db","level":"info"}
{"message":"pulled documents from database of type: project","level":"info"}
{"message":"pulled property _id from documents of type project in db","level":"info"}
{"message":"pulled documents from database of type: project","level":"info"}
{"message":"pulled property _id from documents of type project in db","level":"info"}
{"message":"pulled documents from database of type: project","level":"info"}
{"message":"pulled property _id from documents of type project in db","level":"info"}
{"message":"pulled documents from database of type: project","level":"info"}
{"message":"pulled property _id from documents of type project in db","level":"info"}
{"message":"pulled documents from database of type: project","level":"info"}
{"message":"pulled property _id from documents of type project in db","level":"info"}
{"message":"pulled documents from database of type: project","level":"info"}
{"message":"pulled property _id from documents of type project in db","level":"info"}
{"message":"pulled documents from database of type: project","level":"info"}
{"message":"pulled property _id from documents of type project in db","level":"info"}
{"message":"pulled documents from database of type: project","level":"info"}
{"message":"pulled property _id from documents of type project in db","level":"info"}
{"message":"pulled documents from database of type: project","level":"info"}
{"message":"pulled property _id from documents of type project in db","level":"info"}
{"message":"pulled documents from database of type: project","level":"info"}
{"message":"pulled property _id from documents of type project in db","level":"info"}
{"message":"pulled documents from database of type: project","level":"info"}
{"message":"pulled property _id from documents of type project in db","level":"info"}
{"message":"pulled documents from database of type: project","level":"info"}
{"message":"pulled property _id from documents of type project in db","level":"info"}
{"message":"pulled documents from database of type: project","level":"info"}
{"message":"pulled property _id from documents of type project in db","level":"info"}
{"message":"pulled documents from database of type: project","level":"info"}
{"message":"pulled property _id from documents of type project in db","level":"info"}
{"message":"pulled documents from database of type: project","level":"info"}
{"message":"pulled property _id from documents of type project in db","level":"info"}
{"message":"pulled documents from database of type: project","level":"info"}
{"message":"pulled property _id from documents of type project in db","level":"info"}
{"message":"pulled documents from database of type: project","level":"info"}
{"message":"pulled property _id from documents of type project in db","level":"info"}
{"message":"pulled documents from database of type: project","level":"info"}
{"message":"pulled property _id from documents of type project in db","level":"info"}
{"message":"pulled documents from database of type: project","level":"info"}
{"message":"pulled property _id from documents of type project in db","level":"info"}
{"message":"pulled documents from database of type: project","level":"info"}
{"message":"pulled property _id from documents of type project in db","level":"info"}
{"message":"pulled documents from database of type: project","level":"info"}
{"message":"pulled property _id from documents of type project in db","level":"info"}
{"message":"pulled documents from database of type: project","level":"info"}
{"message":"pulled property _id from documents of type project in db","level":"info"}
{"message":"pulled documents from database of type: project","level":"info"}
{"message":"pulled property _id from documents of type project in db","level":"info"}
{"message":"pulled documents from database of type: project","level":"info"}
{"message":"pulled property _id from documents of type project in db","level":"info"}
{"message":"pulled documents from database of type: project","level":"info"}
{"message":"pulled property _id from documents of type project in db","level":"info"}
{"message":"pulled documents from database of type: project","level":"info"}
{"message":"pulled property _id from documents of type project in db","level":"info"}
{"message":"pulled documents from database of type: project","level":"info"}
{"message":"pulled property _id from documents of type project in db","level":"info"}
{"message":"pulled documents from database of type: project","level":"info"}
{"message":"pulled property _id from documents of type project in db","level":"info"}
{"message":"pulled documents from database of type: project","level":"info"}
{"message":"pulled property _id from documents of type project in db","level":"info"}
{"message":"pulled documents from database of type: project","level":"info"}
{"message":"pulled property _id from documents of type project in db","level":"info"}
{"message":"pulled documents from database of type: project","level":"info"}
{"message":"pulled property _id from documents of type project in db","level":"info"}
{"message":"pulled documents from database of type: project","level":"info"}
{"message":"pulled property _id from documents of type project in db","level":"info"}
{"message":"pulled documents from database of type: project","level":"info"}
{"message":"pulled property _id from documents of type project in db","level":"info"}
{"message":"pulled documents from database of type: project","level":"info"}
{"message":"pulled property _id from documents of type project in db","level":"info"}
{"message":"pulled documents from database of type: project","level":"info"}
{"message":"pulled property _id from documents of type project in db","level":"info"}
{"message":"pulled documents from database of type: project","level":"info"}
{"message":"pulled property _id from documents of type project in db","level":"info"}
{"message":"started app server at http://localhost:3000","level":"warn"}
{"message":"formed new connection to db","level":"info"}
{"message":"pulled property _id from documents of type project in db","level":"info"}
{"message":"pulled documents from database of type: project","level":"info"}
{"message":"pulled one document from db of type user","level":"info"}
{"message":"user m123123 entered homepage","level":"info"}
{"message":"started app server at http://localhost:3000","level":"warn"}
{"message":"formed new connection to db","level":"info"}
{"message":"pulled property _id from documents of type project in db","level":"info"}
{"message":"pulled documents from database of type: project","level":"info"}
{"message":"pulled one document from db of type user","level":"info"}
{"message":"user m123123 entered homepage","level":"info"}
{"message":"pulled property _id from documents of type project in db","level":"info"}
{"message":"pulled documents from database of type: project","level":"info"}
{"message":"pulled property _id from documents of type project in db","level":"info"}
{"message":"pulled documents from database of type: project","level":"info"}
{"message":"pulled property _id from documents of type project in db","level":"info"}
{"message":"pulled documents from database of type: project","level":"info"}
{"message":"pulled property _id from documents of type project in db","level":"info"}
{"message":"pulled documents from database of type: project","level":"info"}
{"message":"started app server at http://localhost:3000","level":"warn"}
{"message":"formed new connection to db","level":"info"}
{"message":"pulled property _id from documents of type project in db","level":"info"}
{"message":"pulled documents from database of type: project","level":"info"}
{"message":"pulled one document from db of type user","level":"info"}
{"message":"user m123123 entered homepage","level":"info"}
{"message":"started app server at http://localhost:3000","level":"warn"}
{"message":"formed new connection to db","level":"info"}
{"message":"pulled property _id from documents of type project in db","level":"info"}
{"message":"pulled documents from database of type: project","level":"info"}
{"message":"pulled one document from db of type user","level":"info"}
{"message":"user m123123 entered homepage","level":"info"}
{"message":"user m123123 entered view project page","level":"info"}
{"message":"started app server at http://localhost:3000","level":"warn"}
{"message":"formed new connection to db","level":"info"}
{"message":"pulled property _id from documents of type project in db","level":"info"}
{"message":"pulled documents from database of type: project","level":"info"}
{"message":"pulled property _id from documents of type project in db","level":"info"}
{"message":"pulled documents from database of type: project","level":"info"}
{"message":"pulled property _id from documents of type project in db","level":"info"}
{"message":"pulled documents from database of type: project","level":"info"}
{"message":"pulled property _id from documents of type project in db","level":"info"}
{"message":"pulled documents from database of type: project","level":"info"}
{"message":"pulled property _id from documents of type project in db","level":"info"}
{"message":"pulled documents from database of type: project","level":"info"}
{"message":"pulled property _id from documents of type project in db","level":"info"}
{"message":"pulled documents from database of type: project","level":"info"}
{"message":"pulled property _id from documents of type project in db","level":"info"}
{"message":"pulled documents from database of type: project","level":"info"}
{"message":"pulled property _id from documents of type project in db","level":"info"}
{"message":"pulled documents from database of type: project","level":"info"}
{"message":"pulled property _id from documents of type project in db","level":"info"}
{"message":"pulled documents from database of type: project","level":"info"}
{"message":"pulled property _id from documents of type project in db","level":"info"}
{"message":"pulled documents from database of type: project","level":"info"}
{"message":"pulled property _id from documents of type project in db","level":"info"}
{"message":"pulled documents from database of type: project","level":"info"}
{"message":"pulled property _id from documents of type project in db","level":"info"}
{"message":"pulled documents from database of type: project","level":"info"}
{"message":"pulled property _id from documents of type project in db","level":"info"}
{"message":"pulled documents from database of type: project","level":"info"}
{"message":"pulled property _id from documents of type project in db","level":"info"}
{"message":"pulled documents from database of type: project","level":"info"}
{"message":"pulled property _id from documents of type project in db","level":"info"}
{"message":"pulled documents from database of type: project","level":"info"}
{"message":"pulled property _id from documents of type project in db","level":"info"}
{"message":"pulled documents from database of type: project","level":"info"}
{"message":"pulled property _id from documents of type project in db","level":"info"}
{"message":"pulled documents from database of type: project","level":"info"}
{"message":"pulled property _id from documents of type project in db","level":"info"}
{"message":"pulled documents from database of type: project","level":"info"}
{"message":"pulled property _id from documents of type project in db","level":"info"}
{"message":"pulled documents from database of type: project","level":"info"}
{"message":"pulled property _id from documents of type project in db","level":"info"}
{"message":"pulled documents from database of type: project","level":"info"}
{"message":"pulled property _id from documents of type project in db","level":"info"}
{"message":"pulled documents from database of type: project","level":"info"}
{"message":"pulled property _id from documents of type project in db","level":"info"}
{"message":"pulled documents from database of type: project","level":"info"}
{"message":"pulled property _id from documents of type project in db","level":"info"}
{"message":"pulled documents from database of type: project","level":"info"}
{"message":"pulled property _id from documents of type project in db","level":"info"}
{"message":"pulled documents from database of type: project","level":"info"}
{"message":"pulled property _id from documents of type project in db","level":"info"}
{"message":"pulled documents from database of type: project","level":"info"}
{"message":"pulled property _id from documents of type project in db","level":"info"}
{"message":"pulled documents from database of type: project","level":"info"}
{"message":"pulled property _id from documents of type project in db","level":"info"}
{"message":"pulled documents from database of type: project","level":"info"}
{"message":"pulled property _id from documents of type project in db","level":"info"}
{"message":"pulled documents from database of type: project","level":"info"}
{"message":"pulled property _id from documents of type project in db","level":"info"}
{"message":"pulled documents from database of type: project","level":"info"}
{"message":"pulled property _id from documents of type project in db","level":"info"}
{"message":"pulled documents from database of type: project","level":"info"}
{"message":"pulled property _id from documents of type project in db","level":"info"}
{"message":"pulled documents from database of type: project","level":"info"}
{"message":"pulled property _id from documents of type project in db","level":"info"}
{"message":"pulled documents from database of type: project","level":"info"}
{"message":"pulled property _id from documents of type project in db","level":"info"}
{"message":"pulled documents from database of type: project","level":"info"}
{"message":"pulled property _id from documents of type project in db","level":"info"}
{"message":"pulled documents from database of type: project","level":"info"}
{"message":"pulled property _id from documents of type project in db","level":"info"}
{"message":"pulled documents from database of type: project","level":"info"}
{"message":"pulled property _id from documents of type project in db","level":"info"}
{"message":"pulled documents from database of type: project","level":"info"}
{"message":"pulled property _id from documents of type project in db","level":"info"}
{"message":"pulled documents from database of type: project","level":"info"}
{"message":"pulled property _id from documents of type project in db","level":"info"}
{"message":"pulled documents from database of type: project","level":"info"}
{"message":"pulled property _id from documents of type project in db","level":"info"}
{"message":"pulled documents from database of type: project","level":"info"}
{"message":"pulled property _id from documents of type project in db","level":"info"}
{"message":"pulled documents from database of type: project","level":"info"}
{"message":"pulled property _id from documents of type project in db","level":"info"}
{"message":"pulled documents from database of type: project","level":"info"}
{"message":"pulled property _id from documents of type project in db","level":"info"}
{"message":"pulled documents from database of type: project","level":"info"}
{"message":"pulled property _id from documents of type project in db","level":"info"}
{"message":"pulled documents from database of type: project","level":"info"}
{"message":"pulled property _id from documents of type project in db","level":"info"}
{"message":"pulled documents from database of type: project","level":"info"}
{"message":"pulled property _id from documents of type project in db","level":"info"}
{"message":"pulled documents from database of type: project","level":"info"}
{"message":"pulled property _id from documents of type project in db","level":"info"}
{"message":"pulled documents from database of type: project","level":"info"}
{"message":"pulled property _id from documents of type project in db","level":"info"}
{"message":"pulled documents from database of type: project","level":"info"}
{"message":"pulled property _id from documents of type project in db","level":"info"}
{"message":"pulled documents from database of type: project","level":"info"}
{"message":"pulled property _id from documents of type project in db","level":"info"}
{"message":"pulled documents from database of type: project","level":"info"}
{"message":"pulled property _id from documents of type project in db","level":"info"}
{"message":"pulled documents from database of type: project","level":"info"}
{"message":"pulled property _id from documents of type project in db","level":"info"}
{"message":"pulled documents from database of type: project","level":"info"}
{"message":"pulled property _id from documents of type project in db","level":"info"}
{"message":"pulled documents from database of type: project","level":"info"}
{"message":"pulled property _id from documents of type project in db","level":"info"}
{"message":"pulled documents from database of type: project","level":"info"}
{"message":"pulled property _id from documents of type project in db","level":"info"}
{"message":"pulled documents from database of type: project","level":"info"}
{"message":"pulled property _id from documents of type project in db","level":"info"}
{"message":"pulled documents from database of type: project","level":"info"}
{"message":"pulled property _id from documents of type project in db","level":"info"}
{"message":"pulled documents from database of type: project","level":"info"}
{"message":"pulled property _id from documents of type project in db","level":"info"}
{"message":"pulled documents from database of type: project","level":"info"}
{"message":"pulled property _id from documents of type project in db","level":"info"}
{"message":"pulled documents from database of type: project","level":"info"}
{"message":"pulled property _id from documents of type project in db","level":"info"}
{"message":"pulled documents from database of type: project","level":"info"}
{"message":"pulled property _id from documents of type project in db","level":"info"}
{"message":"pulled documents from database of type: project","level":"info"}
{"message":"pulled property _id from documents of type project in db","level":"info"}
{"message":"pulled documents from database of type: project","level":"info"}
{"message":"pulled property _id from documents of type project in db","level":"info"}
{"message":"pulled documents from database of type: project","level":"info"}
{"message":"pulled property _id from documents of type project in db","level":"info"}
{"message":"pulled documents from database of type: project","level":"info"}
{"message":"pulled property _id from documents of type project in db","level":"info"}
{"message":"pulled documents from database of type: project","level":"info"}
{"message":"pulled property _id from documents of type project in db","level":"info"}
{"message":"pulled documents from database of type: project","level":"info"}
{"message":"pulled property _id from documents of type project in db","level":"info"}
{"message":"pulled documents from database of type: project","level":"info"}
{"message":"pulled property _id from documents of type project in db","level":"info"}
{"message":"pulled documents from database of type: project","level":"info"}
{"message":"pulled property _id from documents of type project in db","level":"info"}
{"message":"pulled documents from database of type: project","level":"info"}
{"message":"pulled property _id from documents of type project in db","level":"info"}
{"message":"pulled documents from database of type: project","level":"info"}
{"message":"pulled property _id from documents of type project in db","level":"info"}
{"message":"pulled documents from database of type: project","level":"info"}
{"message":"pulled property _id from documents of type project in db","level":"info"}
{"message":"pulled documents from database of type: project","level":"info"}
{"message":"pulled property _id from documents of type project in db","level":"info"}
{"message":"pulled documents from database of type: project","level":"info"}
{"message":"pulled property _id from documents of type project in db","level":"info"}
{"message":"pulled documents from database of type: project","level":"info"}
{"message":"pulled property _id from documents of type project in db","level":"info"}
{"message":"pulled documents from database of type: project","level":"info"}
{"message":"pulled property _id from documents of type project in db","level":"info"}
{"message":"pulled documents from database of type: project","level":"info"}
{"message":"pulled property _id from documents of type project in db","level":"info"}
{"message":"pulled documents from database of type: project","level":"info"}
{"message":"pulled property _id from documents of type project in db","level":"info"}
{"message":"pulled documents from database of type: project","level":"info"}
{"message":"pulled property _id from documents of type project in db","level":"info"}
{"message":"pulled documents from database of type: project","level":"info"}
{"message":"pulled property _id from documents of type project in db","level":"info"}
{"message":"pulled documents from database of type: project","level":"info"}
{"message":"pulled property _id from documents of type project in db","level":"info"}
{"message":"pulled documents from database of type: project","level":"info"}
{"message":"pulled property _id from documents of type project in db","level":"info"}
{"message":"pulled documents from database of type: project","level":"info"}
{"message":"pulled property _id from documents of type project in db","level":"info"}
{"message":"pulled documents from database of type: project","level":"info"}
{"message":"pulled property _id from documents of type project in db","level":"info"}
{"message":"pulled documents from database of type: project","level":"info"}
{"message":"pulled property _id from documents of type project in db","level":"info"}
{"message":"pulled documents from database of type: project","level":"info"}
{"message":"pulled property _id from documents of type project in db","level":"info"}
{"message":"pulled documents from database of type: project","level":"info"}
{"message":"pulled property _id from documents of type project in db","level":"info"}
{"message":"pulled documents from database of type: project","level":"info"}
{"message":"pulled property _id from documents of type project in db","level":"info"}
{"message":"pulled documents from database of type: project","level":"info"}
{"message":"pulled property _id from documents of type project in db","level":"info"}
{"message":"pulled documents from database of type: project","level":"info"}
{"message":"pulled property _id from documents of type project in db","level":"info"}
{"message":"pulled documents from database of type: project","level":"info"}
{"message":"pulled property _id from documents of type project in db","level":"info"}
{"message":"pulled documents from database of type: project","level":"info"}
{"message":"pulled property _id from documents of type project in db","level":"info"}
{"message":"pulled documents from database of type: project","level":"info"}
{"message":"pulled property _id from documents of type project in db","level":"info"}
{"message":"pulled documents from database of type: project","level":"info"}
{"message":"pulled property _id from documents of type project in db","level":"info"}
{"message":"pulled documents from database of type: project","level":"info"}
{"message":"pulled property _id from documents of type project in db","level":"info"}
{"message":"pulled documents from database of type: project","level":"info"}
{"message":"pulled property _id from documents of type project in db","level":"info"}
{"message":"pulled documents from database of type: project","level":"info"}
{"message":"pulled property _id from documents of type project in db","level":"info"}
{"message":"pulled documents from database of type: project","level":"info"}
{"message":"pulled property _id from documents of type project in db","level":"info"}
{"message":"pulled documents from database of type: project","level":"info"}
{"message":"pulled property _id from documents of type project in db","level":"info"}
{"message":"pulled documents from database of type: project","level":"info"}
{"message":"pulled property _id from documents of type project in db","level":"info"}
{"message":"pulled documents from database of type: project","level":"info"}
{"message":"pulled property _id from documents of type project in db","level":"info"}
{"message":"pulled documents from database of type: project","level":"info"}
{"message":"pulled property _id from documents of type project in db","level":"info"}
{"message":"pulled documents from database of type: project","level":"info"}
{"message":"pulled property _id from documents of type project in db","level":"info"}
{"message":"pulled documents from database of type: project","level":"info"}
{"message":"pulled property _id from documents of type project in db","level":"info"}
{"message":"pulled documents from database of type: project","level":"info"}
{"message":"pulled property _id from documents of type project in db","level":"info"}
{"message":"pulled documents from database of type: project","level":"info"}
{"message":"pulled property _id from documents of type project in db","level":"info"}
{"message":"pulled documents from database of type: project","level":"info"}
{"message":"pulled property _id from documents of type project in db","level":"info"}
{"message":"pulled documents from database of type: project","level":"info"}
{"message":"pulled property _id from documents of type project in db","level":"info"}
{"message":"pulled documents from database of type: project","level":"info"}
{"message":"pulled property _id from documents of type project in db","level":"info"}
{"message":"pulled documents from database of type: project","level":"info"}
{"message":"pulled property _id from documents of type project in db","level":"info"}
{"message":"pulled documents from database of type: project","level":"info"}
{"message":"pulled property _id from documents of type project in db","level":"info"}
{"message":"pulled documents from database of type: project","level":"info"}
{"message":"pulled property _id from documents of type project in db","level":"info"}
{"message":"pulled documents from database of type: project","level":"info"}
{"message":"pulled property _id from documents of type project in db","level":"info"}
{"message":"pulled documents from database of type: project","level":"info"}
{"message":"pulled property _id from documents of type project in db","level":"info"}
{"message":"pulled documents from database of type: project","level":"info"}
{"message":"pulled property _id from documents of type project in db","level":"info"}
{"message":"pulled documents from database of type: project","level":"info"}
{"message":"pulled property _id from documents of type project in db","level":"info"}
{"message":"pulled documents from database of type: project","level":"info"}
{"message":"pulled property _id from documents of type project in db","level":"info"}
{"message":"pulled documents from database of type: project","level":"info"}
{"message":"pulled property _id from documents of type project in db","level":"info"}
{"message":"pulled documents from database of type: project","level":"info"}
{"message":"pulled property _id from documents of type project in db","level":"info"}
{"message":"pulled documents from database of type: project","level":"info"}
{"message":"pulled property _id from documents of type project in db","level":"info"}
{"message":"pulled documents from database of type: project","level":"info"}
{"message":"pulled property _id from documents of type project in db","level":"info"}
{"message":"pulled documents from database of type: project","level":"info"}
{"message":"pulled property _id from documents of type project in db","level":"info"}
{"message":"pulled documents from database of type: project","level":"info"}
{"message":"pulled property _id from documents of type project in db","level":"info"}
{"message":"pulled documents from database of type: project","level":"info"}
{"message":"pulled property _id from documents of type project in db","level":"info"}
{"message":"pulled documents from database of type: project","level":"info"}
{"message":"pulled property _id from documents of type project in db","level":"info"}
{"message":"pulled documents from database of type: project","level":"info"}
{"message":"pulled property _id from documents of type project in db","level":"info"}
{"message":"pulled documents from database of type: project","level":"info"}
{"message":"pulled property _id from documents of type project in db","level":"info"}
{"message":"pulled documents from database of type: project","level":"info"}
{"message":"pulled property _id from documents of type project in db","level":"info"}
{"message":"pulled documents from database of type: project","level":"info"}
{"message":"pulled property _id from documents of type project in db","level":"info"}
{"message":"pulled documents from database of type: project","level":"info"}
{"message":"pulled property _id from documents of type project in db","level":"info"}
{"message":"pulled documents from database of type: project","level":"info"}
{"message":"pulled property _id from documents of type project in db","level":"info"}
{"message":"pulled documents from database of type: project","level":"info"}
{"message":"pulled property _id from documents of type project in db","level":"info"}
{"message":"pulled documents from database of type: project","level":"info"}
{"message":"pulled property _id from documents of type project in db","level":"info"}
{"message":"pulled documents from database of type: project","level":"info"}
{"message":"pulled property _id from documents of type project in db","level":"info"}
{"message":"pulled documents from database of type: project","level":"info"}
{"message":"pulled property _id from documents of type project in db","level":"info"}
{"message":"pulled documents from database of type: project","level":"info"}
{"message":"pulled property _id from documents of type project in db","level":"info"}
{"message":"pulled documents from database of type: project","level":"info"}
{"message":"pulled property _id from documents of type project in db","level":"info"}
{"message":"pulled documents from database of type: project","level":"info"}
{"message":"pulled property _id from documents of type project in db","level":"info"}
{"message":"pulled documents from database of type: project","level":"info"}
{"message":"pulled property _id from documents of type project in db","level":"info"}
{"message":"pulled documents from database of type: project","level":"info"}
{"message":"pulled property _id from documents of type project in db","level":"info"}
{"message":"pulled documents from database of type: project","level":"info"}
{"message":"pulled property _id from documents of type project in db","level":"info"}
{"message":"pulled documents from database of type: project","level":"info"}
{"message":"pulled property _id from documents of type project in db","level":"info"}
{"message":"pulled documents from database of type: project","level":"info"}
{"message":"pulled property _id from documents of type project in db","level":"info"}
{"message":"pulled documents from database of type: project","level":"info"}
{"message":"pulled property _id from documents of type project in db","level":"info"}
{"message":"pulled documents from database of type: project","level":"info"}
{"message":"pulled property _id from documents of type project in db","level":"info"}
{"message":"pulled documents from database of type: project","level":"info"}
{"message":"pulled property _id from documents of type project in db","level":"info"}
{"message":"pulled documents from database of type: project","level":"info"}
{"message":"pulled property _id from documents of type project in db","level":"info"}
{"message":"pulled documents from database of type: project","level":"info"}
{"message":"pulled property _id from documents of type project in db","level":"info"}
{"message":"pulled documents from database of type: project","level":"info"}
{"message":"pulled property _id from documents of type project in db","level":"info"}
{"message":"pulled documents from database of type: project","level":"info"}
{"message":"pulled property _id from documents of type project in db","level":"info"}
{"message":"pulled documents from database of type: project","level":"info"}
{"message":"pulled property _id from documents of type project in db","level":"info"}
{"message":"pulled documents from database of type: project","level":"info"}
{"message":"pulled property _id from documents of type project in db","level":"info"}
{"message":"pulled documents from database of type: project","level":"info"}
{"message":"pulled property _id from documents of type project in db","level":"info"}
{"message":"pulled documents from database of type: project","level":"info"}
{"message":"pulled property _id from documents of type project in db","level":"info"}
{"message":"pulled documents from database of type: project","level":"info"}
{"message":"pulled property _id from documents of type project in db","level":"info"}
{"message":"pulled documents from database of type: project","level":"info"}
{"message":"pulled property _id from documents of type project in db","level":"info"}
{"message":"pulled documents from database of type: project","level":"info"}
{"message":"pulled property _id from documents of type project in db","level":"info"}
{"message":"pulled documents from database of type: project","level":"info"}
{"message":"pulled property _id from documents of type project in db","level":"info"}
{"message":"pulled documents from database of type: project","level":"info"}
{"message":"pulled property _id from documents of type project in db","level":"info"}
{"message":"pulled documents from database of type: project","level":"info"}
{"message":"pulled property _id from documents of type project in db","level":"info"}
{"message":"pulled documents from database of type: project","level":"info"}
{"message":"pulled property _id from documents of type project in db","level":"info"}
{"message":"pulled documents from database of type: project","level":"info"}
{"message":"pulled property _id from documents of type project in db","level":"info"}
{"message":"pulled documents from database of type: project","level":"info"}
{"message":"pulled property _id from documents of type project in db","level":"info"}
{"message":"pulled documents from database of type: project","level":"info"}
{"message":"pulled property _id from documents of type project in db","level":"info"}
{"message":"pulled documents from database of type: project","level":"info"}
{"message":"pulled property _id from documents of type project in db","level":"info"}
{"message":"pulled documents from database of type: project","level":"info"}
{"message":"pulled property _id from documents of type project in db","level":"info"}
{"message":"pulled documents from database of type: project","level":"info"}
{"message":"pulled property _id from documents of type project in db","level":"info"}
{"message":"pulled documents from database of type: project","level":"info"}
{"message":"pulled property _id from documents of type project in db","level":"info"}
{"message":"pulled documents from database of type: project","level":"info"}
{"message":"pulled property _id from documents of type project in db","level":"info"}
{"message":"pulled documents from database of type: project","level":"info"}
{"message":"pulled property _id from documents of type project in db","level":"info"}
{"message":"pulled documents from database of type: project","level":"info"}
{"message":"pulled property _id from documents of type project in db","level":"info"}
{"message":"pulled documents from database of type: project","level":"info"}
{"message":"pulled property _id from documents of type project in db","level":"info"}
{"message":"pulled documents from database of type: project","level":"info"}
{"message":"pulled property _id from documents of type project in db","level":"info"}
{"message":"pulled documents from database of type: project","level":"info"}
{"message":"pulled property _id from documents of type project in db","level":"info"}
{"message":"pulled documents from database of type: project","level":"info"}
{"message":"pulled property _id from documents of type project in db","level":"info"}
{"message":"pulled documents from database of type: project","level":"info"}
{"message":"pulled property _id from documents of type project in db","level":"info"}
{"message":"pulled documents from database of type: project","level":"info"}
{"message":"pulled property _id from documents of type project in db","level":"info"}
{"message":"pulled documents from database of type: project","level":"info"}
{"message":"pulled property _id from documents of type project in db","level":"info"}
{"message":"pulled documents from database of type: project","level":"info"}
{"message":"pulled property _id from documents of type project in db","level":"info"}
{"message":"pulled documents from database of type: project","level":"info"}
{"message":"pulled property _id from documents of type project in db","level":"info"}
{"message":"pulled documents from database of type: project","level":"info"}
{"message":"pulled property _id from documents of type project in db","level":"info"}
{"message":"pulled documents from database of type: project","level":"info"}
{"message":"pulled property _id from documents of type project in db","level":"info"}
{"message":"pulled documents from database of type: project","level":"info"}
{"message":"pulled property _id from documents of type project in db","level":"info"}
{"message":"pulled documents from database of type: project","level":"info"}
{"message":"pulled property _id from documents of type project in db","level":"info"}
{"message":"pulled documents from database of type: project","level":"info"}
{"message":"pulled property _id from documents of type project in db","level":"info"}
{"message":"pulled documents from database of type: project","level":"info"}
{"message":"pulled property _id from documents of type project in db","level":"info"}
{"message":"pulled documents from database of type: project","level":"info"}
{"message":"pulled property _id from documents of type project in db","level":"info"}
{"message":"pulled documents from database of type: project","level":"info"}
{"message":"pulled property _id from documents of type project in db","level":"info"}
{"message":"pulled documents from database of type: project","level":"info"}
{"message":"pulled property _id from documents of type project in db","level":"info"}
{"message":"pulled documents from database of type: project","level":"info"}
{"message":"pulled property _id from documents of type project in db","level":"info"}
{"message":"pulled documents from database of type: project","level":"info"}
{"message":"pulled property _id from documents of type project in db","level":"info"}
{"message":"pulled documents from database of type: project","level":"info"}
{"message":"pulled property _id from documents of type project in db","level":"info"}
{"message":"pulled documents from database of type: project","level":"info"}
{"message":"pulled property _id from documents of type project in db","level":"info"}
{"message":"pulled documents from database of type: project","level":"info"}
{"message":"pulled property _id from documents of type project in db","level":"info"}
{"message":"pulled documents from database of type: project","level":"info"}
{"message":"pulled property _id from documents of type project in db","level":"info"}
{"message":"pulled documents from database of type: project","level":"info"}
{"message":"pulled property _id from documents of type project in db","level":"info"}
{"message":"pulled documents from database of type: project","level":"info"}
{"message":"pulled property _id from documents of type project in db","level":"info"}
{"message":"pulled documents from database of type: project","level":"info"}
{"message":"pulled property _id from documents of type project in db","level":"info"}
{"message":"pulled documents from database of type: project","level":"info"}
{"message":"pulled property _id from documents of type project in db","level":"info"}
{"message":"pulled documents from database of type: project","level":"info"}
{"message":"pulled property _id from documents of type project in db","level":"info"}
{"message":"pulled documents from database of type: project","level":"info"}
{"message":"pulled property _id from documents of type project in db","level":"info"}
{"message":"pulled documents from database of type: project","level":"info"}
{"message":"pulled property _id from documents of type project in db","level":"info"}
{"message":"pulled documents from database of type: project","level":"info"}
{"message":"pulled property _id from documents of type project in db","level":"info"}
{"message":"pulled documents from database of type: project","level":"info"}
{"message":"pulled property _id from documents of type project in db","level":"info"}
{"message":"pulled documents from database of type: project","level":"info"}
{"message":"pulled property _id from documents of type project in db","level":"info"}
{"message":"pulled documents from database of type: project","level":"info"}
{"message":"pulled property _id from documents of type project in db","level":"info"}
{"message":"pulled documents from database of type: project","level":"info"}
{"message":"pulled property _id from documents of type project in db","level":"info"}
{"message":"pulled documents from database of type: project","level":"info"}
{"message":"pulled property _id from documents of type project in db","level":"info"}
{"message":"pulled documents from database of type: project","level":"info"}
{"message":"pulled property _id from documents of type project in db","level":"info"}
{"message":"pulled documents from database of type: project","level":"info"}
{"message":"pulled property _id from documents of type project in db","level":"info"}
{"message":"pulled documents from database of type: project","level":"info"}
{"message":"pulled property _id from documents of type project in db","level":"info"}
{"message":"pulled documents from database of type: project","level":"info"}
{"message":"pulled property _id from documents of type project in db","level":"info"}
{"message":"pulled documents from database of type: project","level":"info"}
{"message":"pulled property _id from documents of type project in db","level":"info"}
{"message":"pulled documents from database of type: project","level":"info"}
{"message":"pulled property _id from documents of type project in db","level":"info"}
{"message":"pulled documents from database of type: project","level":"info"}
{"message":"pulled property _id from documents of type project in db","level":"info"}
{"message":"pulled documents from database of type: project","level":"info"}
{"message":"pulled property _id from documents of type project in db","level":"info"}
{"message":"pulled documents from database of type: project","level":"info"}
{"message":"pulled property _id from documents of type project in db","level":"info"}
{"message":"pulled documents from database of type: project","level":"info"}
{"message":"pulled property _id from documents of type project in db","level":"info"}
{"message":"pulled documents from database of type: project","level":"info"}
{"message":"pulled property _id from documents of type project in db","level":"info"}
{"message":"pulled documents from database of type: project","level":"info"}
{"message":"pulled property _id from documents of type project in db","level":"info"}
{"message":"pulled documents from database of type: project","level":"info"}
{"message":"pulled property _id from documents of type project in db","level":"info"}
{"message":"pulled documents from database of type: project","level":"info"}
{"message":"pulled property _id from documents of type project in db","level":"info"}
{"message":"pulled documents from database of type: project","level":"info"}
{"message":"pulled property _id from documents of type project in db","level":"info"}
{"message":"pulled documents from database of type: project","level":"info"}
{"message":"pulled property _id from documents of type project in db","level":"info"}
{"message":"pulled documents from database of type: project","level":"info"}
{"message":"pulled property _id from documents of type project in db","level":"info"}
{"message":"pulled documents from database of type: project","level":"info"}
{"message":"pulled property _id from documents of type project in db","level":"info"}
{"message":"pulled documents from database of type: project","level":"info"}
{"message":"pulled property _id from documents of type project in db","level":"info"}
{"message":"pulled documents from database of type: project","level":"info"}
{"message":"pulled property _id from documents of type project in db","level":"info"}
{"message":"pulled documents from database of type: project","level":"info"}
{"message":"pulled property _id from documents of type project in db","level":"info"}
{"message":"pulled documents from database of type: project","level":"info"}
{"message":"pulled property _id from documents of type project in db","level":"info"}
{"message":"pulled documents from database of type: project","level":"info"}
{"message":"pulled property _id from documents of type project in db","level":"info"}
{"message":"pulled documents from database of type: project","level":"info"}
{"message":"pulled property _id from documents of type project in db","level":"info"}
{"message":"pulled documents from database of type: project","level":"info"}
{"message":"pulled property _id from documents of type project in db","level":"info"}
{"message":"pulled documents from database of type: project","level":"info"}
{"message":"pulled property _id from documents of type project in db","level":"info"}
{"message":"pulled documents from database of type: project","level":"info"}
{"message":"pulled property _id from documents of type project in db","level":"info"}
{"message":"pulled documents from database of type: project","level":"info"}
{"message":"pulled property _id from documents of type project in db","level":"info"}
{"message":"pulled documents from database of type: project","level":"info"}
{"message":"pulled property _id from documents of type project in db","level":"info"}
{"message":"pulled documents from database of type: project","level":"info"}
{"message":"pulled property _id from documents of type project in db","level":"info"}
{"message":"pulled documents from database of type: project","level":"info"}
{"message":"pulled property _id from documents of type project in db","level":"info"}
{"message":"pulled documents from database of type: project","level":"info"}
{"message":"pulled property _id from documents of type project in db","level":"info"}
{"message":"pulled documents from database of type: project","level":"info"}
{"message":"pulled property _id from documents of type project in db","level":"info"}
{"message":"pulled documents from database of type: project","level":"info"}
{"message":"pulled property _id from documents of type project in db","level":"info"}
{"message":"pulled documents from database of type: project","level":"info"}
{"message":"pulled property _id from documents of type project in db","level":"info"}
{"message":"pulled documents from database of type: project","level":"info"}
{"message":"pulled property _id from documents of type project in db","level":"info"}
{"message":"pulled documents from database of type: project","level":"info"}
{"message":"pulled property _id from documents of type project in db","level":"info"}
{"message":"pulled documents from database of type: project","level":"info"}
{"message":"pulled property _id from documents of type project in db","level":"info"}
{"message":"pulled documents from database of type: project","level":"info"}
{"message":"pulled property _id from documents of type project in db","level":"info"}
{"message":"pulled documents from database of type: project","level":"info"}
{"message":"pulled property _id from documents of type project in db","level":"info"}
{"message":"pulled documents from database of type: project","level":"info"}
{"message":"pulled property _id from documents of type project in db","level":"info"}
{"message":"pulled documents from database of type: project","level":"info"}
{"message":"pulled property _id from documents of type project in db","level":"info"}
{"message":"pulled documents from database of type: project","level":"info"}
{"message":"pulled property _id from documents of type project in db","level":"info"}
{"message":"pulled documents from database of type: project","level":"info"}
{"message":"pulled property _id from documents of type project in db","level":"info"}
{"message":"pulled documents from database of type: project","level":"info"}
{"message":"pulled property _id from documents of type project in db","level":"info"}
{"message":"pulled documents from database of type: project","level":"info"}
{"message":"pulled property _id from documents of type project in db","level":"info"}
{"message":"pulled documents from database of type: project","level":"info"}
{"message":"pulled property _id from documents of type project in db","level":"info"}
{"message":"pulled documents from database of type: project","level":"info"}
{"message":"pulled property _id from documents of type project in db","level":"info"}
{"message":"pulled documents from database of type: project","level":"info"}
{"message":"pulled property _id from documents of type project in db","level":"info"}
{"message":"pulled documents from database of type: project","level":"info"}
{"message":"pulled property _id from documents of type project in db","level":"info"}
{"message":"pulled documents from database of type: project","level":"info"}
{"message":"pulled property _id from documents of type project in db","level":"info"}
{"message":"pulled documents from database of type: project","level":"info"}
{"message":"pulled property _id from documents of type project in db","level":"info"}
{"message":"pulled documents from database of type: project","level":"info"}
{"message":"pulled property _id from documents of type project in db","level":"info"}
{"message":"pulled documents from database of type: project","level":"info"}
{"message":"pulled property _id from documents of type project in db","level":"info"}
{"message":"pulled documents from database of type: project","level":"info"}
{"message":"pulled property _id from documents of type project in db","level":"info"}
{"message":"pulled documents from database of type: project","level":"info"}
{"message":"pulled property _id from documents of type project in db","level":"info"}
{"message":"pulled documents from database of type: project","level":"info"}
{"message":"pulled property _id from documents of type project in db","level":"info"}
{"message":"pulled documents from database of type: project","level":"info"}
{"message":"pulled property _id from documents of type project in db","level":"info"}
{"message":"pulled documents from database of type: project","level":"info"}
{"message":"pulled property _id from documents of type project in db","level":"info"}
{"message":"pulled documents from database of type: project","level":"info"}
{"message":"pulled one document from db of type user","level":"info"}
{"message":"user m123123 entered homepage","level":"info"}
{"message":"pulled documents from database of type: project","level":"info"}
{"message":"user m123123 entered homepage","level":"info"}
{"message":"pulled property _id from documents of type project in db","level":"info"}
{"message":"user m123123 entered view project page","level":"info"}
{"message":"pulled documents from database of type: project","level":"info"}
{"message":"pulled property _id from documents of type project in db","level":"info"}
{"message":"pulled documents from database of type: project","level":"info"}
{"message":"pulled property _id from documents of type project in db","level":"info"}
{"message":"pulled documents from database of type: project","level":"info"}
{"message":"pulled property _id from documents of type project in db","level":"info"}
{"message":"pulled documents from database of type: project","level":"info"}
{"message":"user m123123 entered view project page","level":"info"}
{"message":"pulled single document from database of type: project","level":"info"}
{"message":"pulled single document from database of type: project","level":"info"}
{"message":"user m123123 entered view project page","level":"info"}
{"message":"pulled property _id from documents of type project in db","level":"info"}
{"message":"pulled single document from database of type: project","level":"info"}
{"message":"pulled single document from database of type: project","level":"info"}
{"message":"pulled documents from database of type: project","level":"info"}
{"message":"pulled property _id from documents of type project in db","level":"info"}
{"message":"pulled documents from database of type: project","level":"info"}
{"message":"pulled property _id from documents of type project in db","level":"info"}
{"message":"pulled documents from database of type: project","level":"info"}
{"message":"pulled property _id from documents of type project in db","level":"info"}
{"message":"pulled documents from database of type: project","level":"info"}
{"message":"pulled property _id from documents of type project in db","level":"info"}
{"message":"user m123123 entered homepage","level":"info"}
{"message":"pulled documents from database of type: project","level":"info"}
{"message":"user m123123 entered view project page","level":"info"}
{"message":"pulled property _id from documents of type project in db","level":"info"}
{"message":"pulled documents from database of type: project","level":"info"}
{"message":"pulled property _id from documents of type project in db","level":"info"}
{"message":"pulled documents from database of type: project","level":"info"}
{"message":"pulled property _id from documents of type project in db","level":"info"}
{"message":"pulled documents from database of type: project","level":"info"}
{"message":"user m123123 entered view project page","level":"info"}
{"message":"pulled single document from database of type: project","level":"info"}
{"message":"pulled single document from database of type: project","level":"info"}
{"message":"pulled property _id from documents of type project in db","level":"info"}
{"message":"user m123123 entered homepage","level":"info"}
{"message":"pulled documents from database of type: project","level":"info"}
{"message":"user m123123 entered homepage","level":"info"}
{"message":"user m123123 entered view project page","level":"info"}
{"message":"pulled property _id from documents of type project in db","level":"info"}
{"message":"pulled documents from database of type: project","level":"info"}
{"message":"pulled property _id from documents of type project in db","level":"info"}
{"message":"pulled documents from database of type: project","level":"info"}
{"message":"pulled property _id from documents of type project in db","level":"info"}
{"message":"pulled documents from database of type: project","level":"info"}
{"message":"pulled property _id from documents of type project in db","level":"info"}
{"message":"pulled documents from database of type: project","level":"info"}
{"message":"pulled property _id from documents of type project in db","level":"info"}
{"message":"pulled documents from database of type: project","level":"info"}
{"message":"pulled property _id from documents of type project in db","level":"info"}
{"message":"pulled documents from database of type: project","level":"info"}
{"message":"pulled property _id from documents of type project in db","level":"info"}
{"message":"pulled documents from database of type: project","level":"info"}
{"message":"pulled property _id from documents of type project in db","level":"info"}
{"message":"pulled documents from database of type: project","level":"info"}
{"message":"pulled property _id from documents of type project in db","level":"info"}
{"message":"pulled documents from database of type: project","level":"info"}
{"message":"pulled property _id from documents of type project in db","level":"info"}
{"message":"pulled documents from database of type: project","level":"info"}
{"message":"pulled property _id from documents of type project in db","level":"info"}
{"message":"pulled documents from database of type: project","level":"info"}
{"message":"user m123123 entered homepage","level":"info"}
{"message":"user m123123 entered add project page","level":"info"}
{"message":"pulled documents from database of type: project","level":"info"}
{"message":"pulled property _id from documents of type project in db","level":"info"}
{"message":"pulled documents from database of type: project","level":"info"}
{"message":"pulled property _id from documents of type project in db","level":"info"}
{"message":"pulled documents from database of type: project","level":"info"}
{"message":"pulled property _id from documents of type project in db","level":"info"}
{"message":"pulled documents from database of type: project","level":"info"}
{"message":"pulled property _id from documents of type project in db","level":"info"}
{"message":"pulled documents from database of type: project","level":"info"}
{"message":"pulled property _id from documents of type project in db","level":"info"}
{"message":"pulled documents from database of type: project","level":"info"}
{"message":"pulled property _id from documents of type project in db","level":"info"}
{"message":"pulled documents from database of type: project","level":"info"}
{"message":"pulled property _id from documents of type project in db","level":"info"}
{"message":"pulled documents from database of type: project","level":"info"}
{"message":"pulled property _id from documents of type project in db","level":"info"}
{"message":"pulled documents from database of type: project","level":"info"}
{"message":"pulled property _id from documents of type project in db","level":"info"}
{"message":"pulled documents from database of type: project","level":"info"}
{"message":"pulled property _id from documents of type project in db","level":"info"}
{"message":"pulled documents from database of type: project","level":"info"}
{"message":"started app server at http://localhost:3000","level":"warn"}
{"message":"formed new connection to db","level":"info"}
{"message":"pulled property _id from documents of type project in db","level":"info"}
{"message":"pulled documents from database of type: project","level":"info"}
{"message":"started app server at http://localhost:3000","level":"warn"}
{"message":"formed new connection to db","level":"info"}
{"message":"pulled property _id from documents of type project in db","level":"info"}
{"message":"pulled documents from database of type: project","level":"info"}
{"message":"pulled one document from db of type user","level":"info"}
{"message":"user m123123 entered homepage","level":"info"}
{"message":"user m123123 entered add project page","level":"info"}
{"message":"started app server at http://localhost:3000","level":"warn"}
{"message":"formed new connection to db","level":"info"}
{"message":"pulled property _id from documents of type project in db","level":"info"}
{"message":"pulled documents from database of type: project","level":"info"}
{"message":"pulled one document from db of type user","level":"info"}
{"message":"user m123123 entered homepage","level":"info"}
{"message":"user m123123 entered add project page","level":"info"}
{"message":"started app server at http://localhost:3000","level":"warn"}
{"message":"formed new connection to db","level":"info"}
{"message":"pulled property _id from documents of type project in db","level":"info"}
{"message":"pulled documents from database of type: project","level":"info"}
{"message":"pulled one document from db of type user","level":"info"}
{"message":"user m123123 entered homepage","level":"info"}
{"message":"user m123123 entered add project page","level":"info"}
{"message":"user m123123 entered homepage","level":"info"}
{"message":"user m123123 entered view project page","level":"info"}
{"message":"user m123123 entered homepage","level":"info"}
{"message":"user m123123 entered view project page","level":"info"}
{"message":"user m123123 entered homepage","level":"info"}
{"message":"user m123123 entered add project page","level":"info"}
{"message":"pulled property _id from documents of type project in db","level":"info"}
{"message":"pulled documents from database of type: project","level":"info"}
{"message":"pulled property _id from documents of type project in db","level":"info"}
{"message":"pulled documents from database of type: project","level":"info"}
{"message":"pulled property _id from documents of type project in db","level":"info"}
{"message":"pulled documents from database of type: project","level":"info"}
{"message":"pulled property _id from documents of type project in db","level":"info"}
{"message":"pulled documents from database of type: project","level":"info"}
{"message":"pulled property _id from documents of type project in db","level":"info"}
{"message":"pulled documents from database of type: project","level":"info"}
{"message":"pulled property _id from documents of type project in db","level":"info"}
{"message":"pulled documents from database of type: project","level":"info"}
{"message":"started app server at http://localhost:3000","level":"warn"}
{"message":"formed new connection to db","level":"info"}
{"message":"pulled property _id from documents of type project in db","level":"info"}
{"message":"pulled documents from database of type: project","level":"info"}
{"message":"pulled one document from db of type user","level":"info"}
{"message":"user m123123 entered homepage","level":"info"}
{"message":"user m123123 entered add project page","level":"info"}
{"message":"pulled property _id from documents of type project in db","level":"info"}
{"message":"pulled documents from database of type: project","level":"info"}
{"message":"pulled property _id from documents of type project in db","level":"info"}
{"message":"pulled documents from database of type: project","level":"info"}
{"message":"pulled property _id from documents of type project in db","level":"info"}
{"message":"pulled documents from database of type: project","level":"info"}
{"message":"pulled property _id from documents of type project in db","level":"info"}
{"message":"pulled documents from database of type: project","level":"info"}
{"message":"pulled property _id from documents of type project in db","level":"info"}
{"message":"pulled documents from database of type: project","level":"info"}
{"message":"pulled property _id from documents of type project in db","level":"info"}
{"message":"pulled documents from database of type: project","level":"info"}
{"message":"pulled property _id from documents of type project in db","level":"info"}
{"message":"pulled documents from database of type: project","level":"info"}
{"message":"pulled property _id from documents of type project in db","level":"info"}
{"message":"pulled documents from database of type: project","level":"info"}
{"message":"pulled property _id from documents of type project in db","level":"info"}
{"message":"pulled documents from database of type: project","level":"info"}
{"message":"pulled property _id from documents of type project in db","level":"info"}
{"message":"pulled documents from database of type: project","level":"info"}
{"message":"pulled property _id from documents of type project in db","level":"info"}
{"message":"pulled documents from database of type: project","level":"info"}
{"message":"started app server at http://localhost:3000","level":"warn"}
{"message":"formed new connection to db","level":"info"}
{"message":"pulled property _id from documents of type project in db","level":"info"}
{"message":"pulled documents from database of type: project","level":"info"}
{"message":"started app server at http://localhost:3000","level":"warn"}
{"message":"formed new connection to db","level":"info"}
{"message":"pulled property _id from documents of type project in db","level":"info"}
{"message":"pulled documents from database of type: project","level":"info"}
{"message":"pulled one document from db of type user","level":"info"}
{"message":"user m123123 entered homepage","level":"info"}
{"message":"user m123123 entered add project page","level":"info"}
{"message":"started app server at http://localhost:3000","level":"warn"}
{"message":"formed new connection to db","level":"info"}
{"message":"pulled property _id from documents of type project in db","level":"info"}
{"message":"pulled documents from database of type: project","level":"info"}
{"message":"pulled one document from db of type user","level":"info"}
{"message":"user m123123 entered homepage","level":"info"}
{"message":"user m123123 entered add project page","level":"info"}
{"message":"pulled property _id from documents of type project in db","level":"info"}
{"message":"pulled documents from database of type: project","level":"info"}
{"message":"pulled property _id from documents of type project in db","level":"info"}
{"message":"pulled documents from database of type: project","level":"info"}
{"message":"pulled property _id from documents of type project in db","level":"info"}
{"message":"pulled documents from database of type: project","level":"info"}
{"message":"started app server at http://localhost:3000","level":"warn"}
{"message":"formed new connection to db","level":"info"}
{"message":"pulled property _id from documents of type project in db","level":"info"}
{"message":"pulled documents from database of type: project","level":"info"}
{"message":"pulled one document from db of type user","level":"info"}
{"message":"user m123123 entered homepage","level":"info"}
{"message":"user m123123 entered add project page","level":"info"}
{"message":"pulled property _id from documents of type project in db","level":"info"}
{"message":"pulled documents from database of type: project","level":"info"}
{"message":"pulled property _id from documents of type project in db","level":"info"}
{"message":"pulled documents from database of type: project","level":"info"}
{"message":"pulled property _id from documents of type project in db","level":"info"}
{"message":"pulled documents from database of type: project","level":"info"}
{"message":"pulled property _id from documents of type project in db","level":"info"}
{"message":"pulled documents from database of type: project","level":"info"}
{"message":"pulled property _id from documents of type project in db","level":"info"}
{"message":"pulled documents from database of type: project","level":"info"}
{"message":"started app server at http://localhost:3000","level":"warn"}
{"message":"formed new connection to db","level":"info"}
{"message":"pulled property _id from documents of type project in db","level":"info"}
{"message":"pulled documents from database of type: project","level":"info"}
{"message":"pulled one document from db of type user","level":"info"}
{"message":"user m123123 entered homepage","level":"info"}
{"message":"user m123123 entered add project page","level":"info"}
{"message":"saved new document to db of type project","level":"info"}
{"message":"user m123123 entered homepage","level":"info"}
{"message":"user m123123 entered homepage","level":"info"}
{"message":"user m123123 entered homepage","level":"info"}
{"message":"user m123123 entered homepage","level":"info"}
{"message":"user m123123 entered homepage","level":"info"}
{"message":"user m123123 entered homepage","level":"info"}
{"message":"user m123123 entered homepage","level":"info"}
{"message":"started app server at http://localhost:3000","level":"warn"}
{"message":"formed new connection to db","level":"info"}
{"message":"pulled property _id from documents of type project in db","level":"info"}
{"message":"pulled documents from database of type: project","level":"info"}
{"message":"pulled one document from db of type user","level":"info"}
{"message":"user m123123 entered homepage","level":"info"}
{"message":"user m123123 entered view project page","level":"info"}
{"message":"pulled property _id from documents of type project in db","level":"info"}
{"message":"pulled documents from database of type: project","level":"info"}
{"message":"pulled property _id from documents of type project in db","level":"info"}
{"message":"pulled documents from database of type: project","level":"info"}
{"message":"pulled property _id from documents of type project in db","level":"info"}
{"message":"pulled documents from database of type: project","level":"info"}
{"message":"pulled property _id from documents of type project in db","level":"info"}
{"message":"pulled documents from database of type: project","level":"info"}
{"message":"pulled property _id from documents of type project in db","level":"info"}
{"message":"pulled documents from database of type: project","level":"info"}
{"message":"pulled property _id from documents of type project in db","level":"info"}
{"message":"pulled documents from database of type: project","level":"info"}
{"message":"pulled property _id from documents of type project in db","level":"info"}
{"message":"pulled documents from database of type: project","level":"info"}
{"message":"pulled property _id from documents of type project in db","level":"info"}
{"message":"pulled documents from database of type: project","level":"info"}
{"message":"pulled property _id from documents of type project in db","level":"info"}
{"message":"pulled documents from database of type: project","level":"info"}
{"message":"pulled property _id from documents of type project in db","level":"info"}
{"message":"pulled documents from database of type: project","level":"info"}
{"message":"pulled property _id from documents of type project in db","level":"info"}
{"message":"pulled documents from database of type: project","level":"info"}
{"message":"pulled property _id from documents of type project in db","level":"info"}
{"message":"pulled documents from database of type: project","level":"info"}
{"message":"pulled property _id from documents of type project in db","level":"info"}
{"message":"pulled documents from database of type: project","level":"info"}
{"message":"pulled property _id from documents of type project in db","level":"info"}
{"message":"pulled documents from database of type: project","level":"info"}
{"message":"pulled property _id from documents of type project in db","level":"info"}
{"message":"pulled documents from database of type: project","level":"info"}
{"message":"pulled property _id from documents of type project in db","level":"info"}
{"message":"pulled documents from database of type: project","level":"info"}
{"message":"pulled property _id from documents of type project in db","level":"info"}
{"message":"pulled documents from database of type: project","level":"info"}
{"message":"pulled property _id from documents of type project in db","level":"info"}
{"message":"pulled documents from database of type: project","level":"info"}
{"message":"pulled property _id from documents of type project in db","level":"info"}
{"message":"pulled documents from database of type: project","level":"info"}
{"message":"pulled property _id from documents of type project in db","level":"info"}
{"message":"pulled documents from database of type: project","level":"info"}
{"message":"pulled property _id from documents of type project in db","level":"info"}
{"message":"pulled documents from database of type: project","level":"info"}
{"message":"pulled property _id from documents of type project in db","level":"info"}
{"message":"pulled documents from database of type: project","level":"info"}
{"message":"pulled property _id from documents of type project in db","level":"info"}
{"message":"pulled documents from database of type: project","level":"info"}
{"message":"pulled property _id from documents of type project in db","level":"info"}
{"message":"pulled documents from database of type: project","level":"info"}
